Archive member included to satisfy reference by file (symbol)

c:/st/stm32cubeide_1.9.0/stm32cubeide/plugins/com.st.stm32cube.ide.mcu.externaltools.gnu-tools-for-stm32.10.3-2021.10.win32_1.0.0.202111181127/tools/bin/../lib/gcc/arm-none-eabi/10.3.1/../../../../arm-none-eabi/lib/thumb/v7e-m+fp/hard\libc_nano.a(lib_a-errno.o)
                              ./Core/Src/syscalls.o (__errno)
c:/st/stm32cubeide_1.9.0/stm32cubeide/plugins/com.st.stm32cube.ide.mcu.externaltools.gnu-tools-for-stm32.10.3-2021.10.win32_1.0.0.202111181127/tools/bin/../lib/gcc/arm-none-eabi/10.3.1/../../../../arm-none-eabi/lib/thumb/v7e-m+fp/hard\libc_nano.a(lib_a-exit.o)
                              c:/st/stm32cubeide_1.9.0/stm32cubeide/plugins/com.st.stm32cube.ide.mcu.externaltools.gnu-tools-for-stm32.10.3-2021.10.win32_1.0.0.202111181127/tools/bin/../lib/gcc/arm-none-eabi/10.3.1/../../../../arm-none-eabi/lib/thumb/v7e-m+fp/hard/crt0.o (exit)
c:/st/stm32cubeide_1.9.0/stm32cubeide/plugins/com.st.stm32cube.ide.mcu.externaltools.gnu-tools-for-stm32.10.3-2021.10.win32_1.0.0.202111181127/tools/bin/../lib/gcc/arm-none-eabi/10.3.1/../../../../arm-none-eabi/lib/thumb/v7e-m+fp/hard\libc_nano.a(lib_a-findfp.o)
                              ./Middlewares/Third_Party/FreeRTOS/Source/tasks.o (__sf_fake_stderr)
c:/st/stm32cubeide_1.9.0/stm32cubeide/plugins/com.st.stm32cube.ide.mcu.externaltools.gnu-tools-for-stm32.10.3-2021.10.win32_1.0.0.202111181127/tools/bin/../lib/gcc/arm-none-eabi/10.3.1/../../../../arm-none-eabi/lib/thumb/v7e-m+fp/hard\libc_nano.a(lib_a-fwalk.o)
                              c:/st/stm32cubeide_1.9.0/stm32cubeide/plugins/com.st.stm32cube.ide.mcu.externaltools.gnu-tools-for-stm32.10.3-2021.10.win32_1.0.0.202111181127/tools/bin/../lib/gcc/arm-none-eabi/10.3.1/../../../../arm-none-eabi/lib/thumb/v7e-m+fp/hard\libc_nano.a(lib_a-findfp.o) (_fwalk)
c:/st/stm32cubeide_1.9.0/stm32cubeide/plugins/com.st.stm32cube.ide.mcu.externaltools.gnu-tools-for-stm32.10.3-2021.10.win32_1.0.0.202111181127/tools/bin/../lib/gcc/arm-none-eabi/10.3.1/../../../../arm-none-eabi/lib/thumb/v7e-m+fp/hard\libc_nano.a(lib_a-impure.o)
                              c:/st/stm32cubeide_1.9.0/stm32cubeide/plugins/com.st.stm32cube.ide.mcu.externaltools.gnu-tools-for-stm32.10.3-2021.10.win32_1.0.0.202111181127/tools/bin/../lib/gcc/arm-none-eabi/10.3.1/../../../../arm-none-eabi/lib/thumb/v7e-m+fp/hard\libc_nano.a(lib_a-exit.o) (_global_impure_ptr)
c:/st/stm32cubeide_1.9.0/stm32cubeide/plugins/com.st.stm32cube.ide.mcu.externaltools.gnu-tools-for-stm32.10.3-2021.10.win32_1.0.0.202111181127/tools/bin/../lib/gcc/arm-none-eabi/10.3.1/../../../../arm-none-eabi/lib/thumb/v7e-m+fp/hard\libc_nano.a(lib_a-init.o)
                              c:/st/stm32cubeide_1.9.0/stm32cubeide/plugins/com.st.stm32cube.ide.mcu.externaltools.gnu-tools-for-stm32.10.3-2021.10.win32_1.0.0.202111181127/tools/bin/../lib/gcc/arm-none-eabi/10.3.1/../../../../arm-none-eabi/lib/thumb/v7e-m+fp/hard/crt0.o (__libc_init_array)
c:/st/stm32cubeide_1.9.0/stm32cubeide/plugins/com.st.stm32cube.ide.mcu.externaltools.gnu-tools-for-stm32.10.3-2021.10.win32_1.0.0.202111181127/tools/bin/../lib/gcc/arm-none-eabi/10.3.1/../../../../arm-none-eabi/lib/thumb/v7e-m+fp/hard\libc_nano.a(lib_a-lock.o)
                              c:/st/stm32cubeide_1.9.0/stm32cubeide/plugins/com.st.stm32cube.ide.mcu.externaltools.gnu-tools-for-stm32.10.3-2021.10.win32_1.0.0.202111181127/tools/bin/../lib/gcc/arm-none-eabi/10.3.1/../../../../arm-none-eabi/lib/thumb/v7e-m+fp/hard\libc_nano.a(lib_a-findfp.o) (__retarget_lock_init_recursive)
c:/st/stm32cubeide_1.9.0/stm32cubeide/plugins/com.st.stm32cube.ide.mcu.externaltools.gnu-tools-for-stm32.10.3-2021.10.win32_1.0.0.202111181127/tools/bin/../lib/gcc/arm-none-eabi/10.3.1/../../../../arm-none-eabi/lib/thumb/v7e-m+fp/hard\libc_nano.a(lib_a-malloc.o)
                              ./Core/Src/main.o (malloc)
c:/st/stm32cubeide_1.9.0/stm32cubeide/plugins/com.st.stm32cube.ide.mcu.externaltools.gnu-tools-for-stm32.10.3-2021.10.win32_1.0.0.202111181127/tools/bin/../lib/gcc/arm-none-eabi/10.3.1/../../../../arm-none-eabi/lib/thumb/v7e-m+fp/hard\libc_nano.a(lib_a-memcpy-stub.o)
                              ./Middlewares/Third_Party/FreeRTOS/Source/CMSIS_RTOS_V2/cmsis_os2.o (memcpy)
c:/st/stm32cubeide_1.9.0/stm32cubeide/plugins/com.st.stm32cube.ide.mcu.externaltools.gnu-tools-for-stm32.10.3-2021.10.win32_1.0.0.202111181127/tools/bin/../lib/gcc/arm-none-eabi/10.3.1/../../../../arm-none-eabi/lib/thumb/v7e-m+fp/hard\libc_nano.a(lib_a-memset.o)
                              c:/st/stm32cubeide_1.9.0/stm32cubeide/plugins/com.st.stm32cube.ide.mcu.externaltools.gnu-tools-for-stm32.10.3-2021.10.win32_1.0.0.202111181127/tools/bin/../lib/gcc/arm-none-eabi/10.3.1/../../../../arm-none-eabi/lib/thumb/v7e-m+fp/hard/crt0.o (memset)
[...]
Memory Configuration

Name             Origin             Length             Attributes
RAM              0x0000000020000000 0x0000000000020000 xrw
FLASH            0x0000000008000000 0x0000000000080000 xr
*default*        0x0000000000000000 0xffffffffffffffff

Linker script and memory map

LOAD c:/st/stm32cubeide_1.9.0/stm32cubeide/plugins/com.st.stm32cube.ide.mcu.externaltools.gnu-tools-for-stm32.10.3-2021.10.win32_1.0.0.202111181127/tools/bin/../lib/gcc/arm-none-eabi/10.3.1/thumb/v7e-m+fp/hard/crti.o
LOAD c:/st/stm32cubeide_1.9.0/stm32cubeide/plugins/com.st.stm32cube.ide.mcu.externaltools.gnu-tools-for-stm32.10.3-2021.10.win32_1.0.0.202111181127/tools/bin/../lib/gcc/arm-none-eabi/10.3.1/thumb/v7e-m+fp/hard/crtbegin.o
LOAD c:/st/stm32cubeide_1.9.0/stm32cubeide/plugins/com.st.stm32cube.ide.mcu.externaltools.gnu-tools-for-stm32.10.3-2021.10.win32_1.0.0.202111181127/tools/bin/../lib/gcc/arm-none-eabi/10.3.1/../../../../arm-none-eabi/lib/thumb/v7e-m+fp/hard/crt0.o
LOAD ./Core/Src/EEG_simulation.o
LOAD ./Core/Src/freertos.o
LOAD ./Core/Src/main.o
LOAD ./Core/Src/stm32f4xx_hal_msp.o
LOAD ./Core/Src/stm32f4xx_hal_timebase_tim.o
LOAD ./Core/Src/stm32f4xx_it.o
LOAD ./Core/Src/syscalls.o
LOAD ./Core/Src/sysmem.o
LOAD ./Core/Src/system_stm32f4xx.o
LOAD ./Core/Startup/startup_stm32f411ceux.o
LOAD ./Drivers/STM32F4xx_HAL_Driver/Src/stm32f4xx_hal.o
LOAD ./Drivers/STM32F4xx_HAL_Driver/Src/stm32f4xx_hal_cortex.o
LOAD ./Drivers/STM32F4xx_HAL_Driver/Src/stm32f4xx_hal_dma.o
LOAD ./Drivers/STM32F4xx_HAL_Driver/Src/stm32f4xx_hal_dma_ex.o
LOAD ./Drivers/STM32F4xx_HAL_Driver/Src/stm32f4xx_hal_exti.o
LOAD ./Drivers/STM32F4xx_HAL_Driver/Src/stm32f4xx_hal_flash.o
LOAD ./Drivers/STM32F4xx_HAL_Driver/Src/stm32f4xx_hal_flash_ex.o
LOAD ./Drivers/STM32F4xx_HAL_Driver/Src/stm32f4xx_hal_flash_ramfunc.o
LOAD ./Drivers/STM32F4xx_HAL_Driver/Src/stm32f4xx_hal_gpio.o
LOAD ./Drivers/STM32F4xx_HAL_Driver/Src/stm32f4xx_hal_pcd.o
LOAD ./Drivers/STM32F4xx_HAL_Driver/Src/stm32f4xx_hal_pcd_ex.o
LOAD ./Drivers/STM32F4xx_HAL_Driver/Src/stm32f4xx_hal_pwr.o
LOAD ./Drivers/STM32F4xx_HAL_Driver/Src/stm32f4xx_hal_pwr_ex.o
LOAD ./Drivers/STM32F4xx_HAL_Driver/Src/stm32f4xx_hal_rcc.o
LOAD ./Drivers/STM32F4xx_HAL_Driver/Src/stm32f4xx_hal_rcc_ex.o
LOAD ./Drivers/STM32F4xx_HAL_Driver/Src/stm32f4xx_hal_spi.o
LOAD ./Drivers/STM32F4xx_HAL_Driver/Src/stm32f4xx_hal_tim.o
LOAD ./Drivers/STM32F4xx_HAL_Driver/Src/stm32f4xx_hal_tim_ex.o
LOAD ./Drivers/STM32F4xx_HAL_Driver/Src/stm32f4xx_hal_usart.o
LOAD ./Drivers/STM32F4xx_HAL_Driver/Src/stm32f4xx_ll_usb.o
LOAD ./Middlewares/ST/STM32_USB_Device_Library/Class/CDC/Src/usbd_cdc.o
LOAD ./Middlewares/ST/STM32_USB_Device_Library/Core/Src/usbd_core.o
LOAD ./Middlewares/ST/STM32_USB_Device_Library/Core/Src/usbd_ctlreq.o
LOAD ./Middlewares/ST/STM32_USB_Device_Library/Core/Src/usbd_ioreq.o
LOAD ./Middlewares/Third_Party/FreeRTOS/Source/CMSIS_RTOS_V2/cmsis_os2.o
LOAD ./Middlewares/Third_Party/FreeRTOS/Source/croutine.o
LOAD ./Middlewares/Third_Party/FreeRTOS/Source/event_groups.o
LOAD ./Middlewares/Third_Party/FreeRTOS/Source/list.o
LOAD ./Middlewares/Third_Party/FreeRTOS/Source/queue.o
LOAD ./Middlewares/Third_Party/FreeRTOS/Source/stream_buffer.o
LOAD ./Middlewares/Third_Party/FreeRTOS/Source/tasks.o
LOAD ./Middlewares/Third_Party/FreeRTOS/Source/timers.o
LOAD ./Middlewares/Third_Party/FreeRTOS/Source/portable/GCC/ARM_CM4F/port.o
LOAD ./Middlewares/Third_Party/FreeRTOS/Source/portable/MemMang/heap_4.o
LOAD ./USB_DEVICE/App/usb_device.o
LOAD ./USB_DEVICE/App/usbd_cdc_if.o
LOAD ./USB_DEVICE/App/usbd_desc.o
LOAD ./USB_DEVICE/Target/usbd_conf.o
START GROUP
LOAD c:/st/stm32cubeide_1.9.0/stm32cubeide/plugins/com.st.stm32cube.ide.mcu.externaltools.gnu-tools-for-stm32.10.3-2021.10.win32_1.0.0.202111181127/tools/bin/../lib/gcc/arm-none-eabi/10.3.1/../../../../arm-none-eabi/lib/thumb/v7e-m+fp/hard\libc_nano.a
LOAD c:/st/stm32cubeide_1.9.0/stm32cubeide/plugins/com.st.stm32cube.ide.mcu.externaltools.gnu-tools-for-stm32.10.3-2021.10.win32_1.0.0.202111181127/tools/bin/../lib/gcc/arm-none-eabi/10.3.1/../../../../arm-none-eabi/lib/thumb/v7e-m+fp/hard\libm.a
END GROUP
START GROUP
LOAD c:/st/stm32cubeide_1.9.0/stm32cubeide/plugins/com.st.stm32cube.ide.mcu.externaltools.gnu-tools-for-stm32.10.3-2021.10.win32_1.0.0.202111181127/tools/bin/../lib/gcc/arm-none-eabi/10.3.1/thumb/v7e-m+fp/hard\libgcc.a
LOAD c:/st/stm32cubeide_1.9.0/stm32cubeide/plugins/com.st.stm32cube.ide.mcu.externaltools.gnu-tools-for-stm32.10.3-2021.10.win32_1.0.0.202111181127/tools/bin/../lib/gcc/arm-none-eabi/10.3.1/../../../../arm-none-eabi/lib/thumb/v7e-m+fp/hard\libc_nano.a
END GROUP
START GROUP
LOAD c:/st/stm32cubeide_1.9.0/stm32cubeide/plugins/com.st.stm32cube.ide.mcu.externaltools.gnu-tools-for-stm32.10.3-2021.10.win32_1.0.0.202111181127/tools/bin/../lib/gcc/arm-none-eabi/10.3.1/thumb/v7e-m+fp/hard\libgcc.a
LOAD c:/st/stm32cubeide_1.9.0/stm32cubeide/plugins/com.st.stm32cube.ide.mcu.externaltools.gnu-tools-for-stm32.10.3-2021.10.win32_1.0.0.202111181127/tools/bin/../lib/gcc/arm-none-eabi/10.3.1/../../../../arm-none-eabi/lib/thumb/v7e-m+fp/hard\libc_nano.a
LOAD c:/st/stm32cubeide_1.9.0/stm32cubeide/plugins/com.st.stm32cube.ide.mcu.externaltools.gnu-tools-for-stm32.10.3-2021.10.win32_1.0.0.202111181127/tools/bin/../lib/gcc/arm-none-eabi/10.3.1/../../../../arm-none-eabi/lib/thumb/v7e-m+fp/hard\libnosys.a
END GROUP
START GROUP
LOAD c:/st/stm32cubeide_1.9.0/stm32cubeide/plugins/com.st.stm32cube.ide.mcu.externaltools.gnu-tools-for-stm32.10.3-2021.10.win32_1.0.0.202111181127/tools/bin/../lib/gcc/arm-none-eabi/10.3.1/thumb/v7e-m+fp/hard\libgcc.a
LOAD c:/st/stm32cubeide_1.9.0/stm32cubeide/plugins/com.st.stm32cube.ide.mcu.externaltools.gnu-tools-for-stm32.10.3-2021.10.win32_1.0.0.202111181127/tools/bin/../lib/gcc/arm-none-eabi/10.3.1/../../../../arm-none-eabi/lib/thumb/v7e-m+fp/hard\libc_nano.a
LOAD c:/st/stm32cubeide_1.9.0/stm32cubeide/plugins/com.st.stm32cube.ide.mcu.externaltools.gnu-tools-for-stm32.10.3-2021.10.win32_1.0.0.202111181127/tools/bin/../lib/gcc/arm-none-eabi/10.3.1/../../../../arm-none-eabi/lib/thumb/v7e-m+fp/hard\libnosys.a
END GROUP
LOAD c:/st/stm32cubeide_1.9.0/stm32cubeide/plugins/com.st.stm32cube.ide.mcu.externaltools.gnu-tools-for-stm32.10.3-2021.10.win32_1.0.0.202111181127/tools/bin/../lib/gcc/arm-none-eabi/10.3.1/thumb/v7e-m+fp/hard/crtend.o
LOAD c:/st/stm32cubeide_1.9.0/stm32cubeide/plugins/com.st.stm32cube.ide.mcu.externaltools.gnu-tools-for-stm32.10.3-2021.10.win32_1.0.0.202111181127/tools/bin/../lib/gcc/arm-none-eabi/10.3.1/thumb/v7e-m+fp/hard/crtn.o
                0x0000000020020000                _estack = (ORIGIN (RAM) + LENGTH (RAM))
                0x0000000000000200                _Min_Heap_Size = 0x200
                0x0000000000000400                _Min_Stack_Size = 0x400

.isr_vector     0x0000000008000000      0x198
                0x0000000008000000                . = ALIGN (0x4)
 *(.isr_vector)
 .isr_vector    0x0000000008000000      0x198 ./Core/Startup/startup_stm32f411ceux.o
                0x0000000008000000                g_pfnVectors
                0x0000000008000198                . = ALIGN (0x4)

.text           0x00000000080001a0     0xbb04
                0x00000000080001a0                . = ALIGN (0x4)
 *(.text)
 .text          0x00000000080001a0       0x40 c:/st/stm32cubeide_1.9.0/stm32cubeide/plugins/com.st.stm32cube.ide.mcu.externaltools.gnu-tools-for-stm32.10.3-2021.10.win32_1.0.0.202111181127/tools/bin/../lib/gcc/arm-none-eabi/10.3.1/thumb/v7e-m+fp/hard/crtbegin.o
 .text          0x00000000080001e0       0x30 c:/st/stm32cubeide_1.9.0/stm32cubeide/plugins/com.st.stm32cube.ide.mcu.externaltools.gnu-tools-for-stm32.10.3-2021.10.win32_1.0.0.202111181127/tools/bin/../lib/gcc/arm-none-eabi/10.3.1/thumb/v7e-m+fp/hard\libgcc.a(_aeabi_uldivmod.o)
                0x00000000080001e0                __aeabi_uldivmod
 .text          0x0000000008000210      0x2d0 c:/st/stm32cubeide_1.9.0/stm32cubeide/plugins/com.st.stm32cube.ide.mcu.externaltools.gnu-tools-for-stm32.10.3-2021.10.win32_1.0.0.202111181127/tools/bin/../lib/gcc/arm-none-eabi/10.3.1/thumb/v7e-m+fp/hard\libgcc.a(_udivmoddi4.o)
                0x0000000008000210                __udivmoddi4
 .text          0x00000000080004e0        0x4 c:/st/stm32cubeide_1.9.0/stm32cubeide/plugins/com.st.stm32cube.ide.mcu.externaltools.gnu-tools-for-stm32.10.3-2021.10.win32_1.0.0.202111181127/tools/bin/../lib/gcc/arm-none-eabi/10.3.1/thumb/v7e-m+fp/hard\libgcc.a(_dvmd_tls.o)
                0x00000000080004e0                __aeabi_idiv0
                0x00000000080004e0                __aeabi_ldiv0
 *(.text*)
 .text.init_dac_handler
                0x00000000080004e4       0x38 ./Core/Src/EEG_simulation.o
                0x00000000080004e4                init_dac_handler
 .text.reset_dacs_config
                0x000000000800051c       0x46 ./Core/Src/EEG_simulation.o
                0x000000000800051c                reset_dacs_config
 .text.init_LDAC_in_dacs
                0x0000000008000562       0x48 ./Core/Src/EEG_simulation.o
                0x0000000008000562                init_LDAC_in_dacs
 .text.init_LDAC
                0x00000000080005aa       0x32 ./Core/Src/EEG_simulation.o
                0x00000000080005aa                init_LDAC
 .text.parse_receiving_buffer
                0x00000000080005dc       0x4e ./Core/Src/EEG_simulation.o
                0x00000000080005dc                parse_receiving_buffer
 .text.parse_tag_and_channel_from_config
                0x000000000800062a       0x36 ./Core/Src/EEG_simulation.o
                0x000000000800062a                parse_tag_and_channel_from_config
 .text.send_data_to_dac_channel
                0x0000000008000660       0x78 ./Core/Src/EEG_simulation.o
                0x0000000008000660                send_data_to_dac_channel
 .text.get_dac_channel_addr_mask
                0x00000000080006d8       0x24 ./Core/Src/EEG_simulation.o
                0x00000000080006d8                get_dac_channel_addr_mask
 .text.send_configuration_to_dacs
                0x00000000080006fc       0x44 ./Core/Src/EEG_simulation.o
                0x00000000080006fc                send_configuration_to_dacs
 .text.trigger_LDAC
                0x0000000008000740       0x20 ./Core/Src/EEG_simulation.o
                0x0000000008000740                trigger_LDAC
 .text.config_sample_rate_delay
                0x0000000008000760       0x30 ./Core/Src/EEG_simulation.o
                0x0000000008000760                config_sample_rate_delay
 .text._send_word_to_dac
                0x0000000008000790       0x5c ./Core/Src/EEG_simulation.o
                0x0000000008000790                _send_word_to_dac
 .text.init_data_queue
                0x00000000080007ec       0x32 ./Core/Src/EEG_simulation.o
                0x00000000080007ec                init_data_queue
 .text.enqueue_data
                0x000000000800081e       0x5c ./Core/Src/EEG_simulation.o
                0x000000000800081e                enqueue_data
 .text.dequeue_data
                0x000000000800087a       0x5c ./Core/Src/EEG_simulation.o
                0x000000000800087a                dequeue_data
 .text.is_queue_full
                0x00000000080008d6       0x26 ./Core/Src/EEG_simulation.o
                0x00000000080008d6                is_queue_full
 .text.is_queue_empty
                0x00000000080008fc       0x22 ./Core/Src/EEG_simulation.o
                0x00000000080008fc                is_queue_empty
 *fill*         0x000000000800091e        0x2 
 .text.main     0x0000000008000920      0x190 ./Core/Src/main.o
                0x0000000008000920                main
 .text.SystemClock_Config
                0x0000000008000ab0       0xd0 ./Core/Src/main.o
                0x0000000008000ab0                SystemClock_Config
 .text.MX_SPI1_Init
                0x0000000008000b80       0x70 ./Core/Src/main.o
 .text.MX_SPI3_Init
                0x0000000008000bf0       0x70 ./Core/Src/main.o
 .text.MX_SPI4_Init
                0x0000000008000c60       0x70 ./Core/Src/main.o
 .text.MX_SPI5_Init
                0x0000000008000cd0       0x70 ./Core/Src/main.o
 .text.MX_USART1_Init
                0x0000000008000d40       0x58 ./Core/Src/main.o
 .text.MX_GPIO_Init
                0x0000000008000d98       0xf8 ./Core/Src/main.o
 .text.StartSendDataToDACs
                0x0000000008000e90       0x90 ./Core/Src/main.o
                0x0000000008000e90                StartSendDataToDACs
 .text.StartTask02
                0x0000000008000f20       0x14 ./Core/Src/main.o
                0x0000000008000f20                StartTask02
 .text.HAL_TIM_PeriodElapsedCallback
                0x0000000008000f34       0x24 ./Core/Src/main.o
                0x0000000008000f34                HAL_TIM_PeriodElapsedCallback
 .text.Error_Handler
                0x0000000008000f58        0xa ./Core/Src/main.o
                0x0000000008000f58                Error_Handler
 *fill*         0x0000000008000f62        0x2 
 .text.HAL_MspInit
                0x0000000008000f64       0x58 ./Core/Src/stm32f4xx_hal_msp.o
                0x0000000008000f64                HAL_MspInit
 .text.HAL_SPI_MspInit
                0x0000000008000fbc      0x248 ./Core/Src/stm32f4xx_hal_msp.o
                0x0000000008000fbc                HAL_SPI_MspInit
 .text.HAL_USART_MspInit
                0x0000000008001204       0xd0 ./Core/Src/stm32f4xx_hal_msp.o
                0x0000000008001204                HAL_USART_MspInit
 .text.HAL_InitTick
                0x00000000080012d4       0xb0 ./Core/Src/stm32f4xx_hal_timebase_tim.o
                0x00000000080012d4                HAL_InitTick
 .text.NMI_Handler
                0x0000000008001384        0x6 ./Core/Src/stm32f4xx_it.o
                0x0000000008001384                NMI_Handler
 .text.HardFault_Handler
                0x000000000800138a        0x6 ./Core/Src/stm32f4xx_it.o
                0x000000000800138a                HardFault_Handler
 .text.MemManage_Handler
                0x0000000008001390        0x6 ./Core/Src/stm32f4xx_it.o
                0x0000000008001390                MemManage_Handler
 .text.BusFault_Handler
                0x0000000008001396        0x6 ./Core/Src/stm32f4xx_it.o
                0x0000000008001396                BusFault_Handler
 .text.UsageFault_Handler
                0x000000000800139c        0x6 ./Core/Src/stm32f4xx_it.o
                0x000000000800139c                UsageFault_Handler
 .text.DebugMon_Handler
                0x00000000080013a2        0xe ./Core/Src/stm32f4xx_it.o
                0x00000000080013a2                DebugMon_Handler
 .text.TIM1_BRK_TIM9_IRQHandler
                0x00000000080013b0       0x14 ./Core/Src/stm32f4xx_it.o
                0x00000000080013b0                TIM1_BRK_TIM9_IRQHandler
 .text.OTG_FS_IRQHandler
                0x00000000080013c4       0x14 ./Core/Src/stm32f4xx_it.o
                0x00000000080013c4                OTG_FS_IRQHandler
 .text._sbrk    0x00000000080013d8       0x6c ./Core/Src/sysmem.o
                0x00000000080013d8                _sbrk
 .text.SystemInit
                0x0000000008001444       0x24 ./Core/Src/system_stm32f4xx.o
                0x0000000008001444                SystemInit
 .text.Reset_Handler
                0x0000000008001468       0x50 ./Core/Startup/startup_stm32f411ceux.o
                0x0000000008001468                Reset_Handler
 .text.Default_Handler
                0x00000000080014b8        0x2 ./Core/Startup/startup_stm32f411ceux.o
                0x00000000080014b8                RTC_Alarm_IRQHandler
                0x00000000080014b8                EXTI2_IRQHandler
                0x00000000080014b8                SPI4_IRQHandler
                0x00000000080014b8                TIM1_CC_IRQHandler
                0x00000000080014b8                DMA2_Stream5_IRQHandler
                0x00000000080014b8                DMA1_Stream5_IRQHandler
                0x00000000080014b8                PVD_IRQHandler
                0x00000000080014b8                SDIO_IRQHandler
                0x00000000080014b8                TAMP_STAMP_IRQHandler
                0x00000000080014b8                EXTI3_IRQHandler
                0x00000000080014b8                TIM1_UP_TIM10_IRQHandler
                0x00000000080014b8                I2C3_ER_IRQHandler
                0x00000000080014b8                EXTI0_IRQHandler
                0x00000000080014b8                I2C2_EV_IRQHandler
                0x00000000080014b8                DMA1_Stream2_IRQHandler
                0x00000000080014b8                FPU_IRQHandler
                0x00000000080014b8                DMA2_Stream2_IRQHandler
                0x00000000080014b8                SPI1_IRQHandler
                0x00000000080014b8                DMA2_Stream3_IRQHandler
                0x00000000080014b8                USART6_IRQHandler
                0x00000000080014b8                DMA2_Stream0_IRQHandler
                0x00000000080014b8                TIM4_IRQHandler
                0x00000000080014b8                I2C1_EV_IRQHandler
                0x00000000080014b8                DMA1_Stream6_IRQHandler
                0x00000000080014b8                DMA1_Stream1_IRQHandler
                0x00000000080014b8                TIM3_IRQHandler
                0x00000000080014b8                RCC_IRQHandler
                0x00000000080014b8                Default_Handler
                0x00000000080014b8                EXTI15_10_IRQHandler
                0x00000000080014b8                ADC_IRQHandler
                0x00000000080014b8                DMA1_Stream7_IRQHandler
                0x00000000080014b8                SPI5_IRQHandler
                0x00000000080014b8                TIM5_IRQHandler
                0x00000000080014b8                DMA2_Stream7_IRQHandler
                0x00000000080014b8                I2C3_EV_IRQHandler
                0x00000000080014b8                EXTI9_5_IRQHandler
                0x00000000080014b8                RTC_WKUP_IRQHandler
                0x00000000080014b8                SPI2_IRQHandler
                0x00000000080014b8                DMA1_Stream0_IRQHandler
                0x00000000080014b8                EXTI4_IRQHandler
                0x00000000080014b8                WWDG_IRQHandler
                0x00000000080014b8                TIM2_IRQHandler
                0x00000000080014b8                OTG_FS_WKUP_IRQHandler
                0x00000000080014b8                TIM1_TRG_COM_TIM11_IRQHandler
                0x00000000080014b8                EXTI1_IRQHandler
                0x00000000080014b8                USART2_IRQHandler
                0x00000000080014b8                I2C2_ER_IRQHandler
                0x00000000080014b8                DMA2_Stream1_IRQHandler
                0x00000000080014b8                FLASH_IRQHandler
                0x00000000080014b8                DMA2_Stream4_IRQHandler
                0x00000000080014b8                USART1_IRQHandler
                0x00000000080014b8                SPI3_IRQHandler
                0x00000000080014b8                DMA1_Stream4_IRQHandler
                0x00000000080014b8                I2C1_ER_IRQHandler
                0x00000000080014b8                DMA2_Stream6_IRQHandler
                0x00000000080014b8                DMA1_Stream3_IRQHandler
 *fill*         0x00000000080014ba        0x2 
 .text.HAL_Init
                0x00000000080014bc       0x44 ./Drivers/STM32F4xx_HAL_Driver/Src/stm32f4xx_hal.o
                0x00000000080014bc                HAL_Init
 .text.HAL_IncTick
                0x0000000008001500       0x28 ./Drivers/STM32F4xx_HAL_Driver/Src/stm32f4xx_hal.o
                0x0000000008001500                HAL_IncTick
 .text.HAL_GetTick
                0x0000000008001528       0x18 ./Drivers/STM32F4xx_HAL_Driver/Src/stm32f4xx_hal.o
                0x0000000008001528                HAL_GetTick
 .text.HAL_Delay
                0x0000000008001540       0x48 ./Drivers/STM32F4xx_HAL_Driver/Src/stm32f4xx_hal.o
                0x0000000008001540                HAL_Delay
 .text.__NVIC_SetPriorityGrouping
                0x0000000008001588       0x48 ./Drivers/STM32F4xx_HAL_Driver/Src/stm32f4xx_hal_cortex.o
 .text.__NVIC_GetPriorityGrouping
                0x00000000080015d0       0x1c ./Drivers/STM32F4xx_HAL_Driver/Src/stm32f4xx_hal_cortex.o
 .text.__NVIC_EnableIRQ
                0x00000000080015ec       0x3c ./Drivers/STM32F4xx_HAL_Driver/Src/stm32f4xx_hal_cortex.o
 .text.__NVIC_SetPriority
                0x0000000008001628       0x54 ./Drivers/STM32F4xx_HAL_Driver/Src/stm32f4xx_hal_cortex.o
 .text.NVIC_EncodePriority
                0x000000000800167c       0x66 ./Drivers/STM32F4xx_HAL_Driver/Src/stm32f4xx_hal_cortex.o
 .text.HAL_NVIC_SetPriorityGrouping
                0x00000000080016e2       0x16 ./Drivers/STM32F4xx_HAL_Driver/Src/stm32f4xx_hal_cortex.o
                0x00000000080016e2                HAL_NVIC_SetPriorityGrouping
 .text.HAL_NVIC_SetPriority
                0x00000000080016f8       0x38 ./Drivers/STM32F4xx_HAL_Driver/Src/stm32f4xx_hal_cortex.o
                0x00000000080016f8                HAL_NVIC_SetPriority
 .text.HAL_NVIC_EnableIRQ
                0x0000000008001730       0x1c ./Drivers/STM32F4xx_HAL_Driver/Src/stm32f4xx_hal_cortex.o
                0x0000000008001730                HAL_NVIC_EnableIRQ
 .text.HAL_GPIO_Init
                0x000000000800174c      0x308 ./Drivers/STM32F4xx_HAL_Driver/Src/stm32f4xx_hal_gpio.o
                0x000000000800174c                HAL_GPIO_Init
 .text.HAL_GPIO_WritePin
                0x0000000008001a54       0x32 ./Drivers/STM32F4xx_HAL_Driver/Src/stm32f4xx_hal_gpio.o
                0x0000000008001a54                HAL_GPIO_WritePin
 .text.HAL_PCD_Init
                0x0000000008001a86      0x23a ./Drivers/STM32F4xx_HAL_Driver/Src/stm32f4xx_hal_pcd.o
                0x0000000008001a86                HAL_PCD_Init
 .text.HAL_PCD_Start
                0x0000000008001cc0       0x66 ./Drivers/STM32F4xx_HAL_Driver/Src/stm32f4xx_hal_pcd.o
                0x0000000008001cc0                HAL_PCD_Start
 .text.HAL_PCD_IRQHandler
                0x0000000008001d26      0x93e ./Drivers/STM32F4xx_HAL_Driver/Src/stm32f4xx_hal_pcd.o
                0x0000000008001d26                HAL_PCD_IRQHandler
 .text.HAL_PCD_SetAddress
                0x0000000008002664       0x4a ./Drivers/STM32F4xx_HAL_Driver/Src/stm32f4xx_hal_pcd.o
                0x0000000008002664                HAL_PCD_SetAddress
 .text.HAL_PCD_EP_Open
                0x00000000080026ae       0xd0 ./Drivers/STM32F4xx_HAL_Driver/Src/stm32f4xx_hal_pcd.o
                0x00000000080026ae                HAL_PCD_EP_Open
 .text.HAL_PCD_EP_Close
                0x000000000800277e       0x94 ./Drivers/STM32F4xx_HAL_Driver/Src/stm32f4xx_hal_pcd.o
                0x000000000800277e                HAL_PCD_EP_Close
 .text.HAL_PCD_EP_Receive
                0x0000000008002812       0x96 ./Drivers/STM32F4xx_HAL_Driver/Src/stm32f4xx_hal_pcd.o
                0x0000000008002812                HAL_PCD_EP_Receive
 .text.HAL_PCD_EP_GetRxCount
                0x00000000080028a8       0x30 ./Drivers/STM32F4xx_HAL_Driver/Src/stm32f4xx_hal_pcd.o
                0x00000000080028a8                HAL_PCD_EP_GetRxCount
 .text.HAL_PCD_EP_Transmit
                0x00000000080028d8       0x94 ./Drivers/STM32F4xx_HAL_Driver/Src/stm32f4xx_hal_pcd.o
                0x00000000080028d8                HAL_PCD_EP_Transmit
 .text.HAL_PCD_EP_SetStall
                0x000000000800296c       0xc8 ./Drivers/STM32F4xx_HAL_Driver/Src/stm32f4xx_hal_pcd.o
                0x000000000800296c                HAL_PCD_EP_SetStall
 .text.HAL_PCD_EP_ClrStall
                0x0000000008002a34       0xac ./Drivers/STM32F4xx_HAL_Driver/Src/stm32f4xx_hal_pcd.o
                0x0000000008002a34                HAL_PCD_EP_ClrStall
 .text.HAL_PCD_EP_Abort
                0x0000000008002ae0       0x62 ./Drivers/STM32F4xx_HAL_Driver/Src/stm32f4xx_hal_pcd.o
                0x0000000008002ae0                HAL_PCD_EP_Abort
 .text.PCD_WriteEmptyTxFifo
                0x0000000008002b42      0x11a ./Drivers/STM32F4xx_HAL_Driver/Src/stm32f4xx_hal_pcd.o
 .text.PCD_EP_OutXfrComplete_int
                0x0000000008002c5c      0x1d0 ./Drivers/STM32F4xx_HAL_Driver/Src/stm32f4xx_hal_pcd.o
 .text.PCD_EP_OutSetupPacket_int
                0x0000000008002e2c       0x8c ./Drivers/STM32F4xx_HAL_Driver/Src/stm32f4xx_hal_pcd.o
 .text.HAL_PCDEx_SetTxFiFo
                0x0000000008002eb8       0x8e ./Drivers/STM32F4xx_HAL_Driver/Src/stm32f4xx_hal_pcd_ex.o
                0x0000000008002eb8                HAL_PCDEx_SetTxFiFo
 .text.HAL_PCDEx_SetRxFiFo
                0x0000000008002f46       0x22 ./Drivers/STM32F4xx_HAL_Driver/Src/stm32f4xx_hal_pcd_ex.o
                0x0000000008002f46                HAL_PCDEx_SetRxFiFo
 .text.HAL_PCDEx_LPM_Callback
                0x0000000008002f68       0x18 ./Drivers/STM32F4xx_HAL_Driver/Src/stm32f4xx_hal_pcd_ex.o
                0x0000000008002f68                HAL_PCDEx_LPM_Callback
 .text.HAL_RCC_OscConfig
                0x0000000008002f80      0x4f0 ./Drivers/STM32F4xx_HAL_Driver/Src/stm32f4xx_hal_rcc.o
                0x0000000008002f80                HAL_RCC_OscConfig
 .text.HAL_RCC_ClockConfig
                0x0000000008003470      0x1cc ./Drivers/STM32F4xx_HAL_Driver/Src/stm32f4xx_hal_rcc.o
                0x0000000008003470                HAL_RCC_ClockConfig
 .text.HAL_RCC_GetSysClockFreq
                0x000000000800363c      0x18c ./Drivers/STM32F4xx_HAL_Driver/Src/stm32f4xx_hal_rcc.o
                0x000000000800363c                HAL_RCC_GetSysClockFreq
 .text.HAL_RCC_GetHCLKFreq
                0x00000000080037c8       0x18 ./Drivers/STM32F4xx_HAL_Driver/Src/stm32f4xx_hal_rcc.o
                0x00000000080037c8                HAL_RCC_GetHCLKFreq
 .text.HAL_RCC_GetPCLK1Freq
                0x00000000080037e0       0x28 ./Drivers/STM32F4xx_HAL_Driver/Src/stm32f4xx_hal_rcc.o
                0x00000000080037e0                HAL_RCC_GetPCLK1Freq
 .text.HAL_RCC_GetPCLK2Freq
                0x0000000008003808       0x28 ./Drivers/STM32F4xx_HAL_Driver/Src/stm32f4xx_hal_rcc.o
                0x0000000008003808                HAL_RCC_GetPCLK2Freq
 .text.HAL_RCC_GetClockConfig
                0x0000000008003830       0x64 ./Drivers/STM32F4xx_HAL_Driver/Src/stm32f4xx_hal_rcc.o
                0x0000000008003830                HAL_RCC_GetClockConfig
 .text.HAL_SPI_Init
                0x0000000008003894      0x112 ./Drivers/STM32F4xx_HAL_Driver/Src/stm32f4xx_hal_spi.o
                0x0000000008003894                HAL_SPI_Init
 .text.HAL_SPI_Transmit
                0x00000000080039a6      0x278 ./Drivers/STM32F4xx_HAL_Driver/Src/stm32f4xx_hal_spi.o
                0x00000000080039a6                HAL_SPI_Transmit
 *fill*         0x0000000008003c1e        0x2 
 .text.SPI_WaitFlagStateUntilTimeout
                0x0000000008003c20      0x110 ./Drivers/STM32F4xx_HAL_Driver/Src/stm32f4xx_hal_spi.o
 .text.SPI_EndRxTxTransaction
                0x0000000008003d30       0x84 ./Drivers/STM32F4xx_HAL_Driver/Src/stm32f4xx_hal_spi.o
 .text.HAL_TIM_Base_Init
                0x0000000008003db4       0x9e ./Drivers/STM32F4xx_HAL_Driver/Src/stm32f4xx_hal_tim.o
                0x0000000008003db4                HAL_TIM_Base_Init
 .text.HAL_TIM_Base_MspInit
                0x0000000008003e52       0x14 ./Drivers/STM32F4xx_HAL_Driver/Src/stm32f4xx_hal_tim.o
                0x0000000008003e52                HAL_TIM_Base_MspInit
 *fill*         0x0000000008003e66        0x2 
 .text.HAL_TIM_Base_Start_IT
                0x0000000008003e68       0xc4 ./Drivers/STM32F4xx_HAL_Driver/Src/stm32f4xx_hal_tim.o
                0x0000000008003e68                HAL_TIM_Base_Start_IT
 .text.HAL_TIM_IRQHandler
                0x0000000008003f2c      0x210 ./Drivers/STM32F4xx_HAL_Driver/Src/stm32f4xx_hal_tim.o
                0x0000000008003f2c                HAL_TIM_IRQHandler
 .text.HAL_TIM_OC_DelayElapsedCallback
                0x000000000800413c       0x14 ./Drivers/STM32F4xx_HAL_Driver/Src/stm32f4xx_hal_tim.o
                0x000000000800413c                HAL_TIM_OC_DelayElapsedCallback
 .text.HAL_TIM_IC_CaptureCallback
                0x0000000008004150       0x14 ./Drivers/STM32F4xx_HAL_Driver/Src/stm32f4xx_hal_tim.o
                0x0000000008004150                HAL_TIM_IC_CaptureCallback
 .text.HAL_TIM_PWM_PulseFinishedCallback
                0x0000000008004164       0x14 ./Drivers/STM32F4xx_HAL_Driver/Src/stm32f4xx_hal_tim.o
                0x0000000008004164                HAL_TIM_PWM_PulseFinishedCallback
 .text.HAL_TIM_TriggerCallback
                0x0000000008004178       0x14 ./Drivers/STM32F4xx_HAL_Driver/Src/stm32f4xx_hal_tim.o
                0x0000000008004178                HAL_TIM_TriggerCallback
 .text.TIM_Base_SetConfig
                0x000000000800418c      0x100 ./Drivers/STM32F4xx_HAL_Driver/Src/stm32f4xx_hal_tim.o
                0x000000000800418c                TIM_Base_SetConfig
 .text.HAL_TIMEx_CommutCallback
                0x000000000800428c       0x14 ./Drivers/STM32F4xx_HAL_Driver/Src/stm32f4xx_hal_tim_ex.o
                0x000000000800428c                HAL_TIMEx_CommutCallback
 .text.HAL_TIMEx_BreakCallback
                0x00000000080042a0       0x14 ./Drivers/STM32F4xx_HAL_Driver/Src/stm32f4xx_hal_tim_ex.o
                0x00000000080042a0                HAL_TIMEx_BreakCallback
 .text.HAL_USART_Init
                0x00000000080042b4       0x82 ./Drivers/STM32F4xx_HAL_Driver/Src/stm32f4xx_hal_usart.o
                0x00000000080042b4                HAL_USART_Init
 *fill*         0x0000000008004336        0x2 
 .text.USART_SetConfig
                0x0000000008004338      0x530 ./Drivers/STM32F4xx_HAL_Driver/Src/stm32f4xx_hal_usart.o
 .text.USB_CoreInit
                0x0000000008004868       0xc2 ./Drivers/STM32F4xx_HAL_Driver/Src/stm32f4xx_ll_usb.o
                0x0000000008004868                USB_CoreInit
 *fill*         0x000000000800492a        0x2 
 .text.USB_SetTurnaroundTime
                0x000000000800492c      0x144 ./Drivers/STM32F4xx_HAL_Driver/Src/stm32f4xx_ll_usb.o
                0x000000000800492c                USB_SetTurnaroundTime
 .text.USB_EnableGlobalInt
                0x0000000008004a70       0x22 ./Drivers/STM32F4xx_HAL_Driver/Src/stm32f4xx_ll_usb.o
                0x0000000008004a70                USB_EnableGlobalInt
 .text.USB_DisableGlobalInt
                0x0000000008004a92       0x22 ./Drivers/STM32F4xx_HAL_Driver/Src/stm32f4xx_ll_usb.o
                0x0000000008004a92                USB_DisableGlobalInt
 .text.USB_SetCurrentMode
                0x0000000008004ab4       0x98 ./Drivers/STM32F4xx_HAL_Driver/Src/stm32f4xx_ll_usb.o
                0x0000000008004ab4                USB_SetCurrentMode
 .text.USB_DevInit
                0x0000000008004b4c      0x2c8 ./Drivers/STM32F4xx_HAL_Driver/Src/stm32f4xx_ll_usb.o
                0x0000000008004b4c                USB_DevInit
 .text.USB_FlushTxFifo
                0x0000000008004e14       0x68 ./Drivers/STM32F4xx_HAL_Driver/Src/stm32f4xx_ll_usb.o
                0x0000000008004e14                USB_FlushTxFifo
 .text.USB_FlushRxFifo
                0x0000000008004e7c       0x60 ./Drivers/STM32F4xx_HAL_Driver/Src/stm32f4xx_ll_usb.o
                0x0000000008004e7c                USB_FlushRxFifo
 .text.USB_SetDevSpeed
                0x0000000008004edc       0x32 ./Drivers/STM32F4xx_HAL_Driver/Src/stm32f4xx_ll_usb.o
                0x0000000008004edc                USB_SetDevSpeed
 .text.USB_GetDevSpeed
                0x0000000008004f0e       0x4a ./Drivers/STM32F4xx_HAL_Driver/Src/stm32f4xx_ll_usb.o
                0x0000000008004f0e                USB_GetDevSpeed
 .text.USB_ActivateEndpoint
                0x0000000008004f58      0x10e ./Drivers/STM32F4xx_HAL_Driver/Src/stm32f4xx_ll_usb.o
                0x0000000008004f58                USB_ActivateEndpoint
 *fill*         0x0000000008005066        0x2 
 .text.USB_DeactivateEndpoint
                0x0000000008005068      0x1b8 ./Drivers/STM32F4xx_HAL_Driver/Src/stm32f4xx_ll_usb.o
                0x0000000008005068                USB_DeactivateEndpoint
 .text.USB_EPStartXfer
                0x0000000008005220      0x490 ./Drivers/STM32F4xx_HAL_Driver/Src/stm32f4xx_ll_usb.o
                0x0000000008005220                USB_EPStartXfer
 .text.USB_EP0StartXfer
                0x00000000080056b0      0x2b0 ./Drivers/STM32F4xx_HAL_Driver/Src/stm32f4xx_ll_usb.o
                0x00000000080056b0                USB_EP0StartXfer
 .text.USB_EPStopXfer
                0x0000000008005960      0x154 ./Drivers/STM32F4xx_HAL_Driver/Src/stm32f4xx_ll_usb.o
                0x0000000008005960                USB_EPStopXfer
 .text.USB_WritePacket
                0x0000000008005ab4       0x7c ./Drivers/STM32F4xx_HAL_Driver/Src/stm32f4xx_ll_usb.o
                0x0000000008005ab4                USB_WritePacket
 .text.USB_ReadPacket
                0x0000000008005b30       0xb0 ./Drivers/STM32F4xx_HAL_Driver/Src/stm32f4xx_ll_usb.o
                0x0000000008005b30                USB_ReadPacket
 .text.USB_EPSetStall
                0x0000000008005be0       0xdc ./Drivers/STM32F4xx_HAL_Driver/Src/stm32f4xx_ll_usb.o
                0x0000000008005be0                USB_EPSetStall
 .text.USB_EPClearStall
                0x0000000008005cbc       0xcc ./Drivers/STM32F4xx_HAL_Driver/Src/stm32f4xx_ll_usb.o
                0x0000000008005cbc                USB_EPClearStall
 .text.USB_SetDevAddress
                0x0000000008005d88       0x4c ./Drivers/STM32F4xx_HAL_Driver/Src/stm32f4xx_ll_usb.o
                0x0000000008005d88                USB_SetDevAddress
 .text.USB_DevConnect
                0x0000000008005dd4       0x42 ./Drivers/STM32F4xx_HAL_Driver/Src/stm32f4xx_ll_usb.o
                0x0000000008005dd4                USB_DevConnect
 .text.USB_DevDisconnect
                0x0000000008005e16       0x42 ./Drivers/STM32F4xx_HAL_Driver/Src/stm32f4xx_ll_usb.o
                0x0000000008005e16                USB_DevDisconnect
 .text.USB_ReadInterrupts
                0x0000000008005e58       0x26 ./Drivers/STM32F4xx_HAL_Driver/Src/stm32f4xx_ll_usb.o
                0x0000000008005e58                USB_ReadInterrupts
 .text.USB_ReadDevAllOutEpInterrupt
                0x0000000008005e7e       0x34 ./Drivers/STM32F4xx_HAL_Driver/Src/stm32f4xx_ll_usb.o
                0x0000000008005e7e                USB_ReadDevAllOutEpInterrupt
 .text.USB_ReadDevAllInEpInterrupt
                0x0000000008005eb2       0x34 ./Drivers/STM32F4xx_HAL_Driver/Src/stm32f4xx_ll_usb.o
                0x0000000008005eb2                USB_ReadDevAllInEpInterrupt
 .text.USB_ReadDevOutEPInterrupt
                0x0000000008005ee6       0x3c ./Drivers/STM32F4xx_HAL_Driver/Src/stm32f4xx_ll_usb.o
                0x0000000008005ee6                USB_ReadDevOutEPInterrupt
 .text.USB_ReadDevInEPInterrupt
                0x0000000008005f22       0x5c ./Drivers/STM32F4xx_HAL_Driver/Src/stm32f4xx_ll_usb.o
                0x0000000008005f22                USB_ReadDevInEPInterrupt
 .text.USB_GetMode
                0x0000000008005f7e       0x1c ./Drivers/STM32F4xx_HAL_Driver/Src/stm32f4xx_ll_usb.o
                0x0000000008005f7e                USB_GetMode
 .text.USB_ActivateSetup
                0x0000000008005f9a       0x46 ./Drivers/STM32F4xx_HAL_Driver/Src/stm32f4xx_ll_usb.o
                0x0000000008005f9a                USB_ActivateSetup
 .text.USB_EP0_OutStart
                0x0000000008005fe0       0xbc ./Drivers/STM32F4xx_HAL_Driver/Src/stm32f4xx_ll_usb.o
                0x0000000008005fe0                USB_EP0_OutStart
 .text.USB_CoreReset
                0x000000000800609c       0x68 ./Drivers/STM32F4xx_HAL_Driver/Src/stm32f4xx_ll_usb.o
 .text.USBD_CDC_Init
                0x0000000008006104      0x1f0 ./Middlewares/ST/STM32_USB_Device_Library/Class/CDC/Src/usbd_cdc.o
 .text.USBD_CDC_DeInit
                0x00000000080062f4      0x104 ./Middlewares/ST/STM32_USB_Device_Library/Class/CDC/Src/usbd_cdc.o
 .text.USBD_CDC_Setup
                0x00000000080063f8      0x1b8 ./Middlewares/ST/STM32_USB_Device_Library/Class/CDC/Src/usbd_cdc.o
 .text.USBD_CDC_DataIn
                0x00000000080065b0       0xfe ./Middlewares/ST/STM32_USB_Device_Library/Class/CDC/Src/usbd_cdc.o
 .text.USBD_CDC_DataOut
                0x00000000080066ae       0x70 ./Middlewares/ST/STM32_USB_Device_Library/Class/CDC/Src/usbd_cdc.o
 .text.USBD_CDC_EP0_RxReady
                0x000000000800671e       0x76 ./Middlewares/ST/STM32_USB_Device_Library/Class/CDC/Src/usbd_cdc.o
 .text.USBD_CDC_GetFSCfgDesc
                0x0000000008006794       0x70 ./Middlewares/ST/STM32_USB_Device_Library/Class/CDC/Src/usbd_cdc.o
 .text.USBD_CDC_GetHSCfgDesc
                0x0000000008006804       0x70 ./Middlewares/ST/STM32_USB_Device_Library/Class/CDC/Src/usbd_cdc.o
 .text.USBD_CDC_GetOtherSpeedCfgDesc
                0x0000000008006874       0x70 ./Middlewares/ST/STM32_USB_Device_Library/Class/CDC/Src/usbd_cdc.o
 .text.USBD_CDC_GetDeviceQualifierDescriptor
                0x00000000080068e4       0x20 ./Middlewares/ST/STM32_USB_Device_Library/Class/CDC/Src/usbd_cdc.o
                0x00000000080068e4                USBD_CDC_GetDeviceQualifierDescriptor
 .text.USBD_CDC_RegisterInterface
                0x0000000008006904       0x34 ./Middlewares/ST/STM32_USB_Device_Library/Class/CDC/Src/usbd_cdc.o
                0x0000000008006904                USBD_CDC_RegisterInterface
 .text.USBD_CDC_SetTxBuffer
                0x0000000008006938       0x44 ./Middlewares/ST/STM32_USB_Device_Library/Class/CDC/Src/usbd_cdc.o
                0x0000000008006938                USBD_CDC_SetTxBuffer
 .text.USBD_CDC_SetRxBuffer
                0x000000000800697c       0x3a ./Middlewares/ST/STM32_USB_Device_Library/Class/CDC/Src/usbd_cdc.o
                0x000000000800697c                USBD_CDC_SetRxBuffer
 *fill*         0x00000000080069b6        0x2 
 .text.USBD_CDC_ReceivePacket
                0x00000000080069b8       0x6c ./Middlewares/ST/STM32_USB_Device_Library/Class/CDC/Src/usbd_cdc.o
                0x00000000080069b8                USBD_CDC_ReceivePacket
 .text.USBD_Init
                0x0000000008006a24       0x60 ./Middlewares/ST/STM32_USB_Device_Library/Core/Src/usbd_core.o
                0x0000000008006a24                USBD_Init
 .text.USBD_RegisterClass
                0x0000000008006a84       0x6c ./Middlewares/ST/STM32_USB_Device_Library/Core/Src/usbd_core.o
                0x0000000008006a84                USBD_RegisterClass
 .text.USBD_Start
                0x0000000008006af0       0x18 ./Middlewares/ST/STM32_USB_Device_Library/Core/Src/usbd_core.o
                0x0000000008006af0                USBD_Start
 .text.USBD_RunTestMode
                0x0000000008006b08       0x16 ./Middlewares/ST/STM32_USB_Device_Library/Core/Src/usbd_core.o
                0x0000000008006b08                USBD_RunTestMode
 .text.USBD_SetClassConfig
                0x0000000008006b1e       0x38 ./Middlewares/ST/STM32_USB_Device_Library/Core/Src/usbd_core.o
                0x0000000008006b1e                USBD_SetClassConfig
 .text.USBD_ClrClassConfig
                0x0000000008006b56       0x34 ./Middlewares/ST/STM32_USB_Device_Library/Core/Src/usbd_core.o
                0x0000000008006b56                USBD_ClrClassConfig
 .text.USBD_LL_SetupStage
                0x0000000008006b8a       0xaa ./Middlewares/ST/STM32_USB_Device_Library/Core/Src/usbd_core.o
                0x0000000008006b8a                USBD_LL_SetupStage
 .text.USBD_LL_DataOutStage
                0x0000000008006c34      0x166 ./Middlewares/ST/STM32_USB_Device_Library/Core/Src/usbd_core.o
                0x0000000008006c34                USBD_LL_DataOutStage
 .text.USBD_LL_DataInStage
                0x0000000008006d9a      0x164 ./Middlewares/ST/STM32_USB_Device_Library/Core/Src/usbd_core.o
                0x0000000008006d9a                USBD_LL_DataInStage
 .text.USBD_LL_Reset
                0x0000000008006efe       0xa4 ./Middlewares/ST/STM32_USB_Device_Library/Core/Src/usbd_core.o
                0x0000000008006efe                USBD_LL_Reset
 .text.USBD_LL_SetSpeed
                0x0000000008006fa2       0x20 ./Middlewares/ST/STM32_USB_Device_Library/Core/Src/usbd_core.o
                0x0000000008006fa2                USBD_LL_SetSpeed
 .text.USBD_LL_Suspend
                0x0000000008006fc2       0x2c ./Middlewares/ST/STM32_USB_Device_Library/Core/Src/usbd_core.o
                0x0000000008006fc2                USBD_LL_Suspend
 .text.USBD_LL_Resume
                0x0000000008006fee       0x30 ./Middlewares/ST/STM32_USB_Device_Library/Core/Src/usbd_core.o
                0x0000000008006fee                USBD_LL_Resume
 .text.USBD_LL_SOF
                0x000000000800701e       0x40 ./Middlewares/ST/STM32_USB_Device_Library/Core/Src/usbd_core.o
                0x000000000800701e                USBD_LL_SOF
 .text.USBD_LL_IsoINIncomplete
                0x000000000800705e       0x64 ./Middlewares/ST/STM32_USB_Device_Library/Core/Src/usbd_core.o
                0x000000000800705e                USBD_LL_IsoINIncomplete
 .text.USBD_LL_IsoOUTIncomplete
                0x00000000080070c2       0x64 ./Middlewares/ST/STM32_USB_Device_Library/Core/Src/usbd_core.o
                0x00000000080070c2                USBD_LL_IsoOUTIncomplete
 .text.USBD_LL_DevConnected
                0x0000000008007126       0x16 ./Middlewares/ST/STM32_USB_Device_Library/Core/Src/usbd_core.o
                0x0000000008007126                USBD_LL_DevConnected
 .text.USBD_LL_DevDisconnected
                0x000000000800713c       0x46 ./Middlewares/ST/STM32_USB_Device_Library/Core/Src/usbd_core.o
                0x000000000800713c                USBD_LL_DevDisconnected
 .text.USBD_CoreFindIF
                0x0000000008007182       0x1a ./Middlewares/ST/STM32_USB_Device_Library/Core/Src/usbd_core.o
                0x0000000008007182                USBD_CoreFindIF
 .text.USBD_CoreFindEP
                0x000000000800719c       0x1a ./Middlewares/ST/STM32_USB_Device_Library/Core/Src/usbd_core.o
                0x000000000800719c                USBD_CoreFindEP
 .text.USBD_GetEpDesc
                0x00000000080071b6       0x74 ./Middlewares/ST/STM32_USB_Device_Library/Core/Src/usbd_core.o
                0x00000000080071b6                USBD_GetEpDesc
 .text.USBD_GetNextDesc
                0x000000000800722a       0x3a ./Middlewares/ST/STM32_USB_Device_Library/Core/Src/usbd_core.o
                0x000000000800722a                USBD_GetNextDesc
 .text.SWAPBYTE
                0x0000000008007264       0x3c ./Middlewares/ST/STM32_USB_Device_Library/Core/Src/usbd_ctlreq.o
 .text.USBD_StdDevReq
                0x00000000080072a0       0xe4 ./Middlewares/ST/STM32_USB_Device_Library/Core/Src/usbd_ctlreq.o
                0x00000000080072a0                USBD_StdDevReq
 .text.USBD_StdItfReq
                0x0000000008007384       0xd8 ./Middlewares/ST/STM32_USB_Device_Library/Core/Src/usbd_ctlreq.o
                0x0000000008007384                USBD_StdItfReq
 .text.USBD_StdEPReq
                0x000000000800745c      0x33a ./Middlewares/ST/STM32_USB_Device_Library/Core/Src/usbd_ctlreq.o
                0x000000000800745c                USBD_StdEPReq
 *fill*         0x0000000008007796        0x2 
 .text.USBD_GetDescriptor
                0x0000000008007798      0x2d4 ./Middlewares/ST/STM32_USB_Device_Library/Core/Src/usbd_ctlreq.o
 .text.USBD_SetAddress
                0x0000000008007a6c       0x88 ./Middlewares/ST/STM32_USB_Device_Library/Core/Src/usbd_ctlreq.o
 .text.USBD_SetConfig
                0x0000000008007af4      0x154 ./Middlewares/ST/STM32_USB_Device_Library/Core/Src/usbd_ctlreq.o
 .text.USBD_GetConfig
                0x0000000008007c48       0x6c ./Middlewares/ST/STM32_USB_Device_Library/Core/Src/usbd_ctlreq.o
 .text.USBD_GetStatus
                0x0000000008007cb4       0x68 ./Middlewares/ST/STM32_USB_Device_Library/Core/Src/usbd_ctlreq.o
 .text.USBD_SetFeature
                0x0000000008007d1c       0x52 ./Middlewares/ST/STM32_USB_Device_Library/Core/Src/usbd_ctlreq.o
 .text.USBD_ClrFeature
                0x0000000008007d6e       0x44 ./Middlewares/ST/STM32_USB_Device_Library/Core/Src/usbd_ctlreq.o
 .text.USBD_ParseSetupRequest
                0x0000000008007db2       0x74 ./Middlewares/ST/STM32_USB_Device_Library/Core/Src/usbd_ctlreq.o
                0x0000000008007db2                USBD_ParseSetupRequest
 .text.USBD_CtlError
                0x0000000008007e26       0x22 ./Middlewares/ST/STM32_USB_Device_Library/Core/Src/usbd_ctlreq.o
                0x0000000008007e26                USBD_CtlError
 .text.USBD_GetString
                0x0000000008007e48       0x8c ./Middlewares/ST/STM32_USB_Device_Library/Core/Src/usbd_ctlreq.o
                0x0000000008007e48                USBD_GetString
 .text.USBD_GetLen
                0x0000000008007ed4       0x34 ./Middlewares/ST/STM32_USB_Device_Library/Core/Src/usbd_ctlreq.o
 .text.USBD_CtlSendData
                0x0000000008007f08       0x36 ./Middlewares/ST/STM32_USB_Device_Library/Core/Src/usbd_ioreq.o
                0x0000000008007f08                USBD_CtlSendData
 .text.USBD_CtlContinueSendData
                0x0000000008007f3e       0x22 ./Middlewares/ST/STM32_USB_Device_Library/Core/Src/usbd_ioreq.o
                0x0000000008007f3e                USBD_CtlContinueSendData
 .text.USBD_CtlPrepareRx
                0x0000000008007f60       0x3a ./Middlewares/ST/STM32_USB_Device_Library/Core/Src/usbd_ioreq.o
                0x0000000008007f60                USBD_CtlPrepareRx
 .text.USBD_CtlContinueRx
                0x0000000008007f9a       0x22 ./Middlewares/ST/STM32_USB_Device_Library/Core/Src/usbd_ioreq.o
                0x0000000008007f9a                USBD_CtlContinueRx
 .text.USBD_CtlSendStatus
                0x0000000008007fbc       0x26 ./Middlewares/ST/STM32_USB_Device_Library/Core/Src/usbd_ioreq.o
                0x0000000008007fbc                USBD_CtlSendStatus
 .text.USBD_CtlReceiveStatus
                0x0000000008007fe2       0x26 ./Middlewares/ST/STM32_USB_Device_Library/Core/Src/usbd_ioreq.o
                0x0000000008007fe2                USBD_CtlReceiveStatus
 .text.__NVIC_SetPriority
                0x0000000008008008       0x54 ./Middlewares/Third_Party/FreeRTOS/Source/CMSIS_RTOS_V2/cmsis_os2.o
 .text.SysTick_Handler
                0x000000000800805c       0x20 ./Middlewares/Third_Party/FreeRTOS/Source/CMSIS_RTOS_V2/cmsis_os2.o
                0x000000000800805c                SysTick_Handler
 .text.SVC_Setup
                0x000000000800807c       0x12 ./Middlewares/Third_Party/FreeRTOS/Source/CMSIS_RTOS_V2/cmsis_os2.o
 *fill*         0x000000000800808e        0x2 
 .text.osKernelInitialize
                0x0000000008008090       0x48 ./Middlewares/Third_Party/FreeRTOS/Source/CMSIS_RTOS_V2/cmsis_os2.o
                0x0000000008008090                osKernelInitialize
 .text.osKernelStart
                0x00000000080080d8       0x4c ./Middlewares/Third_Party/FreeRTOS/Source/CMSIS_RTOS_V2/cmsis_os2.o
                0x00000000080080d8                osKernelStart
 .text.osThreadNew
                0x0000000008008124      0x124 ./Middlewares/Third_Party/FreeRTOS/Source/CMSIS_RTOS_V2/cmsis_os2.o
                0x0000000008008124                osThreadNew
 .text.osDelay  0x0000000008008248       0x36 ./Middlewares/Third_Party/FreeRTOS/Source/CMSIS_RTOS_V2/cmsis_os2.o
                0x0000000008008248                osDelay
 .text.osSemaphoreNew
                0x000000000800827e      0x112 ./Middlewares/Third_Party/FreeRTOS/Source/CMSIS_RTOS_V2/cmsis_os2.o
                0x000000000800827e                osSemaphoreNew
 .text.vApplicationGetIdleTaskMemory
                0x0000000008008390       0x34 ./Middlewares/Third_Party/FreeRTOS/Source/CMSIS_RTOS_V2/cmsis_os2.o
                0x0000000008008390                vApplicationGetIdleTaskMemory
 .text.vApplicationGetTimerTaskMemory
                0x00000000080083c4       0x34 ./Middlewares/Third_Party/FreeRTOS/Source/CMSIS_RTOS_V2/cmsis_os2.o
                0x00000000080083c4                vApplicationGetTimerTaskMemory
 .text.vListInitialise
                0x00000000080083f8       0x40 ./Middlewares/Third_Party/FreeRTOS/Source/list.o
                0x00000000080083f8                vListInitialise
 .text.vListInitialiseItem
                0x0000000008008438       0x1a ./Middlewares/Third_Party/FreeRTOS/Source/list.o
                0x0000000008008438                vListInitialiseItem
 .text.vListInsertEnd
                0x0000000008008452       0x48 ./Middlewares/Third_Party/FreeRTOS/Source/list.o
                0x0000000008008452                vListInsertEnd
 .text.vListInsert
                0x000000000800849a       0x72 ./Middlewares/Third_Party/FreeRTOS/Source/list.o
                0x000000000800849a                vListInsert
 .text.uxListRemove
                0x000000000800850c       0x54 ./Middlewares/Third_Party/FreeRTOS/Source/list.o
                0x000000000800850c                uxListRemove
 .text.xQueueGenericReset
                0x0000000008008560       0xd0 ./Middlewares/Third_Party/FreeRTOS/Source/queue.o
                0x0000000008008560                xQueueGenericReset
 .text.xQueueGenericCreateStatic
                0x0000000008008630       0xf0 ./Middlewares/Third_Party/FreeRTOS/Source/queue.o
                0x0000000008008630                xQueueGenericCreateStatic
 .text.xQueueGenericCreate
                0x0000000008008720       0x74 ./Middlewares/Third_Party/FreeRTOS/Source/queue.o
                0x0000000008008720                xQueueGenericCreate
 .text.prvInitialiseNewQueue
                0x0000000008008794       0x46 ./Middlewares/Third_Party/FreeRTOS/Source/queue.o
 .text.xQueueCreateCountingSemaphoreStatic
                0x00000000080087da       0x6e ./Middlewares/Third_Party/FreeRTOS/Source/queue.o
                0x00000000080087da                xQueueCreateCountingSemaphoreStatic
 .text.xQueueCreateCountingSemaphore
                0x0000000008008848       0x66 ./Middlewares/Third_Party/FreeRTOS/Source/queue.o
                0x0000000008008848                xQueueCreateCountingSemaphore
 *fill*         0x00000000080088ae        0x2 
 .text.xQueueGenericSend
                0x00000000080088b0      0x1fc ./Middlewares/Third_Party/FreeRTOS/Source/queue.o
                0x00000000080088b0                xQueueGenericSend
 .text.xQueueGenericSendFromISR
                0x0000000008008aac      0x136 ./Middlewares/Third_Party/FreeRTOS/Source/queue.o
                0x0000000008008aac                xQueueGenericSendFromISR
 *fill*         0x0000000008008be2        0x2 
 .text.xQueueReceive
                0x0000000008008be4      0x1c0 ./Middlewares/Third_Party/FreeRTOS/Source/queue.o
                0x0000000008008be4                xQueueReceive
 .text.vQueueDelete
                0x0000000008008da4       0x46 ./Middlewares/Third_Party/FreeRTOS/Source/queue.o
                0x0000000008008da4                vQueueDelete
 .text.prvCopyDataToQueue
                0x0000000008008dea       0xd4 ./Middlewares/Third_Party/FreeRTOS/Source/queue.o
 .text.prvCopyDataFromQueue
                0x0000000008008ebe       0x4c ./Middlewares/Third_Party/FreeRTOS/Source/queue.o
 .text.prvUnlockQueue
                0x0000000008008f0a       0xa4 ./Middlewares/Third_Party/FreeRTOS/Source/queue.o
 .text.prvIsQueueEmpty
                0x0000000008008fae       0x2c ./Middlewares/Third_Party/FreeRTOS/Source/queue.o
 .text.prvIsQueueFull
                0x0000000008008fda       0x30 ./Middlewares/Third_Party/FreeRTOS/Source/queue.o
 *fill*         0x000000000800900a        0x2 
 .text.vQueueAddToRegistry
                0x000000000800900c       0x54 ./Middlewares/Third_Party/FreeRTOS/Source/queue.o
                0x000000000800900c                vQueueAddToRegistry
 .text.vQueueUnregisterQueue
                0x0000000008009060       0x54 ./Middlewares/Third_Party/FreeRTOS/Source/queue.o
                0x0000000008009060                vQueueUnregisterQueue
 .text.vQueueWaitForMessageRestricted
                0x00000000080090b4       0x68 ./Middlewares/Third_Party/FreeRTOS/Source/queue.o
                0x00000000080090b4                vQueueWaitForMessageRestricted
 .text.xTaskCreateStatic
                0x000000000800911c       0xba ./Middlewares/Third_Party/FreeRTOS/Source/tasks.o
                0x000000000800911c                xTaskCreateStatic
 .text.xTaskCreate
                0x00000000080091d6       0x8a ./Middlewares/Third_Party/FreeRTOS/Source/tasks.o
                0x00000000080091d6                xTaskCreate
 .text.prvInitialiseNewTask
                0x0000000008009260      0x14c ./Middlewares/Third_Party/FreeRTOS/Source/tasks.o
 .text.prvAddNewTaskToReadyList
                0x00000000080093ac       0xe0 ./Middlewares/Third_Party/FreeRTOS/Source/tasks.o
 .text.vTaskDelay
                0x000000000800948c       0x68 ./Middlewares/Third_Party/FreeRTOS/Source/tasks.o
                0x000000000800948c                vTaskDelay
 .text.vTaskStartScheduler
                0x00000000080094f4       0xe0 ./Middlewares/Third_Party/FreeRTOS/Source/tasks.o
                0x00000000080094f4                vTaskStartScheduler
 .text.vTaskSuspendAll
                0x00000000080095d4       0x1c ./Middlewares/Third_Party/FreeRTOS/Source/tasks.o
                0x00000000080095d4                vTaskSuspendAll
 .text.xTaskResumeAll
                0x00000000080095f0      0x13c ./Middlewares/Third_Party/FreeRTOS/Source/tasks.o
                0x00000000080095f0                xTaskResumeAll
 .text.xTaskGetTickCount
                0x000000000800972c       0x20 ./Middlewares/Third_Party/FreeRTOS/Source/tasks.o
                0x000000000800972c                xTaskGetTickCount
 .text.xTaskIncrementTick
                0x000000000800974c      0x174 ./Middlewares/Third_Party/FreeRTOS/Source/tasks.o
                0x000000000800974c                xTaskIncrementTick
 .text.vTaskSwitchContext
                0x00000000080098c0       0xc8 ./Middlewares/Third_Party/FreeRTOS/Source/tasks.o
                0x00000000080098c0                vTaskSwitchContext
 .text.vTaskPlaceOnEventList
                0x0000000008009988       0x48 ./Middlewares/Third_Party/FreeRTOS/Source/tasks.o
                0x0000000008009988                vTaskPlaceOnEventList
 .text.vTaskPlaceOnEventListRestricted
                0x00000000080099d0       0x58 ./Middlewares/Third_Party/FreeRTOS/Source/tasks.o
                0x00000000080099d0                vTaskPlaceOnEventListRestricted
 .text.xTaskRemoveFromEventList
                0x0000000008009a28       0xc8 ./Middlewares/Third_Party/FreeRTOS/Source/tasks.o
                0x0000000008009a28                xTaskRemoveFromEventList
 .text.vTaskInternalSetTimeOutState
                0x0000000008009af0       0x2c ./Middlewares/Third_Party/FreeRTOS/Source/tasks.o
                0x0000000008009af0                vTaskInternalSetTimeOutState
 .text.xTaskCheckForTimeOut
                0x0000000008009b1c       0xc4 ./Middlewares/Third_Party/FreeRTOS/Source/tasks.o
                0x0000000008009b1c                xTaskCheckForTimeOut
 .text.vTaskMissedYield
                0x0000000008009be0       0x18 ./Middlewares/Third_Party/FreeRTOS/Source/tasks.o
                0x0000000008009be0                vTaskMissedYield
 .text.prvIdleTask
                0x0000000008009bf8       0x30 ./Middlewares/Third_Party/FreeRTOS/Source/tasks.o
 .text.prvInitialiseTaskLists
                0x0000000008009c28       0x80 ./Middlewares/Third_Party/FreeRTOS/Source/tasks.o
 .text.prvCheckTasksWaitingTermination
                0x0000000008009ca8       0x5c ./Middlewares/Third_Party/FreeRTOS/Source/tasks.o
 .text.prvDeleteTCB
                0x0000000008009d04       0x68 ./Middlewares/Third_Party/FreeRTOS/Source/tasks.o
 .text.prvResetNextTaskUnblockTime
                0x0000000008009d6c       0x40 ./Middlewares/Third_Party/FreeRTOS/Source/tasks.o
 .text.xTaskGetSchedulerState
                0x0000000008009dac       0x3c ./Middlewares/Third_Party/FreeRTOS/Source/tasks.o
                0x0000000008009dac                xTaskGetSchedulerState
 .text.xTaskPriorityDisinherit
                0x0000000008009de8       0xdc ./Middlewares/Third_Party/FreeRTOS/Source/tasks.o
                0x0000000008009de8                xTaskPriorityDisinherit
 .text.prvAddCurrentTaskToDelayedList
                0x0000000008009ec4       0xa8 ./Middlewares/Third_Party/FreeRTOS/Source/tasks.o
 .text.xTimerCreateTimerTask
                0x0000000008009f6c       0x90 ./Middlewares/Third_Party/FreeRTOS/Source/timers.o
                0x0000000008009f6c                xTimerCreateTimerTask
 .text.xTimerGenericCommand
                0x0000000008009ffc       0x9c ./Middlewares/Third_Party/FreeRTOS/Source/timers.o
                0x0000000008009ffc                xTimerGenericCommand
 .text.prvProcessExpiredTimer
                0x000000000800a098       0x98 ./Middlewares/Third_Party/FreeRTOS/Source/timers.o
 .text.prvTimerTask
                0x000000000800a130       0x24 ./Middlewares/Third_Party/FreeRTOS/Source/timers.o
 .text.prvProcessTimerOrBlockTask
                0x000000000800a154       0x9c ./Middlewares/Third_Party/FreeRTOS/Source/timers.o
 .text.prvGetNextExpireTime
                0x000000000800a1f0       0x48 ./Middlewares/Third_Party/FreeRTOS/Source/timers.o
 .text.prvSampleTimeNow
                0x000000000800a238       0x40 ./Middlewares/Third_Party/FreeRTOS/Source/timers.o
 .text.prvInsertTimerInActiveList
                0x000000000800a278       0x84 ./Middlewares/Third_Party/FreeRTOS/Source/timers.o
 .text.prvProcessReceivedCommands
                0x000000000800a2fc      0x1c4 ./Middlewares/Third_Party/FreeRTOS/Source/timers.o
 .text.prvSwitchTimerLists
                0x000000000800a4c0       0xc8 ./Middlewares/Third_Party/FreeRTOS/Source/timers.o
 .text.prvCheckForValidListAndQueue
                0x000000000800a588       0x80 ./Middlewares/Third_Party/FreeRTOS/Source/timers.o
 .text.pxPortInitialiseStack
                0x000000000800a608       0x68 ./Middlewares/Third_Party/FreeRTOS/Source/portable/GCC/ARM_CM4F/port.o
                0x000000000800a608                pxPortInitialiseStack
 .text.prvTaskExitError
                0x000000000800a670       0x58 ./Middlewares/Third_Party/FreeRTOS/Source/portable/GCC/ARM_CM4F/port.o
 *fill*         0x000000000800a6c8        0x8 
 .text.SVC_Handler
                0x000000000800a6d0       0x28 ./Middlewares/Third_Party/FreeRTOS/Source/portable/GCC/ARM_CM4F/port.o
                0x000000000800a6d0                SVC_Handler
 .text.prvPortStartFirstTask
                0x000000000800a6f8       0x28 ./Middlewares/Third_Party/FreeRTOS/Source/portable/GCC/ARM_CM4F/port.o
 .text.xPortStartScheduler
                0x000000000800a720      0x144 ./Middlewares/Third_Party/FreeRTOS/Source/portable/GCC/ARM_CM4F/port.o
                0x000000000800a720                xPortStartScheduler
 .text.vPortEnterCritical
                0x000000000800a864       0x60 ./Middlewares/Third_Party/FreeRTOS/Source/portable/GCC/ARM_CM4F/port.o
                0x000000000800a864                vPortEnterCritical
 .text.vPortExitCritical
                0x000000000800a8c4       0x54 ./Middlewares/Third_Party/FreeRTOS/Source/portable/GCC/ARM_CM4F/port.o
                0x000000000800a8c4                vPortExitCritical
 *fill*         0x000000000800a918        0x8 
 .text.PendSV_Handler
                0x000000000800a920       0x68 ./Middlewares/Third_Party/FreeRTOS/Source/portable/GCC/ARM_CM4F/port.o
                0x000000000800a920                PendSV_Handler
 .text.xPortSysTickHandler
                0x000000000800a988       0x44 ./Middlewares/Third_Party/FreeRTOS/Source/portable/GCC/ARM_CM4F/port.o
                0x000000000800a988                xPortSysTickHandler
 .text.vPortSetupTimerInterrupt
                0x000000000800a9cc       0x48 ./Middlewares/Third_Party/FreeRTOS/Source/portable/GCC/ARM_CM4F/port.o
                0x000000000800a9cc                vPortSetupTimerInterrupt
 .text.vPortEnableVFP
                0x000000000800aa14       0x14 ./Middlewares/Third_Party/FreeRTOS/Source/portable/GCC/ARM_CM4F/port.o
 .text.vPortValidateInterruptPriority
                0x000000000800aa28       0x80 ./Middlewares/Third_Party/FreeRTOS/Source/portable/GCC/ARM_CM4F/port.o
                0x000000000800aa28                vPortValidateInterruptPriority
 .text.pvPortMalloc
                0x000000000800aaa8      0x198 ./Middlewares/Third_Party/FreeRTOS/Source/portable/MemMang/heap_4.o
                0x000000000800aaa8                pvPortMalloc
 .text.vPortFree
                0x000000000800ac40       0xc4 ./Middlewares/Third_Party/FreeRTOS/Source/portable/MemMang/heap_4.o
                0x000000000800ac40                vPortFree
 .text.prvHeapInit
                0x000000000800ad04       0xc4 ./Middlewares/Third_Party/FreeRTOS/Source/portable/MemMang/heap_4.o
 .text.prvInsertBlockIntoFreeList
                0x000000000800adc8       0xb4 ./Middlewares/Third_Party/FreeRTOS/Source/portable/MemMang/heap_4.o
 .text.MX_USB_DEVICE_Init
                0x000000000800ae7c       0x60 ./USB_DEVICE/App/usb_device.o
                0x000000000800ae7c                MX_USB_DEVICE_Init
 .text.CDC_Init_FS
                0x000000000800aedc       0x28 ./USB_DEVICE/App/usbd_cdc_if.o
 .text.CDC_DeInit_FS
                0x000000000800af04       0x10 ./USB_DEVICE/App/usbd_cdc_if.o
 .text.CDC_Control_FS
                0x000000000800af14       0xbc ./USB_DEVICE/App/usbd_cdc_if.o
 .text.CDC_Receive_FS
                0x000000000800afd0      0x104 ./USB_DEVICE/App/usbd_cdc_if.o
 .text.CDC_TransmitCplt_FS
                0x000000000800b0d4       0x22 ./USB_DEVICE/App/usbd_cdc_if.o
 *fill*         0x000000000800b0f6        0x2 
 .text.USBD_FS_DeviceDescriptor
                0x000000000800b0f8       0x24 ./USB_DEVICE/App/usbd_desc.o
                0x000000000800b0f8                USBD_FS_DeviceDescriptor
 .text.USBD_FS_LangIDStrDescriptor
                0x000000000800b11c       0x24 ./USB_DEVICE/App/usbd_desc.o
                0x000000000800b11c                USBD_FS_LangIDStrDescriptor
 .text.USBD_FS_ProductStrDescriptor
                0x000000000800b140       0x3c ./USB_DEVICE/App/usbd_desc.o
                0x000000000800b140                USBD_FS_ProductStrDescriptor
 .text.USBD_FS_ManufacturerStrDescriptor
                0x000000000800b17c       0x28 ./USB_DEVICE/App/usbd_desc.o
                0x000000000800b17c                USBD_FS_ManufacturerStrDescriptor
 .text.USBD_FS_SerialStrDescriptor
                0x000000000800b1a4       0x24 ./USB_DEVICE/App/usbd_desc.o
                0x000000000800b1a4                USBD_FS_SerialStrDescriptor
 .text.USBD_FS_ConfigStrDescriptor
                0x000000000800b1c8       0x3c ./USB_DEVICE/App/usbd_desc.o
                0x000000000800b1c8                USBD_FS_ConfigStrDescriptor
 .text.USBD_FS_InterfaceStrDescriptor
                0x000000000800b204       0x3c ./USB_DEVICE/App/usbd_desc.o
                0x000000000800b204                USBD_FS_InterfaceStrDescriptor
 .text.Get_SerialNum
                0x000000000800b240       0x58 ./USB_DEVICE/App/usbd_desc.o
 .text.IntToUnicode
                0x000000000800b298       0x7e ./USB_DEVICE/App/usbd_desc.o
 *fill*         0x000000000800b316        0x2 
 .text.HAL_PCD_MspInit
                0x000000000800b318       0xa8 ./USB_DEVICE/Target/usbd_conf.o
                0x000000000800b318                HAL_PCD_MspInit
 .text.HAL_PCD_SetupStageCallback
                0x000000000800b3c0       0x24 ./USB_DEVICE/Target/usbd_conf.o
                0x000000000800b3c0                HAL_PCD_SetupStageCallback
 .text.HAL_PCD_DataOutStageCallback
                0x000000000800b3e4       0x36 ./USB_DEVICE/Target/usbd_conf.o
                0x000000000800b3e4                HAL_PCD_DataOutStageCallback
 .text.HAL_PCD_DataInStageCallback
                0x000000000800b41a       0x34 ./USB_DEVICE/Target/usbd_conf.o
                0x000000000800b41a                HAL_PCD_DataInStageCallback
 .text.HAL_PCD_SOFCallback
                0x000000000800b44e       0x1c ./USB_DEVICE/Target/usbd_conf.o
                0x000000000800b44e                HAL_PCD_SOFCallback
 .text.HAL_PCD_ResetCallback
                0x000000000800b46a       0x3c ./USB_DEVICE/Target/usbd_conf.o
                0x000000000800b46a                HAL_PCD_ResetCallback
 *fill*         0x000000000800b4a6        0x2 
 .text.HAL_PCD_SuspendCallback
                0x000000000800b4a8       0x4c ./USB_DEVICE/Target/usbd_conf.o
                0x000000000800b4a8                HAL_PCD_SuspendCallback
 .text.HAL_PCD_ResumeCallback
                0x000000000800b4f4       0x1c ./USB_DEVICE/Target/usbd_conf.o
                0x000000000800b4f4                HAL_PCD_ResumeCallback
 .text.HAL_PCD_ISOOUTIncompleteCallback
                0x000000000800b510       0x24 ./USB_DEVICE/Target/usbd_conf.o
                0x000000000800b510                HAL_PCD_ISOOUTIncompleteCallback
 .text.HAL_PCD_ISOINIncompleteCallback
                0x000000000800b534       0x24 ./USB_DEVICE/Target/usbd_conf.o
                0x000000000800b534                HAL_PCD_ISOINIncompleteCallback
 .text.HAL_PCD_ConnectCallback
                0x000000000800b558       0x1c ./USB_DEVICE/Target/usbd_conf.o
                0x000000000800b558                HAL_PCD_ConnectCallback
 .text.HAL_PCD_DisconnectCallback
                0x000000000800b574       0x1c ./USB_DEVICE/Target/usbd_conf.o
                0x000000000800b574                HAL_PCD_DisconnectCallback
 .text.USBD_LL_Init
                0x000000000800b590       0x98 ./USB_DEVICE/Target/usbd_conf.o
                0x000000000800b590                USBD_LL_Init
 .text.USBD_LL_Start
                0x000000000800b628       0x36 ./USB_DEVICE/Target/usbd_conf.o
                0x000000000800b628                USBD_LL_Start
 .text.USBD_LL_OpenEP
                0x000000000800b65e       0x4c ./USB_DEVICE/Target/usbd_conf.o
                0x000000000800b65e                USBD_LL_OpenEP
 .text.USBD_LL_CloseEP
                0x000000000800b6aa       0x3e ./USB_DEVICE/Target/usbd_conf.o
                0x000000000800b6aa                USBD_LL_CloseEP
 .text.USBD_LL_StallEP
                0x000000000800b6e8       0x3e ./USB_DEVICE/Target/usbd_conf.o
                0x000000000800b6e8                USBD_LL_StallEP
 .text.USBD_LL_ClearStallEP
                0x000000000800b726       0x3e ./USB_DEVICE/Target/usbd_conf.o
                0x000000000800b726                USBD_LL_ClearStallEP
 .text.USBD_LL_IsStallEP
                0x000000000800b764       0x58 ./USB_DEVICE/Target/usbd_conf.o
                0x000000000800b764                USBD_LL_IsStallEP
 .text.USBD_LL_SetUSBAddress
                0x000000000800b7bc       0x3e ./USB_DEVICE/Target/usbd_conf.o
                0x000000000800b7bc                USBD_LL_SetUSBAddress
 .text.USBD_LL_Transmit
                0x000000000800b7fa       0x42 ./USB_DEVICE/Target/usbd_conf.o
                0x000000000800b7fa                USBD_LL_Transmit
 .text.USBD_LL_PrepareReceive
                0x000000000800b83c       0x42 ./USB_DEVICE/Target/usbd_conf.o
                0x000000000800b83c                USBD_LL_PrepareReceive
 .text.USBD_LL_GetRxDataSize
                0x000000000800b87e       0x26 ./USB_DEVICE/Target/usbd_conf.o
                0x000000000800b87e                USBD_LL_GetRxDataSize
 .text.USBD_static_malloc
                0x000000000800b8a4       0x1c ./USB_DEVICE/Target/usbd_conf.o
                0x000000000800b8a4                USBD_static_malloc
 .text.USBD_static_free
                0x000000000800b8c0       0x14 ./USB_DEVICE/Target/usbd_conf.o
                0x000000000800b8c0                USBD_static_free
 .text.USBD_Get_USB_Status
                0x000000000800b8d4       0x58 ./USB_DEVICE/Target/usbd_conf.o
                0x000000000800b8d4                USBD_Get_USB_Status
 .text.__errno  0x000000000800b92c        0xc c:/st/stm32cubeide_1.9.0/stm32cubeide/plugins/com.st.stm32cube.ide.mcu.externaltools.gnu-tools-for-stm32.10.3-2021.10.win32_1.0.0.202111181127/tools/bin/../lib/gcc/arm-none-eabi/10.3.1/../../../../arm-none-eabi/lib/thumb/v7e-m+fp/hard\libc_nano.a(lib_a-errno.o)
                0x000000000800b92c                __errno
 .text.__libc_init_array
                0x000000000800b938       0x48 c:/st/stm32cubeide_1.9.0/stm32cubeide/plugins/com.st.stm32cube.ide.mcu.externaltools.gnu-tools-for-stm32.10.3-2021.10.win32_1.0.0.202111181127/tools/bin/../lib/gcc/arm-none-eabi/10.3.1/../../../../arm-none-eabi/lib/thumb/v7e-m+fp/hard\libc_nano.a(lib_a-init.o)
                0x000000000800b938                __libc_init_array
 .text.__retarget_lock_acquire_recursive
                0x000000000800b980        0x2 c:/st/stm32cubeide_1.9.0/stm32cubeide/plugins/com.st.stm32cube.ide.mcu.externaltools.gnu-tools-for-stm32.10.3-2021.10.win32_1.0.0.202111181127/tools/bin/../lib/gcc/arm-none-eabi/10.3.1/../../../../arm-none-eabi/lib/thumb/v7e-m+fp/hard\libc_nano.a(lib_a-lock.o)
                0x000000000800b980                __retarget_lock_acquire_recursive
 .text.__retarget_lock_release_recursive
                0x000000000800b982        0x2 c:/st/stm32cubeide_1.9.0/stm32cubeide/plugins/com.st.stm32cube.ide.mcu.externaltools.gnu-tools-for-stm32.10.3-2021.10.win32_1.0.0.202111181127/tools/bin/../lib/gcc/arm-none-eabi/10.3.1/../../../../arm-none-eabi/lib/thumb/v7e-m+fp/hard\libc_nano.a(lib_a-lock.o)
                0x000000000800b982                __retarget_lock_release_recursive
 .text.malloc   0x000000000800b984       0x10 c:/st/stm32cubeide_1.9.0/stm32cubeide/plugins/com.st.stm32cube.ide.mcu.externaltools.gnu-tools-for-stm32.10.3-2021.10.win32_1.0.0.202111181127/tools/bin/../lib/gcc/arm-none-eabi/10.3.1/../../../../arm-none-eabi/lib/thumb/v7e-m+fp/hard\libc_nano.a(lib_a-malloc.o)
                0x000000000800b984                malloc
 .text.memcpy   0x000000000800b994       0x1c c:/st/stm32cubeide_1.9.0/stm32cubeide/plugins/com.st.stm32cube.ide.mcu.externaltools.gnu-tools-for-stm32.10.3-2021.10.win32_1.0.0.202111181127/tools/bin/../lib/gcc/arm-none-eabi/10.3.1/../../../../arm-none-eabi/lib/thumb/v7e-m+fp/hard\libc_nano.a(lib_a-memcpy-stub.o)
                0x000000000800b994                memcpy
 .text.memset   0x000000000800b9b0       0x10 c:/st/stm32cubeide_1.9.0/stm32cubeide/plugins/com.st.stm32cube.ide.mcu.externaltools.gnu-tools-for-stm32.10.3-2021.10.win32_1.0.0.202111181127/tools/bin/../lib/gcc/arm-none-eabi/10.3.1/../../../../arm-none-eabi/lib/thumb/v7e-m+fp/hard\libc_nano.a(lib_a-memset.o)
                0x000000000800b9b0                memset
 .text._free_r  0x000000000800b9c0       0x98 c:/st/stm32cubeide_1.9.0/stm32cubeide/plugins/com.st.stm32cube.ide.mcu.externaltools.gnu-tools-for-stm32.10.3-2021.10.win32_1.0.0.202111181127/tools/bin/../lib/gcc/arm-none-eabi/10.3.1/../../../../arm-none-eabi/lib/thumb/v7e-m+fp/hard\libc_nano.a(lib_a-nano-freer.o)
                0x000000000800b9c0                _free_r
 .text.sbrk_aligned
                0x000000000800ba58       0x40 c:/st/stm32cubeide_1.9.0/stm32cubeide/plugins/com.st.stm32cube.ide.mcu.externaltools.gnu-tools-for-stm32.10.3-2021.10.win32_1.0.0.202111181127/tools/bin/../lib/gcc/arm-none-eabi/10.3.1/../../../../arm-none-eabi/lib/thumb/v7e-m+fp/hard\libc_nano.a(lib_a-nano-mallocr.o)
 .text._malloc_r
                0x000000000800ba98       0xe8 c:/st/stm32cubeide_1.9.0/stm32cubeide/plugins/com.st.stm32cube.ide.mcu.externaltools.gnu-tools-for-stm32.10.3-2021.10.win32_1.0.0.202111181127/tools/bin/../lib/gcc/arm-none-eabi/10.3.1/../../../../arm-none-eabi/lib/thumb/v7e-m+fp/hard\libc_nano.a(lib_a-nano-mallocr.o)
                0x000000000800ba98                _malloc_r
 .text.cleanup_glue
                0x000000000800bb80       0x1a c:/st/stm32cubeide_1.9.0/stm32cubeide/plugins/com.st.stm32cube.ide.mcu.externaltools.gnu-tools-for-stm32.10.3-2021.10.win32_1.0.0.202111181127/tools/bin/../lib/gcc/arm-none-eabi/10.3.1/../../../../arm-none-eabi/lib/thumb/v7e-m+fp/hard\libc_nano.a(lib_a-reent.o)
                0x000000000800bb80                cleanup_glue
 *fill*         0x000000000800bb9a        0x2 
 .text._reclaim_reent
                0x000000000800bb9c       0xb8 c:/st/stm32cubeide_1.9.0/stm32cubeide/plugins/com.st.stm32cube.ide.mcu.externaltools.gnu-tools-for-stm32.10.3-2021.10.win32_1.0.0.202111181127/tools/bin/../lib/gcc/arm-none-eabi/10.3.1/../../../../arm-none-eabi/lib/thumb/v7e-m+fp/hard\libc_nano.a(lib_a-reent.o)
                0x000000000800bb9c                _reclaim_reent
 .text._sbrk_r  0x000000000800bc54       0x20 c:/st/stm32cubeide_1.9.0/stm32cubeide/plugins/com.st.stm32cube.ide.mcu.externaltools.gnu-tools-for-stm32.10.3-2021.10.win32_1.0.0.202111181127/tools/bin/../lib/gcc/arm-none-eabi/10.3.1/../../../../arm-none-eabi/lib/thumb/v7e-m+fp/hard\libc_nano.a(lib_a-sbrkr.o)
                0x000000000800bc54                _sbrk_r
 .text.__malloc_lock
                0x000000000800bc74        0xc c:/st/stm32cubeide_1.9.0/stm32cubeide/plugins/com.st.stm32cube.ide.mcu.externaltools.gnu-tools-for-stm32.10.3-2021.10.win32_1.0.0.202111181127/tools/bin/../lib/gcc/arm-none-eabi/10.3.1/../../../../arm-none-eabi/lib/thumb/v7e-m+fp/hard\libc_nano.a(lib_a-mlock.o)
                0x000000000800bc74                __malloc_lock
 .text.__malloc_unlock
                0x000000000800bc80        0xc c:/st/stm32cubeide_1.9.0/stm32cubeide/plugins/com.st.stm32cube.ide.mcu.externaltools.gnu-tools-for-stm32.10.3-2021.10.win32_1.0.0.202111181127/tools/bin/../lib/gcc/arm-none-eabi/10.3.1/../../../../arm-none-eabi/lib/thumb/v7e-m+fp/hard\libc_nano.a(lib_a-mlock.o)
                0x000000000800bc80                __malloc_unlock
 *(.glue_7)
 .glue_7        0x000000000800bc8c        0x0 linker stubs
 *(.glue_7t)
 .glue_7t       0x000000000800bc8c        0x0 linker stubs
 *(.eh_frame)
 .eh_frame      0x000000000800bc8c        0x0 c:/st/stm32cubeide_1.9.0/stm32cubeide/plugins/com.st.stm32cube.ide.mcu.externaltools.gnu-tools-for-stm32.10.3-2021.10.win32_1.0.0.202111181127/tools/bin/../lib/gcc/arm-none-eabi/10.3.1/thumb/v7e-m+fp/hard/crtbegin.o
 *(.init)
 .init          0x000000000800bc8c        0x4 c:/st/stm32cubeide_1.9.0/stm32cubeide/plugins/com.st.stm32cube.ide.mcu.externaltools.gnu-tools-for-stm32.10.3-2021.10.win32_1.0.0.202111181127/tools/bin/../lib/gcc/arm-none-eabi/10.3.1/thumb/v7e-m+fp/hard/crti.o
                0x000000000800bc8c                _init
 .init          0x000000000800bc90        0x8 c:/st/stm32cubeide_1.9.0/stm32cubeide/plugins/com.st.stm32cube.ide.mcu.externaltools.gnu-tools-for-stm32.10.3-2021.10.win32_1.0.0.202111181127/tools/bin/../lib/gcc/arm-none-eabi/10.3.1/thumb/v7e-m+fp/hard/crtn.o
 *(.fini)
 .fini          0x000000000800bc98        0x4 c:/st/stm32cubeide_1.9.0/stm32cubeide/plugins/com.st.stm32cube.ide.mcu.externaltools.gnu-tools-for-stm32.10.3-2021.10.win32_1.0.0.202111181127/tools/bin/../lib/gcc/arm-none-eabi/10.3.1/thumb/v7e-m+fp/hard/crti.o
                0x000000000800bc98                _fini
 .fini          0x000000000800bc9c        0x8 c:/st/stm32cubeide_1.9.0/stm32cubeide/plugins/com.st.stm32cube.ide.mcu.externaltools.gnu-tools-for-stm32.10.3-2021.10.win32_1.0.0.202111181127/tools/bin/../lib/gcc/arm-none-eabi/10.3.1/thumb/v7e-m+fp/hard/crtn.o
                0x000000000800bca4                . = ALIGN (0x4)
                0x000000000800bca4                _etext = .

.vfp11_veneer   0x000000000800bca4        0x0
 .vfp11_veneer  0x000000000800bca4        0x0 linker stubs

.v4_bx          0x000000000800bca4        0x0
 .v4_bx         0x000000000800bca4        0x0 linker stubs

.iplt           0x000000000800bca4        0x0
 .iplt          0x000000000800bca4        0x0 c:/st/stm32cubeide_1.9.0/stm32cubeide/plugins/com.st.stm32cube.ide.mcu.externaltools.gnu-tools-for-stm32.10.3-2021.10.win32_1.0.0.202111181127/tools/bin/../lib/gcc/arm-none-eabi/10.3.1/thumb/v7e-m+fp/hard/crtbegin.o

.rodata         0x000000000800bca4      0x160
                0x000000000800bca4                . = ALIGN (0x4)
 *(.rodata)
 .rodata        0x000000000800bca4       0x2f ./Core/Src/main.o
 *fill*         0x000000000800bcd3        0x1 
 .rodata        0x000000000800bcd4        0x5 ./Middlewares/Third_Party/FreeRTOS/Source/tasks.o
 *fill*         0x000000000800bcd9        0x3 
 .rodata        0x000000000800bcdc        0xd ./Middlewares/Third_Party/FreeRTOS/Source/timers.o
 *fill*         0x000000000800bce9        0x3 
 .rodata        0x000000000800bcec       0x46 ./USB_DEVICE/App/usbd_desc.o
 *(.rodata*)
 *fill*         0x000000000800bd32        0x2 
 .rodata.sendDataToDACs_attributes
                0x000000000800bd34       0x24 ./Core/Src/main.o
                0x000000000800bd34                sendDataToDACs_attributes
 .rodata.myTask02_attributes
                0x000000000800bd58       0x24 ./Core/Src/main.o
                0x000000000800bd58                myTask02_attributes
 .rodata.dataQueueSemaphore_attributes
                0x000000000800bd7c       0x10 ./Core/Src/main.o
                0x000000000800bd7c                dataQueueSemaphore_attributes
 .rodata.AHBPrescTable
                0x000000000800bd8c       0x10 ./Core/Src/system_stm32f4xx.o
                0x000000000800bd8c                AHBPrescTable
 .rodata.APBPrescTable
                0x000000000800bd9c        0x8 ./Core/Src/system_stm32f4xx.o
                0x000000000800bd9c                APBPrescTable
 .rodata.__sf_fake_stderr
                0x000000000800bda4       0x20 c:/st/stm32cubeide_1.9.0/stm32cubeide/plugins/com.st.stm32cube.ide.mcu.externaltools.gnu-tools-for-stm32.10.3-2021.10.win32_1.0.0.202111181127/tools/bin/../lib/gcc/arm-none-eabi/10.3.1/../../../../arm-none-eabi/lib/thumb/v7e-m+fp/hard\libc_nano.a(lib_a-findfp.o)
                0x000000000800bda4                __sf_fake_stderr
 .rodata.__sf_fake_stdin
                0x000000000800bdc4       0x20 c:/st/stm32cubeide_1.9.0/stm32cubeide/plugins/com.st.stm32cube.ide.mcu.externaltools.gnu-tools-for-stm32.10.3-2021.10.win32_1.0.0.202111181127/tools/bin/../lib/gcc/arm-none-eabi/10.3.1/../../../../arm-none-eabi/lib/thumb/v7e-m+fp/hard\libc_nano.a(lib_a-findfp.o)
                0x000000000800bdc4                __sf_fake_stdin
 .rodata.__sf_fake_stdout
                0x000000000800bde4       0x20 c:/st/stm32cubeide_1.9.0/stm32cubeide/plugins/com.st.stm32cube.ide.mcu.externaltools.gnu-tools-for-stm32.10.3-2021.10.win32_1.0.0.202111181127/tools/bin/../lib/gcc/arm-none-eabi/10.3.1/../../../../arm-none-eabi/lib/thumb/v7e-m+fp/hard\libc_nano.a(lib_a-findfp.o)
                0x000000000800bde4                __sf_fake_stdout
                0x000000000800be04                . = ALIGN (0x4)

.ARM.extab      0x000000000800be04        0x0
                0x000000000800be04                . = ALIGN (0x4)
 *(.ARM.extab* .gnu.linkonce.armextab.*)
                0x000000000800be04                . = ALIGN (0x4)

.ARM            0x000000000800be04        0x8
                0x000000000800be04                . = ALIGN (0x4)
                0x000000000800be04                __exidx_start = .
 *(.ARM.exidx*)
 .ARM.exidx     0x000000000800be04        0x8 c:/st/stm32cubeide_1.9.0/stm32cubeide/plugins/com.st.stm32cube.ide.mcu.externaltools.gnu-tools-for-stm32.10.3-2021.10.win32_1.0.0.202111181127/tools/bin/../lib/gcc/arm-none-eabi/10.3.1/thumb/v7e-m+fp/hard\libgcc.a(_udivmoddi4.o)
                0x000000000800be0c                __exidx_end = .
                0x000000000800be0c                . = ALIGN (0x4)

.rel.dyn        0x000000000800be0c        0x0
 .rel.iplt      0x000000000800be0c        0x0 c:/st/stm32cubeide_1.9.0/stm32cubeide/plugins/com.st.stm32cube.ide.mcu.externaltools.gnu-tools-for-stm32.10.3-2021.10.win32_1.0.0.202111181127/tools/bin/../lib/gcc/arm-none-eabi/10.3.1/thumb/v7e-m+fp/hard/crtbegin.o

.preinit_array  0x000000000800be0c        0x0
                0x000000000800be0c                . = ALIGN (0x4)
                0x000000000800be0c                PROVIDE (__preinit_array_start = .)
 *(.preinit_array*)
                0x000000000800be0c                PROVIDE (__preinit_array_end = .)
                0x000000000800be0c                . = ALIGN (0x4)

.init_array     0x000000000800be0c        0x4
                0x000000000800be0c                . = ALIGN (0x4)
                0x000000000800be0c                PROVIDE (__init_array_start = .)
 *(SORT_BY_NAME(.init_array.*))
 *(.init_array*)
 .init_array    0x000000000800be0c        0x4 c:/st/stm32cubeide_1.9.0/stm32cubeide/plugins/com.st.stm32cube.ide.mcu.externaltools.gnu-tools-for-stm32.10.3-2021.10.win32_1.0.0.202111181127/tools/bin/../lib/gcc/arm-none-eabi/10.3.1/thumb/v7e-m+fp/hard/crtbegin.o
                0x000000000800be10                PROVIDE (__init_array_end = .)
                0x000000000800be10                . = ALIGN (0x4)

.fini_array     0x000000000800be10        0x4
                0x000000000800be10                . = ALIGN (0x4)
                [!provide]                        PROVIDE (__fini_array_start = .)
 *(SORT_BY_NAME(.fini_array.*))
 *(.fini_array*)
 .fini_array    0x000000000800be10        0x4 c:/st/stm32cubeide_1.9.0/stm32cubeide/plugins/com.st.stm32cube.ide.mcu.externaltools.gnu-tools-for-stm32.10.3-2021.10.win32_1.0.0.202111181127/tools/bin/../lib/gcc/arm-none-eabi/10.3.1/thumb/v7e-m+fp/hard/crtbegin.o
                [!provide]                        PROVIDE (__fini_array_end = .)
                0x000000000800be14                . = ALIGN (0x4)
                0x000000000800be14                _sidata = LOADADDR (.data)

.data           0x0000000020000000      0x178 load address 0x000000000800be14
                0x0000000020000000                . = ALIGN (0x4)
                0x0000000020000000                _sdata = .
 *(.data)
 *(.data*)
 .data.sample_rate
                0x0000000020000000        0x4 ./Core/Src/EEG_simulation.o
                0x0000000020000000                sample_rate
 .data.DAC_Channel_Masks
                0x0000000020000004        0x8 ./Core/Src/EEG_simulation.o
                0x0000000020000004                DAC_Channel_Masks
 .data.dacs_count
                0x000000002000000c        0x1 ./Core/Src/main.o
                0x000000002000000c                dacs_count
 *fill*         0x000000002000000d        0x3 
 .data.SystemCoreClock
                0x0000000020000010        0x4 ./Core/Src/system_stm32f4xx.o
                0x0000000020000010                SystemCoreClock
 .data.uwTickPrio
                0x0000000020000014        0x4 ./Drivers/STM32F4xx_HAL_Driver/Src/stm32f4xx_hal.o
                0x0000000020000014                uwTickPrio
 .data.uwTickFreq
                0x0000000020000018        0x1 ./Drivers/STM32F4xx_HAL_Driver/Src/stm32f4xx_hal.o
                0x0000000020000018                uwTickFreq
 *fill*         0x0000000020000019        0x3 
 .data.USBD_CDC_DeviceQualifierDesc
                0x000000002000001c        0xa ./Middlewares/ST/STM32_USB_Device_Library/Class/CDC/Src/usbd_cdc.o
 *fill*         0x0000000020000026        0x2 
 .data.USBD_CDC
                0x0000000020000028       0x38 ./Middlewares/ST/STM32_USB_Device_Library/Class/CDC/Src/usbd_cdc.o
                0x0000000020000028                USBD_CDC
 .data.USBD_CDC_CfgDesc
                0x0000000020000060       0x43 ./Middlewares/ST/STM32_USB_Device_Library/Class/CDC/Src/usbd_cdc.o
 .data.CDCInEpAdd
                0x00000000200000a3        0x1 ./Middlewares/ST/STM32_USB_Device_Library/Class/CDC/Src/usbd_cdc.o
 .data.CDCOutEpAdd
                0x00000000200000a4        0x1 ./Middlewares/ST/STM32_USB_Device_Library/Class/CDC/Src/usbd_cdc.o
 .data.CDCCmdEpAdd
                0x00000000200000a5        0x1 ./Middlewares/ST/STM32_USB_Device_Library/Class/CDC/Src/usbd_cdc.o
 *fill*         0x00000000200000a6        0x2 
 .data.uxCriticalNesting
                0x00000000200000a8        0x4 ./Middlewares/Third_Party/FreeRTOS/Source/portable/GCC/ARM_CM4F/port.o
 .data.receive_buff_flag
                0x00000000200000ac        0x1 ./USB_DEVICE/App/usbd_cdc_if.o
                0x00000000200000ac                receive_buff_flag
 *fill*         0x00000000200000ad        0x3 
 .data.USBD_Interface_fops_FS
                0x00000000200000b0       0x14 ./USB_DEVICE/App/usbd_cdc_if.o
                0x00000000200000b0                USBD_Interface_fops_FS
 .data.FS_Desc  0x00000000200000c4       0x1c ./USB_DEVICE/App/usbd_desc.o
                0x00000000200000c4                FS_Desc
 .data.USBD_FS_DeviceDesc
                0x00000000200000e0       0x12 ./USB_DEVICE/App/usbd_desc.o
                0x00000000200000e0                USBD_FS_DeviceDesc
 *fill*         0x00000000200000f2        0x2 
 .data.USBD_LangIDDesc
                0x00000000200000f4        0x4 ./USB_DEVICE/App/usbd_desc.o
                0x00000000200000f4                USBD_LangIDDesc
 .data.USBD_StringSerial
                0x00000000200000f8       0x1a ./USB_DEVICE/App/usbd_desc.o
                0x00000000200000f8                USBD_StringSerial
 *fill*         0x0000000020000112        0x2 
 .data._impure_ptr
                0x0000000020000114        0x4 c:/st/stm32cubeide_1.9.0/stm32cubeide/plugins/com.st.stm32cube.ide.mcu.externaltools.gnu-tools-for-stm32.10.3-2021.10.win32_1.0.0.202111181127/tools/bin/../lib/gcc/arm-none-eabi/10.3.1/../../../../arm-none-eabi/lib/thumb/v7e-m+fp/hard\libc_nano.a(lib_a-impure.o)
                0x0000000020000114                _impure_ptr
 .data.impure_data
                0x0000000020000118       0x60 c:/st/stm32cubeide_1.9.0/stm32cubeide/plugins/com.st.stm32cube.ide.mcu.externaltools.gnu-tools-for-stm32.10.3-2021.10.win32_1.0.0.202111181127/tools/bin/../lib/gcc/arm-none-eabi/10.3.1/../../../../arm-none-eabi/lib/thumb/v7e-m+fp/hard\libc_nano.a(lib_a-impure.o)
 *(.RamFunc)
 *(.RamFunc*)
                0x0000000020000178                . = ALIGN (0x4)
                0x0000000020000178                _edata = .

.igot.plt       0x0000000020000178        0x0 load address 0x000000000800bf8c
 .igot.plt      0x0000000020000178        0x0 c:/st/stm32cubeide_1.9.0/stm32cubeide/plugins/com.st.stm32cube.ide.mcu.externaltools.gnu-tools-for-stm32.10.3-2021.10.win32_1.0.0.202111181127/tools/bin/../lib/gcc/arm-none-eabi/10.3.1/thumb/v7e-m+fp/hard/crtbegin.o
                0x0000000020000178                . = ALIGN (0x4)

.bss            0x0000000020000178     0x78a4 load address 0x000000000800bf8c
                0x0000000020000178                _sbss = .
                0x0000000020000178                __bss_start__ = _sbss
 *(.bss)
 .bss           0x0000000020000178       0x1c c:/st/stm32cubeide_1.9.0/stm32cubeide/plugins/com.st.stm32cube.ide.mcu.externaltools.gnu-tools-for-stm32.10.3-2021.10.win32_1.0.0.202111181127/tools/bin/../lib/gcc/arm-none-eabi/10.3.1/thumb/v7e-m+fp/hard/crtbegin.o
 *(.bss*)
 .bss.hspi1     0x0000000020000194       0x58 ./Core/Src/main.o
                0x0000000020000194                hspi1
 .bss.hspi3     0x00000000200001ec       0x58 ./Core/Src/main.o
                0x00000000200001ec                hspi3
 .bss.hspi4     0x0000000020000244       0x58 ./Core/Src/main.o
                0x0000000020000244                hspi4
 .bss.hspi5     0x000000002000029c       0x58 ./Core/Src/main.o
                0x000000002000029c                hspi5
 .bss.husart1   0x00000000200002f4       0x44 ./Core/Src/main.o
                0x00000000200002f4                husart1
 .bss.sendDataToDACsHandle
                0x0000000020000338        0x4 ./Core/Src/main.o
                0x0000000020000338                sendDataToDACsHandle
 .bss.myTask02Handle
                0x000000002000033c        0x4 ./Core/Src/main.o
                0x000000002000033c                myTask02Handle
 .bss.dataQueueSemaphoreHandle
                0x0000000020000340        0x4 ./Core/Src/main.o
                0x0000000020000340                dataQueueSemaphoreHandle
 .bss.dac_handler_A
                0x0000000020000344       0x10 ./Core/Src/main.o
                0x0000000020000344                dac_handler_A
 .bss.dac_handler_B
                0x0000000020000354       0x10 ./Core/Src/main.o
                0x0000000020000354                dac_handler_B
 .bss.dac_handler_C
                0x0000000020000364       0x10 ./Core/Src/main.o
                0x0000000020000364                dac_handler_C
 .bss.dac_handler_D
                0x0000000020000374       0x10 ./Core/Src/main.o
                0x0000000020000374                dac_handler_D
 .bss.list_of_dacs
                0x0000000020000384        0x4 ./Core/Src/main.o
                0x0000000020000384                list_of_dacs
 .bss.LDAC      0x0000000020000388        0x8 ./Core/Src/main.o
                0x0000000020000388                LDAC
 .bss.data_queue
                0x0000000020000390     0x1010 ./Core/Src/main.o
                0x0000000020000390                data_queue
 .bss.htim9     0x00000000200013a0       0x48 ./Core/Src/stm32f4xx_hal_timebase_tim.o
                0x00000000200013a0                htim9
 .bss.__sbrk_heap_end
                0x00000000200013e8        0x4 ./Core/Src/sysmem.o
 .bss.uwTick    0x00000000200013ec        0x4 ./Drivers/STM32F4xx_HAL_Driver/Src/stm32f4xx_hal.o
                0x00000000200013ec                uwTick
 .bss.cfgidx.0  0x00000000200013f0        0x1 ./Middlewares/ST/STM32_USB_Device_Library/Core/Src/usbd_ctlreq.o
 *fill*         0x00000000200013f1        0x3 
 .bss.KernelState
                0x00000000200013f4        0x4 ./Middlewares/Third_Party/FreeRTOS/Source/CMSIS_RTOS_V2/cmsis_os2.o
 .bss.Idle_TCB.3
                0x00000000200013f8       0xbc ./Middlewares/Third_Party/FreeRTOS/Source/CMSIS_RTOS_V2/cmsis_os2.o
 .bss.Idle_Stack.2
                0x00000000200014b4      0x200 ./Middlewares/Third_Party/FreeRTOS/Source/CMSIS_RTOS_V2/cmsis_os2.o
 .bss.Timer_TCB.1
                0x00000000200016b4       0xbc ./Middlewares/Third_Party/FreeRTOS/Source/CMSIS_RTOS_V2/cmsis_os2.o
 .bss.Timer_Stack.0
                0x0000000020001770      0x400 ./Middlewares/Third_Party/FreeRTOS/Source/CMSIS_RTOS_V2/cmsis_os2.o
 .bss.xQueueRegistry
                0x0000000020001b70       0x40 ./Middlewares/Third_Party/FreeRTOS/Source/queue.o
                0x0000000020001b70                xQueueRegistry
 .bss.pxCurrentTCB
                0x0000000020001bb0        0x4 ./Middlewares/Third_Party/FreeRTOS/Source/tasks.o
                0x0000000020001bb0                pxCurrentTCB
 .bss.pxReadyTasksLists
                0x0000000020001bb4      0x460 ./Middlewares/Third_Party/FreeRTOS/Source/tasks.o
 .bss.xDelayedTaskList1
                0x0000000020002014       0x14 ./Middlewares/Third_Party/FreeRTOS/Source/tasks.o
 .bss.xDelayedTaskList2
                0x0000000020002028       0x14 ./Middlewares/Third_Party/FreeRTOS/Source/tasks.o
 .bss.pxDelayedTaskList
                0x000000002000203c        0x4 ./Middlewares/Third_Party/FreeRTOS/Source/tasks.o
 .bss.pxOverflowDelayedTaskList
                0x0000000020002040        0x4 ./Middlewares/Third_Party/FreeRTOS/Source/tasks.o
 .bss.xPendingReadyList
                0x0000000020002044       0x14 ./Middlewares/Third_Party/FreeRTOS/Source/tasks.o
 .bss.xTasksWaitingTermination
                0x0000000020002058       0x14 ./Middlewares/Third_Party/FreeRTOS/Source/tasks.o
 .bss.uxDeletedTasksWaitingCleanUp
                0x000000002000206c        0x4 ./Middlewares/Third_Party/FreeRTOS/Source/tasks.o
 .bss.xSuspendedTaskList
                0x0000000020002070       0x14 ./Middlewares/Third_Party/FreeRTOS/Source/tasks.o
 .bss.uxCurrentNumberOfTasks
                0x0000000020002084        0x4 ./Middlewares/Third_Party/FreeRTOS/Source/tasks.o
 .bss.xTickCount
                0x0000000020002088        0x4 ./Middlewares/Third_Party/FreeRTOS/Source/tasks.o
 .bss.uxTopReadyPriority
                0x000000002000208c        0x4 ./Middlewares/Third_Party/FreeRTOS/Source/tasks.o
 .bss.xSchedulerRunning
                0x0000000020002090        0x4 ./Middlewares/Third_Party/FreeRTOS/Source/tasks.o
 .bss.xPendedTicks
                0x0000000020002094        0x4 ./Middlewares/Third_Party/FreeRTOS/Source/tasks.o
 .bss.xYieldPending
                0x0000000020002098        0x4 ./Middlewares/Third_Party/FreeRTOS/Source/tasks.o
 .bss.xNumOfOverflows
                0x000000002000209c        0x4 ./Middlewares/Third_Party/FreeRTOS/Source/tasks.o
 .bss.uxTaskNumber
                0x00000000200020a0        0x4 ./Middlewares/Third_Party/FreeRTOS/Source/tasks.o
 .bss.xNextTaskUnblockTime
                0x00000000200020a4        0x4 ./Middlewares/Third_Party/FreeRTOS/Source/tasks.o
 .bss.xIdleTaskHandle
                0x00000000200020a8        0x4 ./Middlewares/Third_Party/FreeRTOS/Source/tasks.o
 .bss.uxSchedulerSuspended
                0x00000000200020ac        0x4 ./Middlewares/Third_Party/FreeRTOS/Source/tasks.o
 .bss.xActiveTimerList1
                0x00000000200020b0       0x14 ./Middlewares/Third_Party/FreeRTOS/Source/timers.o
 .bss.xActiveTimerList2
                0x00000000200020c4       0x14 ./Middlewares/Third_Party/FreeRTOS/Source/timers.o
 .bss.pxCurrentTimerList
                0x00000000200020d8        0x4 ./Middlewares/Third_Party/FreeRTOS/Source/timers.o
 .bss.pxOverflowTimerList
                0x00000000200020dc        0x4 ./Middlewares/Third_Party/FreeRTOS/Source/timers.o
 .bss.xTimerQueue
                0x00000000200020e0        0x4 ./Middlewares/Third_Party/FreeRTOS/Source/timers.o
 .bss.xTimerTaskHandle
                0x00000000200020e4        0x4 ./Middlewares/Third_Party/FreeRTOS/Source/timers.o
 .bss.xLastTime.2
                0x00000000200020e8        0x4 ./Middlewares/Third_Party/FreeRTOS/Source/timers.o
 .bss.ucStaticTimerQueueStorage.1
                0x00000000200020ec       0xa0 ./Middlewares/Third_Party/FreeRTOS/Source/timers.o
 .bss.xStaticTimerQueue.0
                0x000000002000218c       0x50 ./Middlewares/Third_Party/FreeRTOS/Source/timers.o
 .bss.ucMaxSysCallPriority
                0x00000000200021dc        0x1 ./Middlewares/Third_Party/FreeRTOS/Source/portable/GCC/ARM_CM4F/port.o
 *fill*         0x00000000200021dd        0x3 
 .bss.ulMaxPRIGROUPValue