00:56:14 **** Incremental Build of configuration Debug for project I2C_Gonza ****
make -j4 all 
arm-none-eabi-gcc "../Core/Src/main.c" -mcpu=cortex-m3 -std=gnu11 -g3 -DDEBUG -DUSE_HAL_DRIVER -DSTM32F103x6 -c -I../Core/Inc -I../Drivers/STM32F1xx_HAL_Driver/Inc -I../Drivers/STM32F1xx_HAL_Driver/Inc/Legacy -I../Drivers/CMSIS/Device/ST/STM32F1xx/Include -I../Drivers/CMSIS/Include -O0 -ffunction-sections -fdata-sections -Wall -fstack-usage -MMD -MP -MF"Core/Src/main.d" -MT"Core/Src/main.o" --specs=nano.specs -mfloat-abi=soft -mthumb -o "Core/Src/main.o"
../Core/Src/main.c: In function 'main':
../Core/Src/main.c:107:22: warning: unused variable 'ret' [-Wunused-variable]
  107 |    HAL_StatusTypeDef ret;
      |                      ^~~
arm-none-eabi-gcc -o "I2C_Gonza.elf" @"objects.list"   -mcpu=cortex-m3 -T"C:\Users\gonza\Desktop\TPProfresional\TProfesional_EEG\CubeIDE_projects\I2C_Gonza\STM32F103C6TX_FLASH.ld" --specs=nosys.specs -Wl,-Map="I2C_Gonza.map" -Wl,--gc-sections -static --specs=nano.specs -mfloat-abi=soft -mthumb -Wl,--start-group -lc -lm -Wl,--end-group
Finished building target: I2C_Gonza.elf
 
arm-none-eabi-size   I2C_Gonza.elf 
arm-none-eabi-objdump -h -S  I2C_Gonza.elf  > "I2C_Gonza.list"
arm-none-eabi-objcopy  -O binary  I2C_Gonza.elf  "I2C_Gonza.bin"
   text	   data	    bss	    dec	    hex	filename
   7704	     20	   1660	   9384	   24a8	I2C_Gonza.elf
Finished building: default.size.stdout
 
Finished building: I2C_Gonza.bin
 
Finished building: I2C_Gonza.list
 
arm-none-eabi-objcopy -O ihex I2C_Gonza.elf I2C_Gonza.hex
 

00:56:20 Build Finished. 0 errors, 1 warnings. (took 6s.352ms)

