22:54:52 **** Incremental Build of configuration Debug for project SPI_con_DAC ****
make -j4 all 
arm-none-eabi-gcc "../Core/Src/main.c" -mcpu=cortex-m3 -std=gnu11 -g3 -DDEBUG -DUSE_HAL_DRIVER -DSTM32F103x6 -c -I../Core/Inc -I../Drivers/STM32F1xx_HAL_Driver/Inc -I../Drivers/STM32F1xx_HAL_Driver/Inc/Legacy -I../Drivers/CMSIS/Device/ST/STM32F1xx/Include -I../Drivers/CMSIS/Include -O0 -ffunction-sections -fdata-sections -Wall -fstack-usage -MMD -MP -MF"Core/Src/main.d" -MT"Core/Src/main.o" --specs=nano.specs -mfloat-abi=soft -mthumb -o "Core/Src/main.o"
arm-none-eabi-gcc -o "SPI_con_DAC.elf" @"objects.list"   -mcpu=cortex-m3 -T"C:\Users\gonza\Desktop\TPProfresional\TProfesional_EEG\CubeIDE_projects\SPI_con_DAC\STM32F103C6TX_FLASH.ld" --specs=nosys.specs -Wl,-Map="SPI_con_DAC.map" -Wl,--gc-sections -static --specs=nano.specs -mfloat-abi=soft -mthumb -Wl,--start-group -lc -lm -Wl,--end-group
Finished building target: SPI_con_DAC.elf
 
arm-none-eabi-size   SPI_con_DAC.elf 
arm-none-eabi-objdump -h -S  SPI_con_DAC.elf  > "SPI_con_DAC.list"
arm-none-eabi-objcopy  -O binary  SPI_con_DAC.elf  "SPI_con_DAC.bin"
   text	   data	    bss	    dec	    hex	filename
   6088	     20	   1660	   7768	   1e58	SPI_con_DAC.elf
Finished building: default.size.stdout
 
Finished building: SPI_con_DAC.bin
 
Finished building: SPI_con_DAC.list
 
arm-none-eabi-objcopy -O ihex SPI_con_DAC.elf SPI_con_DAC.hex
 

22:54:54 Build Finished. 0 errors, 0 warnings. (took 1s.725ms)

