23:12:41 **** Incremental Build of configuration Debug for project STM32F301C6_multiDAC ****
make -j4 all 
arm-none-eabi-gcc -o "STM32F301C6_multiDAC.elf" @"objects.list"   -mcpu=cortex-m4 -T"C:\Users\gonza\Desktop\TPProfresional\TProfesional_EEG\CubeIDE_projects\STM32F301C6_multiDAC\STM32F301C6TX_FLASH.ld" --specs=nosys.specs -Wl,-Map="STM32F301C6_multiDAC.map" -Wl,--gc-sections -static --specs=nano.specs -mfpu=fpv4-sp-d16 -mfloat-abi=hard -mthumb -Wl,--start-group -lc -lm -Wl,--end-group
Finished building target: STM32F301C6_multiDAC.elf
 
arm-none-eabi-size   STM32F301C6_multiDAC.elf 
arm-none-eabi-objdump -h -S  STM32F301C6_multiDAC.elf  > "STM32F301C6_multiDAC.list"
arm-none-eabi-objcopy  -O binary  STM32F301C6_multiDAC.elf  "STM32F301C6_multiDAC.bin"
   text	   data	    bss	    dec	    hex	filename
   9732	     20	   1772	  11524	   2d04	STM32F301C6_multiDAC.elf
Finished building: default.size.stdout
 
Finished building: STM32F301C6_multiDAC.bin
 
Finished building: STM32F301C6_multiDAC.list
 
arm-none-eabi-objcopy -O ihex STM32F301C6_multiDAC.elf STM32F301C6_multiDAC.hex
 

23:12:42 Build Finished. 0 errors, 0 warnings. (took 1s.511ms)

