20:48:00 **** Incremental Build of configuration Debug for project STM32F401CCFx ****
make -j4 all 
arm-none-eabi-gcc "../Core/Src/main.c" -mcpu=cortex-m4 -std=gnu11 -g3 -DDEBUG -DUSE_HAL_DRIVER -DSTM32F401xC -c -I../Core/Inc -I../Drivers/STM32F4xx_HAL_Driver/Inc -I../Drivers/STM32F4xx_HAL_Driver/Inc/Legacy -I../Drivers/CMSIS/Device/ST/STM32F4xx/Include -I../Drivers/CMSIS/Include -O0 -ffunction-sections -fdata-sections -Wall -fstack-usage -MMD -MP -MF"Core/Src/main.d" -MT"Core/Src/main.o" --specs=nano.specs -mfpu=fpv4-sp-d16 -mfloat-abi=hard -mthumb -o "Core/Src/main.o"
arm-none-eabi-gcc -o "STM32F401CCFx.elf" @"objects.list"   -mcpu=cortex-m4 -T"C:\Users\gonza\Desktop\TPProfresional\TProfesional_EEG\CubeIDE_projects\STM32F401CCFx\STM32F401CCFX_FLASH.ld" --specs=nosys.specs -Wl,-Map="STM32F401CCFx.map" -Wl,--gc-sections -static --specs=nano.specs -mfpu=fpv4-sp-d16 -mfloat-abi=hard -mthumb -Wl,--start-group -lc -lm -Wl,--end-group
Finished building target: STM32F401CCFx.elf
 
arm-none-eabi-size   STM32F401CCFx.elf 
arm-none-eabi-objdump -h -S  STM32F401CCFx.elf  > "STM32F401CCFx.list"
arm-none-eabi-objcopy  -O binary  STM32F401CCFx.elf  "STM32F401CCFx.bin"
   text	   data	    bss	    dec	    hex	filename
   7296	     20	   1660	   8976	   2310	STM32F401CCFx.elf
Finished building: default.size.stdout
 
Finished building: STM32F401CCFx.bin
 
Finished building: STM32F401CCFx.list
 
arm-none-eabi-objcopy -O ihex STM32F401CCFx.elf STM32F401CCFx.hex
 

20:48:04 Build Finished. 0 errors, 0 warnings. (took 3s.289ms)

