edflib.c:208:5:edflib_is_file_used	24	static
edflib.c:227:5:edflib_get_number_of_open_files	4	static
edflib.c:233:5:edflib_get_handle	24	static
edflib.c:252:5:edfopen_file_readonly	56	static
edflib.c:467:5:edfclose_file	416	static
edflib.c:696:11:edfseek	56	static
edflib.c:767:11:edftell	24	static
edflib.c:808:6:edfrewind	24	static
edflib.c:849:5:edfread_physical_samples	192	static
edflib.c:1036:5:edfread_digital_samples	176	static
edflib.c:1216:5:edf_get_annotation	24	static
edflib.c:1258:29:edflib_check_edf_file	280	static
edflib.c:2638:12:edflib_is_integer_number	40	static
edflib.c:2685:12:edflib_is_number	48	static
edflib.c:2794:18:edflib_get_long_duration	96	static
edflib.c:2862:5:edflib_version	4	static
edflib.c:2868:12:edflib_get_annotations	208	static
edflib.c:3258:12:edflib_is_duration_number	32	static
edflib.c:3286:12:edflib_is_onset_number	32	static
edflib.c:3316:18:edflib_get_long_time	104	static
edflib.c:3379:13:edflib_latin1_to_ascii	24	static
edflib.c:3590:13:edflib_latin12utf8	544	static
edflib.c:3642:5:edfopen_file_writeonly	40	static
edflib.c:3769:5:edf_set_samplefrequency	24	static
edflib.c:3817:5:edf_set_number_of_annotation_signals	16	static
edflib.c:3855:5:edf_set_datarecord_duration	72	static
edflib.c:3908:5:edf_set_micro_datarecord_duration	40	static
edflib.c:3948:5:edf_set_subsecond_starttime	16	static
edflib.c:3986:5:edfwrite_digital_short_samples	64	static
edflib.c:4144:5:edfwrite_digital_samples	64	static
edflib.c:4316:5:edf_blockwrite_digital_samples	72	static
edflib.c:4491:5:edf_blockwrite_digital_short_samples	72	static
edflib.c:4652:5:edf_blockwrite_digital_3byte_samples	48	static
edflib.c:4738:5:edfwrite_physical_samples	80	static
edflib.c:4917:5:edf_blockwrite_physical_samples	88	static
edflib.c:5099:12:edflib_write_edf_header	216	static
edflib.c:5761:5:edf_set_label	24	static
edflib.c:5808:5:edf_set_physical_dimension	24	static
edflib.c:5855:5:edf_set_physical_maximum	24	static
edflib.c:5898:5:edf_set_physical_minimum	24	static
edflib.c:5941:5:edf_set_digital_maximum	24	static
edflib.c:5999:5:edf_set_digital_minimum	24	static
edflib.c:6057:5:edf_set_patientname	16	static
edflib.c:6094:5:edf_set_patientcode	16	static
edflib.c:6131:5:edf_set_gender	16	static
edflib.c:6178:5:edf_set_birthdate	40	static
edflib.c:6220:5:edf_set_patient_additional	16	static
edflib.c:6257:5:edf_set_admincode	16	static
edflib.c:6294:5:edf_set_technician	16	static
edflib.c:6331:5:edf_set_equipment	16	static
edflib.c:6368:5:edf_set_recording_additional	16	static
edflib.c:6405:5:edf_set_startdatetime	24	static
edflib.c:6454:5:edfwrite_annotation_utf8	40	static
edflib.c:6526:5:edfwrite_annotation_latin1	80	static
edflib.c:6588:13:edflib_remove_padding_trailing_spaces	24	static
edflib.c:6619:5:edf_set_prefilter	24	static
edflib.c:6666:5:edf_set_transducer	24	static
edflib.c:6717:12:edflib_fprint_int_number_nonlocalized	48	static
edflib.c:6787:12:edflib_fprint_ll_number_nonlocalized	56	static
edflib.c:6924:12:edflib_snprint_ll_number_nonlocalized	56	static
edflib.c:7012:12:edflib_snprint_number_nonlocalized	64	static
edflib.c:7143:15:edflib_atof_nonlocalized	72	static
edflib.c:7266:12:edflib_atoi_nonlocalized	32	static
edflib.c:7306:12:edflib_write_tal	7472	static
edflib.c:7334:12:edflib_strlcpy	32	static
edflib.c:7352:12:edflib_strlcat	32	static
