Archive member included to satisfy reference by file (symbol)

/opt/st/stm32cubeide_1.8.0/plugins/com.st.stm32cube.ide.mcu.externaltools.gnu-tools-for-stm32.9-2020-q2-update.linux64_2.0.0.202105311346/tools/bin/../lib/gcc/arm-none-eabi/9.3.1/../../../../arm-none-eabi/lib/thumb/v7-m/nofp/libc_nano.a(lib_a-errno.o)
                              ./Core/Src/syscalls.o (__errno)
/opt/st/stm32cubeide_1.8.0/plugins/com.st.stm32cube.ide.mcu.externaltools.gnu-tools-for-stm32.9-2020-q2-update.linux64_2.0.0.202105311346/tools/bin/../lib/gcc/arm-none-eabi/9.3.1/../../../../arm-none-eabi/lib/thumb/v7-m/nofp/libc_nano.a(lib_a-exit.o)
                              /opt/st/stm32cubeide_1.8.0/plugins/com.st.stm32cube.ide.mcu.externaltools.gnu-tools-for-stm32.9-2020-q2-update.linux64_2.0.0.202105311346/tools/bin/../lib/gcc/arm-none-eabi/9.3.1/../../../../arm-none-eabi/lib/thumb/v7-m/nofp/crt0.o (exit)
/opt/st/stm32cubeide_1.8.0/plugins/com.st.stm32cube.ide.mcu.externaltools.gnu-tools-for-stm32.9-2020-q2-update.linux64_2.0.0.202105311346/tools/bin/../lib/gcc/arm-none-eabi/9.3.1/../../../../arm-none-eabi/lib/thumb/v7-m/nofp/libc_nano.a(lib_a-impure.o)
                              /opt/st/stm32cubeide_1.8.0/plugins/com.st.stm32cube.ide.mcu.externaltools.gnu-tools-for-stm32.9-2020-q2-update.linux64_2.0.0.202105311346/tools/bin/../lib/gcc/arm-none-eabi/9.3.1/../../../../arm-none-eabi/lib/thumb/v7-m/nofp/libc_nano.a(lib_a-exit.o) (_global_impure_ptr)
/opt/st/stm32cubeide_1.8.0/plugins/com.st.stm32cube.ide.mcu.externaltools.gnu-tools-for-stm32.9-2020-q2-update.linux64_2.0.0.202105311346/tools/bin/../lib/gcc/arm-none-eabi/9.3.1/../../../../arm-none-eabi/lib/thumb/v7-m/nofp/libc_nano.a(lib_a-init.o)
                              /opt/st/stm32cubeide_1.8.0/plugins/com.st.stm32cube.ide.mcu.externaltools.gnu-tools-for-stm32.9-2020-q2-update.linux64_2.0.0.202105311346/tools/bin/../lib/gcc/arm-none-eabi/9.3.1/../../../../arm-none-eabi/lib/thumb/v7-m/nofp/crt0.o (__libc_init_array)
/opt/st/stm32cubeide_1.8.0/plugins/com.st.stm32cube.ide.mcu.externaltools.gnu-tools-for-stm32.9-2020-q2-update.linux64_2.0.0.202105311346/tools/bin/../lib/gcc/arm-none-eabi/9.3.1/../../../../arm-none-eabi/lib/thumb/v7-m/nofp/libc_nano.a(lib_a-memcpy-stub.o)
                              ./USB_DEVICE/App/usbd_cdc_if.o (memcpy)
/opt/st/stm32cubeide_1.8.0/plugins/com.st.stm32cube.ide.mcu.externaltools.gnu-tools-for-stm32.9-2020-q2-update.linux64_2.0.0.202105311346/tools/bin/../lib/gcc/arm-none-eabi/9.3.1/../../../../arm-none-eabi/lib/thumb/v7-m/nofp/libc_nano.a(lib_a-memset.o)
                              /opt/st/stm32cubeide_1.8.0/plugins/com.st.stm32cube.ide.mcu.externaltools.gnu-tools-for-stm32.9-2020-q2-update.linux64_2.0.0.202105311346/tools/bin/../lib/gcc/arm-none-eabi/9.3.1/../../../../arm-none-eabi/lib/thumb/v7-m/nofp/crt0.o (memset)

Allocating common symbols
Common symbol       size              file

hUsbDeviceFS        0x2c4             ./USB_DEVICE/App/usb_device.o
uwTick              0x4               ./Drivers/STM32F1xx_HAL_Driver/Src/stm32f1xx_hal.o
pFlash              0x20              ./Drivers/STM32F1xx_HAL_Driver/Src/stm32f1xx_hal_flash.o
UserRxBufferFS      0x3e8             ./USB_DEVICE/App/usbd_cdc_if.o
UserTxBufferFS      0x3e8             ./USB_DEVICE/App/usbd_cdc_if.o
buffer              0x4               ./Core/Src/main.o
huart2              0x44              ./Core/Src/main.o
hpcd_USB_FS         0x2ec             ./USB_DEVICE/Target/usbd_conf.o
USBD_StrDesc        0x200             ./USB_DEVICE/App/usbd_desc.o

Discarded input sections

 .text          0x0000000000000000        0x0 /opt/st/stm32cubeide_1.8.0/plugins/com.st.stm32cube.ide.mcu.externaltools.gnu-tools-for-stm32.9-2020-q2-update.linux64_2.0.0.202105311346/tools/bin/../lib/gcc/arm-none-eabi/9.3.1/thumb/v7-m/nofp/crti.o
 .data          0x0000000000000000        0x0 /opt/st/stm32cubeide_1.8.0/plugins/com.st.stm32cube.ide.mcu.externaltools.gnu-tools-for-stm32.9-2020-q2-update.linux64_2.0.0.202105311346/tools/bin/../lib/gcc/arm-none-eabi/9.3.1/thumb/v7-m/nofp/crti.o
 .bss           0x0000000000000000        0x0 /opt/st/stm32cubeide_1.8.0/plugins/com.st.stm32cube.ide.mcu.externaltools.gnu-tools-for-stm32.9-2020-q2-update.linux64_2.0.0.202105311346/tools/bin/../lib/gcc/arm-none-eabi/9.3.1/thumb/v7-m/nofp/crti.o
 .data          0x0000000000000000        0x4 /opt/st/stm32cubeide_1.8.0/plugins/com.st.stm32cube.ide.mcu.externaltools.gnu-tools-for-stm32.9-2020-q2-update.linux64_2.0.0.202105311346/tools/bin/../lib/gcc/arm-none-eabi/9.3.1/thumb/v7-m/nofp/crtbegin.o
 .text          0x0000000000000000       0x7c /opt/st/stm32cubeide_1.8.0/plugins/com.st.stm32cube.ide.mcu.externaltools.gnu-tools-for-stm32.9-2020-q2-update.linux64_2.0.0.202105311346/tools/bin/../lib/gcc/arm-none-eabi/9.3.1/../../../../arm-none-eabi/lib/thumb/v7-m/nofp/crt0.o
[...]
Memory Configuration

Name             Origin             Length             Attributes
RAM              0x0000000020000000 0x0000000000005000 xrw
FLASH            0x0000000008000000 0x0000000000010000 xr
*default*        0x0000000000000000 0xffffffffffffffff

Linker script and memory map

LOAD /opt/st/stm32cubeide_1.8.0/plugins/com.st.stm32cube.ide.mcu.externaltools.gnu-tools-for-stm32.9-2020-q2-update.linux64_2.0.0.202105311346/tools/bin/../lib/gcc/arm-none-eabi/9.3.1/thumb/v7-m/nofp/crti.o
LOAD /opt/st/stm32cubeide_1.8.0/plugins/com.st.stm32cube.ide.mcu.externaltools.gnu-tools-for-stm32.9-2020-q2-update.linux64_2.0.0.202105311346/tools/bin/../lib/gcc/arm-none-eabi/9.3.1/thumb/v7-m/nofp/crtbegin.o
LOAD /opt/st/stm32cubeide_1.8.0/plugins/com.st.stm32cube.ide.mcu.externaltools.gnu-tools-for-stm32.9-2020-q2-update.linux64_2.0.0.202105311346/tools/bin/../lib/gcc/arm-none-eabi/9.3.1/../../../../arm-none-eabi/lib/thumb/v7-m/nofp/crt0.o
LOAD ./Core/Src/main.o
LOAD ./Core/Src/stm32f1xx_hal_msp.o
LOAD ./Core/Src/stm32f1xx_it.o
LOAD ./Core/Src/syscalls.o
LOAD ./Core/Src/sysmem.o
LOAD ./Core/Src/system_stm32f1xx.o
LOAD ./Core/Startup/startup_stm32f103c8tx.o
LOAD ./Drivers/STM32F1xx_HAL_Driver/Src/stm32f1xx_hal.o
LOAD ./Drivers/STM32F1xx_HAL_Driver/Src/stm32f1xx_hal_cortex.o
LOAD ./Drivers/STM32F1xx_HAL_Driver/Src/stm32f1xx_hal_dma.o
LOAD ./Drivers/STM32F1xx_HAL_Driver/Src/stm32f1xx_hal_exti.o
LOAD ./Drivers/STM32F1xx_HAL_Driver/Src/stm32f1xx_hal_flash.o
LOAD ./Drivers/STM32F1xx_HAL_Driver/Src/stm32f1xx_hal_flash_ex.o
LOAD ./Drivers/STM32F1xx_HAL_Driver/Src/stm32f1xx_hal_gpio.o
LOAD ./Drivers/STM32F1xx_HAL_Driver/Src/stm32f1xx_hal_gpio_ex.o
LOAD ./Drivers/STM32F1xx_HAL_Driver/Src/stm32f1xx_hal_pcd.o
LOAD ./Drivers/STM32F1xx_HAL_Driver/Src/stm32f1xx_hal_pcd_ex.o
LOAD ./Drivers/STM32F1xx_HAL_Driver/Src/stm32f1xx_hal_pwr.o
LOAD ./Drivers/STM32F1xx_HAL_Driver/Src/stm32f1xx_hal_rcc.o
LOAD ./Drivers/STM32F1xx_HAL_Driver/Src/stm32f1xx_hal_rcc_ex.o
LOAD ./Drivers/STM32F1xx_HAL_Driver/Src/stm32f1xx_hal_tim.o
LOAD ./Drivers/STM32F1xx_HAL_Driver/Src/stm32f1xx_hal_tim_ex.o
LOAD ./Drivers/STM32F1xx_HAL_Driver/Src/stm32f1xx_hal_uart.o
LOAD ./Drivers/STM32F1xx_HAL_Driver/Src/stm32f1xx_ll_usb.o
LOAD ./Middlewares/ST/STM32_USB_Device_Library/Class/CDC/Src/usbd_cdc.o
LOAD ./Middlewares/ST/STM32_USB_Device_Library/Core/Src/usbd_core.o
LOAD ./Middlewares/ST/STM32_USB_Device_Library/Core/Src/usbd_ctlreq.o
LOAD ./Middlewares/ST/STM32_USB_Device_Library/Core/Src/usbd_ioreq.o
LOAD ./USB_DEVICE/App/usb_device.o
LOAD ./USB_DEVICE/App/usbd_cdc_if.o
LOAD ./USB_DEVICE/App/usbd_desc.o
LOAD ./USB_DEVICE/Target/usbd_conf.o
START GROUP
LOAD /opt/st/stm32cubeide_1.8.0/plugins/com.st.stm32cube.ide.mcu.externaltools.gnu-tools-for-stm32.9-2020-q2-update.linux64_2.0.0.202105311346/tools/bin/../lib/gcc/arm-none-eabi/9.3.1/../../../../arm-none-eabi/lib/thumb/v7-m/nofp/libc_nano.a
LOAD /opt/st/stm32cubeide_1.8.0/plugins/com.st.stm32cube.ide.mcu.externaltools.gnu-tools-for-stm32.9-2020-q2-update.linux64_2.0.0.202105311346/tools/bin/../lib/gcc/arm-none-eabi/9.3.1/../../../../arm-none-eabi/lib/thumb/v7-m/nofp/libm.a
END GROUP
START GROUP
LOAD /opt/st/stm32cubeide_1.8.0/plugins/com.st.stm32cube.ide.mcu.externaltools.gnu-tools-for-stm32.9-2020-q2-update.linux64_2.0.0.202105311346/tools/bin/../lib/gcc/arm-none-eabi/9.3.1/thumb/v7-m/nofp/libgcc.a
LOAD /opt/st/stm32cubeide_1.8.0/plugins/com.st.stm32cube.ide.mcu.externaltools.gnu-tools-for-stm32.9-2020-q2-update.linux64_2.0.0.202105311346/tools/bin/../lib/gcc/arm-none-eabi/9.3.1/../../../../arm-none-eabi/lib/thumb/v7-m/nofp/libc_nano.a
END GROUP
START GROUP
LOAD /opt/st/stm32cubeide_1.8.0/plugins/com.st.stm32cube.ide.mcu.externaltools.gnu-tools-for-stm32.9-2020-q2-update.linux64_2.0.0.202105311346/tools/bin/../lib/gcc/arm-none-eabi/9.3.1/thumb/v7-m/nofp/libgcc.a
LOAD /opt/st/stm32cubeide_1.8.0/plugins/com.st.stm32cube.ide.mcu.externaltools.gnu-tools-for-stm32.9-2020-q2-update.linux64_2.0.0.202105311346/tools/bin/../lib/gcc/arm-none-eabi/9.3.1/../../../../arm-none-eabi/lib/thumb/v7-m/nofp/libc_nano.a
LOAD /opt/st/stm32cubeide_1.8.0/plugins/com.st.stm32cube.ide.mcu.externaltools.gnu-tools-for-stm32.9-2020-q2-update.linux64_2.0.0.202105311346/tools/bin/../lib/gcc/arm-none-eabi/9.3.1/../../../../arm-none-eabi/lib/thumb/v7-m/nofp/libnosys.a
END GROUP
START GROUP
LOAD /opt/st/stm32cubeide_1.8.0/plugins/com.st.stm32cube.ide.mcu.externaltools.gnu-tools-for-stm32.9-2020-q2-update.linux64_2.0.0.202105311346/tools/bin/../lib/gcc/arm-none-eabi/9.3.1/thumb/v7-m/nofp/libgcc.a
LOAD /opt/st/stm32cubeide_1.8.0/plugins/com.st.stm32cube.ide.mcu.externaltools.gnu-tools-for-stm32.9-2020-q2-update.linux64_2.0.0.202105311346/tools/bin/../lib/gcc/arm-none-eabi/9.3.1/../../../../arm-none-eabi/lib/thumb/v7-m/nofp/libc_nano.a
LOAD /opt/st/stm32cubeide_1.8.0/plugins/com.st.stm32cube.ide.mcu.externaltools.gnu-tools-for-stm32.9-2020-q2-update.linux64_2.0.0.202105311346/tools/bin/../lib/gcc/arm-none-eabi/9.3.1/../../../../arm-none-eabi/lib/thumb/v7-m/nofp/libnosys.a
END GROUP
LOAD /opt/st/stm32cubeide_1.8.0/plugins/com.st.stm32cube.ide.mcu.externaltools.gnu-tools-for-stm32.9-2020-q2-update.linux64_2.0.0.202105311346/tools/bin/../lib/gcc/arm-none-eabi/9.3.1/thumb/v7-m/nofp/crtend.o
LOAD /opt/st/stm32cubeide_1.8.0/plugins/com.st.stm32cube.ide.mcu.externaltools.gnu-tools-for-stm32.9-2020-q2-update.linux64_2.0.0.202105311346/tools/bin/../lib/gcc/arm-none-eabi/9.3.1/thumb/v7-m/nofp/crtn.o
                0x0000000020005000                _estack = (ORIGIN (RAM) + LENGTH (RAM))
                0x0000000000000200                _Min_Heap_Size = 0x200
                0x0000000000000400                _Min_Stack_Size = 0x400

.isr_vector     0x0000000008000000      0x10c
                0x0000000008000000                . = ALIGN (0x4)
 *(.isr_vector)
 .isr_vector    0x0000000008000000      0x10c ./Core/Startup/startup_stm32f103c8tx.o
                0x0000000008000000                g_pfnVectors
                0x000000000800010c                . = ALIGN (0x4)

.text           0x000000000800010c     0x74f8
                0x000000000800010c                . = ALIGN (0x4)
 *(.text)
 .text          0x000000000800010c       0x40 /opt/st/stm32cubeide_1.8.0/plugins/com.st.stm32cube.ide.mcu.externaltools.gnu-tools-for-stm32.9-2020-q2-update.linux64_2.0.0.202105311346/tools/bin/../lib/gcc/arm-none-eabi/9.3.1/thumb/v7-m/nofp/crtbegin.o
 *(.text*)
 .text.main     0x000000000800014c       0x68 ./Core/Src/main.o
                0x000000000800014c                main
 .text.SystemClock_Config
                0x00000000080001b4       0xb4 ./Core/Src/main.o
                0x00000000080001b4                SystemClock_Config
 .text.MX_USART2_UART_Init
                0x0000000008000268       0x54 ./Core/Src/main.o
 .text.MX_GPIO_Init
                0x00000000080002bc       0xd8 ./Core/Src/main.o
 .text.Error_Handler
                0x0000000008000394        0xa ./Core/Src/main.o
                0x0000000008000394                Error_Handler
 *fill*         0x000000000800039e        0x2 
 .text.HAL_MspInit
                0x00000000080003a0       0x64 ./Core/Src/stm32f1xx_hal_msp.o
                0x00000000080003a0                HAL_MspInit
 .text.HAL_UART_MspInit
                0x0000000008000404       0x94 ./Core/Src/stm32f1xx_hal_msp.o
                0x0000000008000404                HAL_UART_MspInit
 .text.NMI_Handler
                0x0000000008000498        0x6 ./Core/Src/stm32f1xx_it.o
                0x0000000008000498                NMI_Handler
 .text.HardFault_Handler
                0x000000000800049e        0x6 ./Core/Src/stm32f1xx_it.o
                0x000000000800049e                HardFault_Handler
 .text.MemManage_Handler
                0x00000000080004a4        0x6 ./Core/Src/stm32f1xx_it.o
                0x00000000080004a4                MemManage_Handler
 .text.BusFault_Handler
                0x00000000080004aa        0x6 ./Core/Src/stm32f1xx_it.o
                0x00000000080004aa                BusFault_Handler
 .text.UsageFault_Handler
                0x00000000080004b0        0x6 ./Core/Src/stm32f1xx_it.o
                0x00000000080004b0                UsageFault_Handler
 .text.SVC_Handler
                0x00000000080004b6        0xc ./Core/Src/stm32f1xx_it.o
                0x00000000080004b6                SVC_Handler
 .text.DebugMon_Handler
                0x00000000080004c2        0xc ./Core/Src/stm32f1xx_it.o
                0x00000000080004c2                DebugMon_Handler
 .text.PendSV_Handler
                0x00000000080004ce        0xc ./Core/Src/stm32f1xx_it.o
                0x00000000080004ce                PendSV_Handler
 .text.SysTick_Handler
                0x00000000080004da        0xc ./Core/Src/stm32f1xx_it.o
                0x00000000080004da                SysTick_Handler
 *fill*         0x00000000080004e6        0x2 
 .text.USB_LP_CAN1_RX0_IRQHandler
                0x00000000080004e8       0x14 ./Core/Src/stm32f1xx_it.o
                0x00000000080004e8                USB_LP_CAN1_RX0_IRQHandler
 .text.SystemInit
                0x00000000080004fc        0xc ./Core/Src/system_stm32f1xx.o
                0x00000000080004fc                SystemInit
 .text.Reset_Handler
                0x0000000008000508       0x48 ./Core/Startup/startup_stm32f103c8tx.o
                0x0000000008000508                Reset_Handler
 .text.Default_Handler
                0x0000000008000550        0x2 ./Core/Startup/startup_stm32f103c8tx.o
                0x0000000008000550                RTC_Alarm_IRQHandler
                0x0000000008000550                EXTI2_IRQHandler
                0x0000000008000550                TIM1_CC_IRQHandler
                0x0000000008000550                PVD_IRQHandler
                0x0000000008000550                EXTI3_IRQHandler
                0x0000000008000550                EXTI0_IRQHandler
                0x0000000008000550                I2C2_EV_IRQHandler
                0x0000000008000550                ADC1_2_IRQHandler
                0x0000000008000550                SPI1_IRQHandler
                0x0000000008000550                TAMPER_IRQHandler
                0x0000000008000550                DMA1_Channel4_IRQHandler
                0x0000000008000550                USART3_IRQHandler
                0x0000000008000550                RTC_IRQHandler
                0x0000000008000550                DMA1_Channel7_IRQHandler
                0x0000000008000550                CAN1_RX1_IRQHandler
                0x0000000008000550                TIM4_IRQHandler
                0x0000000008000550                I2C1_EV_IRQHandler
                0x0000000008000550                DMA1_Channel6_IRQHandler
                0x0000000008000550                TIM3_IRQHandler
                0x0000000008000550                RCC_IRQHandler
                0x0000000008000550                TIM1_TRG_COM_IRQHandler
                0x0000000008000550                DMA1_Channel1_IRQHandler
                0x0000000008000550                Default_Handler
                0x0000000008000550                EXTI15_10_IRQHandler
                0x0000000008000550                EXTI9_5_IRQHandler
                0x0000000008000550                SPI2_IRQHandler
                0x0000000008000550                DMA1_Channel5_IRQHandler
                0x0000000008000550                EXTI4_IRQHandler
                0x0000000008000550                USB_HP_CAN1_TX_IRQHandler
                0x0000000008000550                DMA1_Channel3_IRQHandler
                0x0000000008000550                TIM1_UP_IRQHandler
                0x0000000008000550                WWDG_IRQHandler
                0x0000000008000550                TIM2_IRQHandler
                0x0000000008000550                TIM1_BRK_IRQHandler
                0x0000000008000550                EXTI1_IRQHandler
                0x0000000008000550                USART2_IRQHandler
                0x0000000008000550                I2C2_ER_IRQHandler
                0x0000000008000550                DMA1_Channel2_IRQHandler
                0x0000000008000550                CAN1_SCE_IRQHandler
                0x0000000008000550                FLASH_IRQHandler
                0x0000000008000550                USART1_IRQHandler
                0x0000000008000550                I2C1_ER_IRQHandler
                0x0000000008000550                USBWakeUp_IRQHandler
 *fill*         0x0000000008000552        0x2 
 .text.HAL_Init
                0x0000000008000554       0x2c ./Drivers/STM32F1xx_HAL_Driver/Src/stm32f1xx_hal.o
                0x0000000008000554                HAL_Init
 .text.HAL_InitTick
                0x0000000008000580       0x60 ./Drivers/STM32F1xx_HAL_Driver/Src/stm32f1xx_hal.o
                0x0000000008000580                HAL_InitTick
 .text.HAL_IncTick
                0x00000000080005e0       0x24 ./Drivers/STM32F1xx_HAL_Driver/Src/stm32f1xx_hal.o
                0x00000000080005e0                HAL_IncTick
 .text.HAL_GetTick
                0x0000000008000604       0x14 ./Drivers/STM32F1xx_HAL_Driver/Src/stm32f1xx_hal.o
                0x0000000008000604                HAL_GetTick
 .text.HAL_Delay
                0x0000000008000618       0x48 ./Drivers/STM32F1xx_HAL_Driver/Src/stm32f1xx_hal.o
                0x0000000008000618                HAL_Delay
 .text.__NVIC_SetPriorityGrouping
                0x0000000008000660       0x48 ./Drivers/STM32F1xx_HAL_Driver/Src/stm32f1xx_hal_cortex.o
 .text.__NVIC_GetPriorityGrouping
                0x00000000080006a8       0x1c ./Drivers/STM32F1xx_HAL_Driver/Src/stm32f1xx_hal_cortex.o
 .text.__NVIC_EnableIRQ
                0x00000000080006c4       0x38 ./Drivers/STM32F1xx_HAL_Driver/Src/stm32f1xx_hal_cortex.o
 .text.__NVIC_SetPriority
                0x00000000080006fc       0x54 ./Drivers/STM32F1xx_HAL_Driver/Src/stm32f1xx_hal_cortex.o
 .text.NVIC_EncodePriority
                0x0000000008000750       0x64 ./Drivers/STM32F1xx_HAL_Driver/Src/stm32f1xx_hal_cortex.o
 .text.SysTick_Config
                0x00000000080007b4       0x44 ./Drivers/STM32F1xx_HAL_Driver/Src/stm32f1xx_hal_cortex.o
 .text.HAL_NVIC_SetPriorityGrouping
                0x00000000080007f8       0x16 ./Drivers/STM32F1xx_HAL_Driver/Src/stm32f1xx_hal_cortex.o
                0x00000000080007f8                HAL_NVIC_SetPriorityGrouping
 .text.HAL_NVIC_SetPriority
                0x000000000800080e       0x38 ./Drivers/STM32F1xx_HAL_Driver/Src/stm32f1xx_hal_cortex.o
                0x000000000800080e                HAL_NVIC_SetPriority
 .text.HAL_NVIC_EnableIRQ
                0x0000000008000846       0x1c ./Drivers/STM32F1xx_HAL_Driver/Src/stm32f1xx_hal_cortex.o
                0x0000000008000846                HAL_NVIC_EnableIRQ
 .text.HAL_SYSTICK_Config
                0x0000000008000862       0x18 ./Drivers/STM32F1xx_HAL_Driver/Src/stm32f1xx_hal_cortex.o
                0x0000000008000862                HAL_SYSTICK_Config
 *fill*         0x000000000800087a        0x2 
 .text.HAL_GPIO_Init
                0x000000000800087c      0x308 ./Drivers/STM32F1xx_HAL_Driver/Src/stm32f1xx_hal_gpio.o
                0x000000000800087c                HAL_GPIO_Init
 .text.HAL_GPIO_WritePin
                0x0000000008000b84       0x30 ./Drivers/STM32F1xx_HAL_Driver/Src/stm32f1xx_hal_gpio.o
                0x0000000008000b84                HAL_GPIO_WritePin
 .text.HAL_GPIO_TogglePin
                0x0000000008000bb4       0x32 ./Drivers/STM32F1xx_HAL_Driver/Src/stm32f1xx_hal_gpio.o
                0x0000000008000bb4                HAL_GPIO_TogglePin
 .text.HAL_PCD_Init
                0x0000000008000be6      0x216 ./Drivers/STM32F1xx_HAL_Driver/Src/stm32f1xx_hal_pcd.o
                0x0000000008000be6                HAL_PCD_Init
 .text.HAL_PCD_Start
                0x0000000008000dfc       0x4c ./Drivers/STM32F1xx_HAL_Driver/Src/stm32f1xx_hal_pcd.o
                0x0000000008000dfc                HAL_PCD_Start
 .text.HAL_PCD_IRQHandler
                0x0000000008000e48      0x2aa ./Drivers/STM32F1xx_HAL_Driver/Src/stm32f1xx_hal_pcd.o
                0x0000000008000e48                HAL_PCD_IRQHandler
 .text.HAL_PCD_SetAddress
                0x00000000080010f2       0x4a ./Drivers/STM32F1xx_HAL_Driver/Src/stm32f1xx_hal_pcd.o
                0x00000000080010f2                HAL_PCD_SetAddress
 .text.HAL_PCD_EP_Open
                0x000000000800113c       0xcc ./Drivers/STM32F1xx_HAL_Driver/Src/stm32f1xx_hal_pcd.o
                0x000000000800113c                HAL_PCD_EP_Open
 .text.HAL_PCD_EP_Close
                0x0000000008001208       0x90 ./Drivers/STM32F1xx_HAL_Driver/Src/stm32f1xx_hal_pcd.o
                0x0000000008001208                HAL_PCD_EP_Close
 .text.HAL_PCD_EP_Receive
                0x0000000008001298       0x7a ./Drivers/STM32F1xx_HAL_Driver/Src/stm32f1xx_hal_pcd.o
                0x0000000008001298                HAL_PCD_EP_Receive
 .text.HAL_PCD_EP_GetRxCount
                0x0000000008001312       0x2e ./Drivers/STM32F1xx_HAL_Driver/Src/stm32f1xx_hal_pcd.o
                0x0000000008001312                HAL_PCD_EP_GetRxCount
 .text.HAL_PCD_EP_Transmit
                0x0000000008001340       0x86 ./Drivers/STM32F1xx_HAL_Driver/Src/stm32f1xx_hal_pcd.o
                0x0000000008001340                HAL_PCD_EP_Transmit
 .text.HAL_PCD_EP_SetStall
                0x00000000080013c6       0xc0 ./Drivers/STM32F1xx_HAL_Driver/Src/stm32f1xx_hal_pcd.o
                0x00000000080013c6                HAL_PCD_EP_SetStall
 .text.HAL_PCD_EP_ClrStall
                0x0000000008001486       0xa8 ./Drivers/STM32F1xx_HAL_Driver/Src/stm32f1xx_hal_pcd.o
                0x0000000008001486                HAL_PCD_EP_ClrStall
 .text.PCD_EP_ISR_Handler
                0x000000000800152e      0x600 ./Drivers/STM32F1xx_HAL_Driver/Src/stm32f1xx_hal_pcd.o
 .text.HAL_PCD_EP_DB_Receive
                0x0000000008001b2e      0x21a ./Drivers/STM32F1xx_HAL_Driver/Src/stm32f1xx_hal_pcd.o
 .text.HAL_PCD_EP_DB_Transmit
                0x0000000008001d48      0x7a4 ./Drivers/STM32F1xx_HAL_Driver/Src/stm32f1xx_hal_pcd.o
 .text.HAL_PCDEx_PMAConfig
                0x00000000080024ec       0x84 ./Drivers/STM32F1xx_HAL_Driver/Src/stm32f1xx_hal_pcd_ex.o
                0x00000000080024ec                HAL_PCDEx_PMAConfig
 .text.HAL_RCC_OscConfig
                0x0000000008002570      0x500 ./Drivers/STM32F1xx_HAL_Driver/Src/stm32f1xx_hal_rcc.o
                0x0000000008002570                HAL_RCC_OscConfig
 .text.HAL_RCC_ClockConfig
                0x0000000008002a70      0x1d4 ./Drivers/STM32F1xx_HAL_Driver/Src/stm32f1xx_hal_rcc.o
                0x0000000008002a70                HAL_RCC_ClockConfig
 .text.HAL_RCC_GetSysClockFreq
                0x0000000008002c44       0xc0 ./Drivers/STM32F1xx_HAL_Driver/Src/stm32f1xx_hal_rcc.o
                0x0000000008002c44                HAL_RCC_GetSysClockFreq
 .text.HAL_RCC_GetHCLKFreq
                0x0000000008002d04       0x14 ./Drivers/STM32F1xx_HAL_Driver/Src/stm32f1xx_hal_rcc.o
                0x0000000008002d04                HAL_RCC_GetHCLKFreq
 .text.HAL_RCC_GetPCLK1Freq
                0x0000000008002d18       0x28 ./Drivers/STM32F1xx_HAL_Driver/Src/stm32f1xx_hal_rcc.o
                0x0000000008002d18                HAL_RCC_GetPCLK1Freq
 .text.HAL_RCC_GetPCLK2Freq
                0x0000000008002d40       0x28 ./Drivers/STM32F1xx_HAL_Driver/Src/stm32f1xx_hal_rcc.o
                0x0000000008002d40                HAL_RCC_GetPCLK2Freq
 .text.RCC_Delay
                0x0000000008002d68       0x3c ./Drivers/STM32F1xx_HAL_Driver/Src/stm32f1xx_hal_rcc.o
 .text.HAL_RCCEx_PeriphCLKConfig
                0x0000000008002da4      0x16c ./Drivers/STM32F1xx_HAL_Driver/Src/stm32f1xx_hal_rcc_ex.o
                0x0000000008002da4                HAL_RCCEx_PeriphCLKConfig
 .text.HAL_UART_Init
                0x0000000008002f10       0x9a ./Drivers/STM32F1xx_HAL_Driver/Src/stm32f1xx_hal_uart.o
                0x0000000008002f10                HAL_UART_Init
 *fill*         0x0000000008002faa        0x2 
 .text.UART_SetConfig
                0x0000000008002fac      0x11c ./Drivers/STM32F1xx_HAL_Driver/Src/stm32f1xx_hal_uart.o
 .text.USB_CoreInit
                0x00000000080030c8       0x20 ./Drivers/STM32F1xx_HAL_Driver/Src/stm32f1xx_ll_usb.o
                0x00000000080030c8                USB_CoreInit
 .text.USB_EnableGlobalInt
                0x00000000080030e8       0x2c ./Drivers/STM32F1xx_HAL_Driver/Src/stm32f1xx_ll_usb.o
                0x00000000080030e8                USB_EnableGlobalInt
 .text.USB_DisableGlobalInt
                0x0000000008003114       0x34 ./Drivers/STM32F1xx_HAL_Driver/Src/stm32f1xx_ll_usb.o
                0x0000000008003114                USB_DisableGlobalInt
 .text.USB_SetCurrentMode
                0x0000000008003148       0x18 ./Drivers/STM32F1xx_HAL_Driver/Src/stm32f1xx_ll_usb.o
                0x0000000008003148                USB_SetCurrentMode
 .text.USB_DevInit
                0x0000000008003160       0x40 ./Drivers/STM32F1xx_HAL_Driver/Src/stm32f1xx_ll_usb.o
                0x0000000008003160                USB_DevInit
 .text.USB_ActivateEndpoint
                0x00000000080031a0      0x6d4 ./Drivers/STM32F1xx_HAL_Driver/Src/stm32f1xx_ll_usb.o
                0x00000000080031a0                USB_ActivateEndpoint
 .text.USB_DeactivateEndpoint
                0x0000000008003874      0x3d8 ./Drivers/STM32F1xx_HAL_Driver/Src/stm32f1xx_ll_usb.o
                0x0000000008003874                USB_DeactivateEndpoint
 .text.USB_EPStartXfer
                0x0000000008003c4c     0x15ee ./Drivers/STM32F1xx_HAL_Driver/Src/stm32f1xx_ll_usb.o
                0x0000000008003c4c                USB_EPStartXfer
 .text.USB_EPSetStall
                0x000000000800523a       0xa0 ./Drivers/STM32F1xx_HAL_Driver/Src/stm32f1xx_ll_usb.o
                0x000000000800523a                USB_EPSetStall
 .text.USB_EPClearStall
                0x00000000080052da      0x15a ./Drivers/STM32F1xx_HAL_Driver/Src/stm32f1xx_ll_usb.o
                0x00000000080052da                USB_EPClearStall
 .text.USB_SetDevAddress
                0x0000000008005434       0x26 ./Drivers/STM32F1xx_HAL_Driver/Src/stm32f1xx_ll_usb.o
                0x0000000008005434                USB_SetDevAddress
 .text.USB_DevConnect
                0x000000000800545a       0x14 ./Drivers/STM32F1xx_HAL_Driver/Src/stm32f1xx_ll_usb.o
                0x000000000800545a                USB_DevConnect
 .text.USB_DevDisconnect
                0x000000000800546e       0x14 ./Drivers/STM32F1xx_HAL_Driver/Src/stm32f1xx_ll_usb.o
                0x000000000800546e                USB_DevDisconnect
 .text.USB_ReadInterrupts
                0x0000000008005482       0x1e ./Drivers/STM32F1xx_HAL_Driver/Src/stm32f1xx_ll_usb.o
                0x0000000008005482                USB_ReadInterrupts
 .text.USB_EP0_OutStart
                0x00000000080054a0       0x16 ./Drivers/STM32F1xx_HAL_Driver/Src/stm32f1xx_ll_usb.o
                0x00000000080054a0                USB_EP0_OutStart
 .text.USB_WritePMA
                0x00000000080054b6       0x8a ./Drivers/STM32F1xx_HAL_Driver/Src/stm32f1xx_ll_usb.o
                0x00000000080054b6                USB_WritePMA
 .text.USB_ReadPMA
                0x0000000008005540       0x9e ./Drivers/STM32F1xx_HAL_Driver/Src/stm32f1xx_ll_usb.o
                0x0000000008005540                USB_ReadPMA
 .text.USBD_CDC_Init
                0x00000000080055de       0xf4 ./Middlewares/ST/STM32_USB_Device_Library/Class/CDC/Src/usbd_cdc.o
 .text.USBD_CDC_DeInit
                0x00000000080056d2       0x6e ./Middlewares/ST/STM32_USB_Device_Library/Class/CDC/Src/usbd_cdc.o
 .text.USBD_CDC_Setup
                0x0000000008005740      0x146 ./Middlewares/ST/STM32_USB_Device_Library/Class/CDC/Src/usbd_cdc.o
 .text.USBD_CDC_DataIn
                0x0000000008005886       0xa6 ./Middlewares/ST/STM32_USB_Device_Library/Class/CDC/Src/usbd_cdc.o
 .text.USBD_CDC_DataOut
                0x000000000800592c       0x56 ./Middlewares/ST/STM32_USB_Device_Library/Class/CDC/Src/usbd_cdc.o
 .text.USBD_CDC_EP0_RxReady
                0x0000000008005982       0x50 ./Middlewares/ST/STM32_USB_Device_Library/Class/CDC/Src/usbd_cdc.o
 *fill*         0x00000000080059d2        0x2 
 .text.USBD_CDC_GetFSCfgDesc
                0x00000000080059d4       0x20 ./Middlewares/ST/STM32_USB_Device_Library/Class/CDC/Src/usbd_cdc.o
 .text.USBD_CDC_GetHSCfgDesc
                0x00000000080059f4       0x20 ./Middlewares/ST/STM32_USB_Device_Library/Class/CDC/Src/usbd_cdc.o
 .text.USBD_CDC_GetOtherSpeedCfgDesc
                0x0000000008005a14       0x20 ./Middlewares/ST/STM32_USB_Device_Library/Class/CDC/Src/usbd_cdc.o
 .text.USBD_CDC_GetDeviceQualifierDescriptor
                0x0000000008005a34       0x20 ./Middlewares/ST/STM32_USB_Device_Library/Class/CDC/Src/usbd_cdc.o
                0x0000000008005a34                USBD_CDC_GetDeviceQualifierDescriptor
 .text.USBD_CDC_RegisterInterface
                0x0000000008005a54       0x2c ./Middlewares/ST/STM32_USB_Device_Library/Class/CDC/Src/usbd_cdc.o
                0x0000000008005a54                USBD_CDC_RegisterInterface
 .text.USBD_CDC_SetTxBuffer
                0x0000000008005a80       0x32 ./Middlewares/ST/STM32_USB_Device_Library/Class/CDC/Src/usbd_cdc.o
                0x0000000008005a80                USBD_CDC_SetTxBuffer
 .text.USBD_CDC_SetRxBuffer
                0x0000000008005ab2       0x26 ./Middlewares/ST/STM32_USB_Device_Library/Class/CDC/Src/usbd_cdc.o
                0x0000000008005ab2                USBD_CDC_SetRxBuffer
 .text.USBD_CDC_ReceivePacket
                0x0000000008005ad8       0x54 ./Middlewares/ST/STM32_USB_Device_Library/Class/CDC/Src/usbd_cdc.o
                0x0000000008005ad8                USBD_CDC_ReceivePacket
 .text.USBD_Init
                0x0000000008005b2c       0x56 ./Middlewares/ST/STM32_USB_Device_Library/Core/Src/usbd_core.o
                0x0000000008005b2c                USBD_Init
 .text.USBD_RegisterClass
                0x0000000008005b82       0x32 ./Middlewares/ST/STM32_USB_Device_Library/Core/Src/usbd_core.o
                0x0000000008005b82                USBD_RegisterClass
 .text.USBD_Start
                0x0000000008005bb4       0x18 ./Middlewares/ST/STM32_USB_Device_Library/Core/Src/usbd_core.o
                0x0000000008005bb4                USBD_Start
 .text.USBD_RunTestMode
                0x0000000008005bcc       0x14 ./Middlewares/ST/STM32_USB_Device_Library/Core/Src/usbd_core.o
                0x0000000008005bcc                USBD_RunTestMode
 .text.USBD_SetClassConfig
                0x0000000008005be0       0x3e ./Middlewares/ST/STM32_USB_Device_Library/Core/Src/usbd_core.o
                0x0000000008005be0                USBD_SetClassConfig
 .text.USBD_ClrClassConfig
                0x0000000008005c1e       0x26 ./Middlewares/ST/STM32_USB_Device_Library/Core/Src/usbd_core.o
                0x0000000008005c1e                USBD_ClrClassConfig
 .text.USBD_LL_SetupStage
                0x0000000008005c44       0x9a ./Middlewares/ST/STM32_USB_Device_Library/Core/Src/usbd_core.o
                0x0000000008005c44                USBD_LL_SetupStage
 .text.USBD_LL_DataOutStage
                0x0000000008005cde       0xe2 ./Middlewares/ST/STM32_USB_Device_Library/Core/Src/usbd_core.o
                0x0000000008005cde                USBD_LL_DataOutStage
 .text.USBD_LL_DataInStage
                0x0000000008005dc0      0x14a ./Middlewares/ST/STM32_USB_Device_Library/Core/Src/usbd_core.o
                0x0000000008005dc0                USBD_LL_DataInStage
 .text.USBD_LL_Reset
                0x0000000008005f0a       0x82 ./Middlewares/ST/STM32_USB_Device_Library/Core/Src/usbd_core.o
                0x0000000008005f0a                USBD_LL_Reset
 .text.USBD_LL_SetSpeed
                0x0000000008005f8c       0x1e ./Middlewares/ST/STM32_USB_Device_Library/Core/Src/usbd_core.o
                0x0000000008005f8c                USBD_LL_SetSpeed
 .text.USBD_LL_Suspend
                0x0000000008005faa       0x28 ./Middlewares/ST/STM32_USB_Device_Library/Core/Src/usbd_core.o
                0x0000000008005faa                USBD_LL_Suspend
 .text.USBD_LL_Resume
                0x0000000008005fd2       0x2a ./Middlewares/ST/STM32_USB_Device_Library/Core/Src/usbd_core.o
                0x0000000008005fd2                USBD_LL_Resume
 .text.USBD_LL_SOF
                0x0000000008005ffc       0x34 ./Middlewares/ST/STM32_USB_Device_Library/Core/Src/usbd_core.o
                0x0000000008005ffc                USBD_LL_SOF
 .text.USBD_StdDevReq
                0x0000000008006030       0xd4 ./Middlewares/ST/STM32_USB_Device_Library/Core/Src/usbd_ctlreq.o
                0x0000000008006030                USBD_StdDevReq
 .text.USBD_StdItfReq
                0x0000000008006104       0x90 ./Middlewares/ST/STM32_USB_Device_Library/Core/Src/usbd_ctlreq.o
                0x0000000008006104                USBD_StdItfReq
 .text.USBD_StdEPReq
                0x0000000008006194      0x2c6 ./Middlewares/ST/STM32_USB_Device_Library/Core/Src/usbd_ctlreq.o
                0x0000000008006194                USBD_StdEPReq
 *fill*         0x000000000800645a        0x2 
 .text.USBD_GetDescriptor
                0x000000000800645c      0x2d0 ./Middlewares/ST/STM32_USB_Device_Library/Core/Src/usbd_ctlreq.o
 .text.USBD_SetAddress
                0x000000000800672c       0x86 ./Middlewares/ST/STM32_USB_Device_Library/Core/Src/usbd_ctlreq.o
 *fill*         0x00000000080067b2        0x2 
 .text.USBD_SetConfig
                0x00000000080067b4      0x11c ./Middlewares/ST/STM32_USB_Device_Library/Core/Src/usbd_ctlreq.o
 .text.USBD_GetConfig
                0x00000000080068d0       0x6a ./Middlewares/ST/STM32_USB_Device_Library/Core/Src/usbd_ctlreq.o
 .text.USBD_GetStatus
                0x000000000800693a       0x66 ./Middlewares/ST/STM32_USB_Device_Library/Core/Src/usbd_ctlreq.o
 .text.USBD_SetFeature
                0x00000000080069a0       0x28 ./Middlewares/ST/STM32_USB_Device_Library/Core/Src/usbd_ctlreq.o
 .text.USBD_ClrFeature
                0x00000000080069c8       0x42 ./Middlewares/ST/STM32_USB_Device_Library/Core/Src/usbd_ctlreq.o
 .text.USBD_ParseSetupRequest
                0x0000000008006a0a       0x78 ./Middlewares/ST/STM32_USB_Device_Library/Core/Src/usbd_ctlreq.o
                0x0000000008006a0a                USBD_ParseSetupRequest
 .text.USBD_CtlError
                0x0000000008006a82       0x22 ./Middlewares/ST/STM32_USB_Device_Library/Core/Src/usbd_ctlreq.o
                0x0000000008006a82                USBD_CtlError
 .text.USBD_GetString
                0x0000000008006aa4       0x84 ./Middlewares/ST/STM32_USB_Device_Library/Core/Src/usbd_ctlreq.o
                0x0000000008006aa4                USBD_GetString
 .text.USBD_GetLen
                0x0000000008006b28       0x2e ./Middlewares/ST/STM32_USB_Device_Library/Core/Src/usbd_ctlreq.o
 .text.USBD_CtlSendData
                0x0000000008006b56       0x38 ./Middlewares/ST/STM32_USB_Device_Library/Core/Src/usbd_ioreq.o
                0x0000000008006b56                USBD_CtlSendData
 .text.USBD_CtlContinueSendData
                0x0000000008006b8e       0x24 ./Middlewares/ST/STM32_USB_Device_Library/Core/Src/usbd_ioreq.o
                0x0000000008006b8e                USBD_CtlContinueSendData
 .text.USBD_CtlPrepareRx
                0x0000000008006bb2       0x3c ./Middlewares/ST/STM32_USB_Device_Library/Core/Src/usbd_ioreq.o
                0x0000000008006bb2                USBD_CtlPrepareRx
 .text.USBD_CtlContinueRx
                0x0000000008006bee       0x24 ./Middlewares/ST/STM32_USB_Device_Library/Core/Src/usbd_ioreq.o
                0x0000000008006bee                USBD_CtlContinueRx
 .text.USBD_CtlSendStatus
                0x0000000008006c12       0x26 ./Middlewares/ST/STM32_USB_Device_Library/Core/Src/usbd_ioreq.o
                0x0000000008006c12                USBD_CtlSendStatus
 .text.USBD_CtlReceiveStatus
                0x0000000008006c38       0x26 ./Middlewares/ST/STM32_USB_Device_Library/Core/Src/usbd_ioreq.o
                0x0000000008006c38                USBD_CtlReceiveStatus
 *fill*         0x0000000008006c5e        0x2 
 .text.MX_USB_DEVICE_Init
                0x0000000008006c60       0x60 ./USB_DEVICE/App/usb_device.o
                0x0000000008006c60                MX_USB_DEVICE_Init
 .text.CDC_Init_FS
                0x0000000008006cc0       0x28 ./USB_DEVICE/App/usbd_cdc_if.o
 .text.CDC_DeInit_FS
                0x0000000008006ce8        0xe ./USB_DEVICE/App/usbd_cdc_if.o
 *fill*         0x0000000008006cf6        0x2 
 .text.CDC_Control_FS
                0x0000000008006cf8       0xbc ./USB_DEVICE/App/usbd_cdc_if.o
 .text.CDC_Receive_FS
                0x0000000008006db4       0x54 ./USB_DEVICE/App/usbd_cdc_if.o
 .text.USBD_FS_DeviceDescriptor
                0x0000000008006e08       0x24 ./USB_DEVICE/App/usbd_desc.o
                0x0000000008006e08                USBD_FS_DeviceDescriptor
 .text.USBD_FS_LangIDStrDescriptor
                0x0000000008006e2c       0x24 ./USB_DEVICE/App/usbd_desc.o
                0x0000000008006e2c                USBD_FS_LangIDStrDescriptor
 .text.USBD_FS_ProductStrDescriptor
                0x0000000008006e50       0x3c ./USB_DEVICE/App/usbd_desc.o
                0x0000000008006e50                USBD_FS_ProductStrDescriptor
 .text.USBD_FS_ManufacturerStrDescriptor
                0x0000000008006e8c       0x28 ./USB_DEVICE/App/usbd_desc.o
                0x0000000008006e8c                USBD_FS_ManufacturerStrDescriptor
 .text.USBD_FS_SerialStrDescriptor
                0x0000000008006eb4       0x24 ./USB_DEVICE/App/usbd_desc.o
                0x0000000008006eb4                USBD_FS_SerialStrDescriptor
 .text.USBD_FS_ConfigStrDescriptor
                0x0000000008006ed8       0x3c ./USB_DEVICE/App/usbd_desc.o
                0x0000000008006ed8                USBD_FS_ConfigStrDescriptor
 .text.USBD_FS_InterfaceStrDescriptor
                0x0000000008006f14       0x3c ./USB_DEVICE/App/usbd_desc.o
                0x0000000008006f14                USBD_FS_InterfaceStrDescriptor
 .text.Get_SerialNum
                0x0000000008006f50       0x58 ./USB_DEVICE/App/usbd_desc.o
 .text.IntToUnicode
                0x0000000008006fa8       0x7c ./USB_DEVICE/App/usbd_desc.o
 .text.HAL_PCD_MspInit
                0x0000000008007024       0x4c ./USB_DEVICE/Target/usbd_conf.o
                0x0000000008007024                HAL_PCD_MspInit
 .text.HAL_PCD_SetupStageCallback
                0x0000000008007070       0x24 ./USB_DEVICE/Target/usbd_conf.o
                0x0000000008007070                HAL_PCD_SetupStageCallback
 .text.HAL_PCD_DataOutStageCallback
                0x0000000008007094       0x36 ./USB_DEVICE/Target/usbd_conf.o
                0x0000000008007094                HAL_PCD_DataOutStageCallback
 .text.HAL_PCD_DataInStageCallback
                0x00000000080070ca       0x34 ./USB_DEVICE/Target/usbd_conf.o
                0x00000000080070ca                HAL_PCD_DataInStageCallback
 .text.HAL_PCD_SOFCallback
                0x00000000080070fe       0x1c ./USB_DEVICE/Target/usbd_conf.o
                0x00000000080070fe                HAL_PCD_SOFCallback
 .text.HAL_PCD_ResetCallback
                0x000000000800711a       0x3c ./USB_DEVICE/Target/usbd_conf.o
                0x000000000800711a                HAL_PCD_ResetCallback
 *fill*         0x0000000008007156        0x2 
 .text.HAL_PCD_SuspendCallback
                0x0000000008007158       0x34 ./USB_DEVICE/Target/usbd_conf.o
                0x0000000008007158                HAL_PCD_SuspendCallback
 .text.HAL_PCD_ResumeCallback
                0x000000000800718c       0x1c ./USB_DEVICE/Target/usbd_conf.o
                0x000000000800718c                HAL_PCD_ResumeCallback
 .text.USBD_LL_Init
                0x00000000080071a8       0xb4 ./USB_DEVICE/Target/usbd_conf.o
                0x00000000080071a8                USBD_LL_Init
 .text.USBD_LL_Start
                0x000000000800725c       0x36 ./USB_DEVICE/Target/usbd_conf.o
                0x000000000800725c                USBD_LL_Start
 .text.USBD_LL_OpenEP
                0x0000000008007292       0x4c ./USB_DEVICE/Target/usbd_conf.o
                0x0000000008007292                USBD_LL_OpenEP
 .text.USBD_LL_CloseEP
                0x00000000080072de       0x3e ./USB_DEVICE/Target/usbd_conf.o
                0x00000000080072de                USBD_LL_CloseEP
 .text.USBD_LL_StallEP
                0x000000000800731c       0x3e ./USB_DEVICE/Target/usbd_conf.o
                0x000000000800731c                USBD_LL_StallEP
 .text.USBD_LL_ClearStallEP
                0x000000000800735a       0x3e ./USB_DEVICE/Target/usbd_conf.o
                0x000000000800735a                USBD_LL_ClearStallEP
 .text.USBD_LL_IsStallEP
                0x0000000008007398       0x58 ./USB_DEVICE/Target/usbd_conf.o
                0x0000000008007398                USBD_LL_IsStallEP
 .text.USBD_LL_SetUSBAddress
                0x00000000080073f0       0x3e ./USB_DEVICE/Target/usbd_conf.o
                0x00000000080073f0                USBD_LL_SetUSBAddress
 .text.USBD_LL_Transmit
                0x000000000800742e       0x46 ./USB_DEVICE/Target/usbd_conf.o
                0x000000000800742e                USBD_LL_Transmit
 .text.USBD_LL_PrepareReceive
                0x0000000008007474       0x46 ./USB_DEVICE/Target/usbd_conf.o
                0x0000000008007474                USBD_LL_PrepareReceive
 .text.USBD_LL_GetRxDataSize
                0x00000000080074ba       0x26 ./USB_DEVICE/Target/usbd_conf.o
                0x00000000080074ba                USBD_LL_GetRxDataSize
 .text.USBD_static_malloc
                0x00000000080074e0       0x18 ./USB_DEVICE/Target/usbd_conf.o
                0x00000000080074e0                USBD_static_malloc
 .text.USBD_static_free
                0x00000000080074f8       0x12 ./USB_DEVICE/Target/usbd_conf.o
                0x00000000080074f8                USBD_static_free
 .text.HAL_PCDEx_SetConnectionState
                0x000000000800750a       0x16 ./USB_DEVICE/Target/usbd_conf.o
                0x000000000800750a                HAL_PCDEx_SetConnectionState
 .text.USBD_Get_USB_Status
                0x0000000008007520       0x58 ./USB_DEVICE/Target/usbd_conf.o
 .text.__libc_init_array
                0x0000000008007578       0x48 /opt/st/stm32cubeide_1.8.0/plugins/com.st.stm32cube.ide.mcu.externaltools.gnu-tools-for-stm32.9-2020-q2-update.linux64_2.0.0.202105311346/tools/bin/../lib/gcc/arm-none-eabi/9.3.1/../../../../arm-none-eabi/lib/thumb/v7-m/nofp/libc_nano.a(lib_a-init.o)
                0x0000000008007578                __libc_init_array
 .text.memcpy   0x00000000080075c0       0x1c /opt/st/stm32cubeide_1.8.0/plugins/com.st.stm32cube.ide.mcu.externaltools.gnu-tools-for-stm32.9-2020-q2-update.linux64_2.0.0.202105311346/tools/bin/../lib/gcc/arm-none-eabi/9.3.1/../../../../arm-none-eabi/lib/thumb/v7-m/nofp/libc_nano.a(lib_a-memcpy-stub.o)
                0x00000000080075c0                memcpy
 .text.memset   0x00000000080075dc       0x10 /opt/st/stm32cubeide_1.8.0/plugins/com.st.stm32cube.ide.mcu.externaltools.gnu-tools-for-stm32.9-2020-q2-update.linux64_2.0.0.202105311346/tools/bin/../lib/gcc/arm-none-eabi/9.3.1/../../../../arm-none-eabi/lib/thumb/v7-m/nofp/libc_nano.a(lib_a-memset.o)
                0x00000000080075dc                memset
 *(.glue_7)
 .glue_7        0x00000000080075ec        0x0 linker stubs
 *(.glue_7t)
 .glue_7t       0x00000000080075ec        0x0 linker stubs
 *(.eh_frame)
 .eh_frame      0x00000000080075ec        0x0 /opt/st/stm32cubeide_1.8.0/plugins/com.st.stm32cube.ide.mcu.externaltools.gnu-tools-for-stm32.9-2020-q2-update.linux64_2.0.0.202105311346/tools/bin/../lib/gcc/arm-none-eabi/9.3.1/thumb/v7-m/nofp/crtbegin.o
 *(.init)
 .init          0x00000000080075ec        0x4 /opt/st/stm32cubeide_1.8.0/plugins/com.st.stm32cube.ide.mcu.externaltools.gnu-tools-for-stm32.9-2020-q2-update.linux64_2.0.0.202105311346/tools/bin/../lib/gcc/arm-none-eabi/9.3.1/thumb/v7-m/nofp/crti.o
                0x00000000080075ec                _init
 .init          0x00000000080075f0        0x8 /opt/st/stm32cubeide_1.8.0/plugins/com.st.stm32cube.ide.mcu.externaltools.gnu-tools-for-stm32.9-2020-q2-update.linux64_2.0.0.202105311346/tools/bin/../lib/gcc/arm-none-eabi/9.3.1/thumb/v7-m/nofp/crtn.o
 *(.fini)
 .fini          0x00000000080075f8        0x4 /opt/st/stm32cubeide_1.8.0/plugins/com.st.stm32cube.ide.mcu.externaltools.gnu-tools-for-stm32.9-2020-q2-update.linux64_2.0.0.202105311346/tools/bin/../lib/gcc/arm-none-eabi/9.3.1/thumb/v7-m/nofp/crti.o
                0x00000000080075f8                _fini
 .fini          0x00000000080075fc        0x8 /opt/st/stm32cubeide_1.8.0/plugins/com.st.stm32cube.ide.mcu.externaltools.gnu-tools-for-stm32.9-2020-q2-update.linux64_2.0.0.202105311346/tools/bin/../lib/gcc/arm-none-eabi/9.3.1/thumb/v7-m/nofp/crtn.o
                0x0000000008007604                . = ALIGN (0x4)
                0x0000000008007604                _etext = .

.vfp11_veneer   0x0000000008007604        0x0
 .vfp11_veneer  0x0000000008007604        0x0 linker stubs

.v4_bx          0x0000000008007604        0x0
 .v4_bx         0x0000000008007604        0x0 linker stubs

.iplt           0x0000000008007604        0x0
 .iplt          0x0000000008007604        0x0 /opt/st/stm32cubeide_1.8.0/plugins/com.st.stm32cube.ide.mcu.externaltools.gnu-tools-for-stm32.9-2020-q2-update.linux64_2.0.0.202105311346/tools/bin/../lib/gcc/arm-none-eabi/9.3.1/thumb/v7-m/nofp/crtbegin.o

.rodata         0x0000000008007604       0x70
                0x0000000008007604                . = ALIGN (0x4)
 *(.rodata)
 .rodata        0x0000000008007604       0x10 ./Drivers/STM32F1xx_HAL_Driver/Src/stm32f1xx_hal_rcc.o
 .rodata        0x0000000008007614       0x46 ./USB_DEVICE/App/usbd_desc.o
 *(.rodata*)
 *fill*         0x000000000800765a        0x2 
 .rodata.AHBPrescTable
                0x000000000800765c       0x10 ./Core/Src/system_stm32f1xx.o
                0x000000000800765c                AHBPrescTable
 .rodata.APBPrescTable
                0x000000000800766c        0x8 ./Core/Src/system_stm32f1xx.o
                0x000000000800766c                APBPrescTable
                0x0000000008007674                . = ALIGN (0x4)

.rel.dyn        0x0000000008007674        0x0
 .rel.iplt      0x0000000008007674        0x0 /opt/st/stm32cubeide_1.8.0/plugins/com.st.stm32cube.ide.mcu.externaltools.gnu-tools-for-stm32.9-2020-q2-update.linux64_2.0.0.202105311346/tools/bin/../lib/gcc/arm-none-eabi/9.3.1/thumb/v7-m/nofp/crtbegin.o

.ARM.extab      0x0000000008007674        0x0
                0x0000000008007674                . = ALIGN (0x4)
 *(.ARM.extab* .gnu.linkonce.armextab.*)
                0x0000000008007674                . = ALIGN (0x4)

.ARM            0x0000000008007674        0x0
                0x0000000008007674                . = ALIGN (0x4)
                0x0000000008007674                __exidx_start = .
 *(.ARM.exidx*)
                0x0000000008007674                __exidx_end = .
                0x0000000008007674                . = ALIGN (0x4)

.preinit_array  0x0000000008007674        0x0
                0x0000000008007674                . = ALIGN (0x4)
                0x0000000008007674                PROVIDE (__preinit_array_start = .)
 *(.preinit_array*)
                0x0000000008007674                PROVIDE (__preinit_array_end = .)
                0x0000000008007674                . = ALIGN (0x4)

.init_array     0x0000000008007674        0x4
                0x0000000008007674                . = ALIGN (0x4)
                0x0000000008007674                PROVIDE (__init_array_start = .)
 *(SORT_BY_NAME(.init_array.*))
 *(.init_array*)
 .init_array    0x0000000008007674        0x4 /opt/st/stm32cubeide_1.8.0/plugins/com.st.stm32cube.ide.mcu.externaltools.gnu-tools-for-stm32.9-2020-q2-update.linux64_2.0.0.202105311346/tools/bin/../lib/gcc/arm-none-eabi/9.3.1/thumb/v7-m/nofp/crtbegin.o
                0x0000000008007678                PROVIDE (__init_array_end = .)
                0x0000000008007678                . = ALIGN (0x4)

.fini_array     0x0000000008007678        0x4
                0x0000000008007678                . = ALIGN (0x4)
                [!provide]                        PROVIDE (__fini_array_start = .)
 *(SORT_BY_NAME(.fini_array.*))
 *(.fini_array*)
 .fini_array    0x0000000008007678        0x4 /opt/st/stm32cubeide_1.8.0/plugins/com.st.stm32cube.ide.mcu.externaltools.gnu-tools-for-stm32.9-2020-q2-update.linux64_2.0.0.202105311346/tools/bin/../lib/gcc/arm-none-eabi/9.3.1/thumb/v7-m/nofp/crtbegin.o
                [!provide]                        PROVIDE (__fini_array_end = .)
                0x000000000800767c                . = ALIGN (0x4)
                0x000000000800767c                _sidata = LOADADDR (.data)

.data           0x0000000020000000      0x17c load address 0x000000000800767c
                0x0000000020000000                . = ALIGN (0x4)
                0x0000000020000000                _sdata = .
 *(.data)
 *(.data*)
 .data.SystemCoreClock
                0x0000000020000000        0x4 ./Core/Src/system_stm32f1xx.o
                0x0000000020000000                SystemCoreClock
 .data.uwTickPrio
                0x0000000020000004        0x4 ./Drivers/STM32F1xx_HAL_Driver/Src/stm32f1xx_hal.o
                0x0000000020000004                uwTickPrio
 .data.uwTickFreq
                0x0000000020000008        0x1 ./Drivers/STM32F1xx_HAL_Driver/Src/stm32f1xx_hal.o
                0x0000000020000008                uwTickFreq
 *fill*         0x0000000020000009        0x3 
 .data.USBD_CDC_DeviceQualifierDesc
                0x000000002000000c        0xa ./Middlewares/ST/STM32_USB_Device_Library/Class/CDC/Src/usbd_cdc.o
 *fill*         0x0000000020000016        0x2 
 .data.USBD_CDC
                0x0000000020000018       0x38 ./Middlewares/ST/STM32_USB_Device_Library/Class/CDC/Src/usbd_cdc.o
                0x0000000020000018                USBD_CDC
 .data.USBD_CDC_CfgHSDesc
                0x0000000020000050       0x43 ./Middlewares/ST/STM32_USB_Device_Library/Class/CDC/Src/usbd_cdc.o
                0x0000000020000050                USBD_CDC_CfgHSDesc
 *fill*         0x0000000020000093        0x1 
 .data.USBD_CDC_CfgFSDesc
                0x0000000020000094       0x43 ./Middlewares/ST/STM32_USB_Device_Library/Class/CDC/Src/usbd_cdc.o
                0x0000000020000094                USBD_CDC_CfgFSDesc
 *fill*         0x00000000200000d7        0x1 
 .data.USBD_CDC_OtherSpeedCfgDesc
                0x00000000200000d8       0x43 ./Middlewares/ST/STM32_USB_Device_Library/Class/CDC/Src/usbd_cdc.o
                0x00000000200000d8                USBD_CDC_OtherSpeedCfgDesc
 *fill*         0x000000002000011b        0x1 
 .data.USBD_Interface_fops_FS
                0x000000002000011c       0x10 ./USB_DEVICE/App/usbd_cdc_if.o
                0x000000002000011c                USBD_Interface_fops_FS
 .data.FS_Desc  0x000000002000012c       0x1c ./USB_DEVICE/App/usbd_desc.o
                0x000000002000012c                FS_Desc
 .data.USBD_FS_DeviceDesc
                0x0000000020000148       0x12 ./USB_DEVICE/App/usbd_desc.o
                0x0000000020000148                USBD_FS_DeviceDesc
 *fill*         0x000000002000015a        0x2 
 .data.USBD_LangIDDesc
                0x000000002000015c        0x4 ./USB_DEVICE/App/usbd_desc.o
                0x000000002000015c                USBD_LangIDDesc
 .data.USBD_StringSerial
                0x0000000020000160       0x1a ./USB_DEVICE/App/usbd_desc.o
                0x0000000020000160                USBD_StringSerial
 *(.RamFunc)
 *(.RamFunc*)
                0x000000002000017c                . = ALIGN (0x4)
 *fill*         0x000000002000017a        0x2 
                0x000000002000017c                _edata = .

.igot.plt       0x000000002000017c        0x0 load address 0x00000000080077f8
 .igot.plt      0x000000002000017c        0x0 /opt/st/stm32cubeide_1.8.0/plugins/com.st.stm32cube.ide.mcu.externaltools.gnu-tools-for-stm32.9-2020-q2-update.linux64_2.0.0.202105311346/tools/bin/../lib/gcc/arm-none-eabi/9.3.1/thumb/v7-m/nofp/crtbegin.o
                0x000000002000017c                . = ALIGN (0x4)

.bss            0x000000002000017c     0x120c load address 0x00000000080077f8
                0x000000002000017c                _sbss = .
                0x000000002000017c                __bss_start__ = _sbss
 *(.bss)
 .bss           0x000000002000017c       0x1c /opt/st/stm32cubeide_1.8.0/plugins/com.st.stm32cube.ide.mcu.externaltools.gnu-tools-for-stm32.9-2020-q2-update.linux64_2.0.0.202105311346/tools/bin/../lib/gcc/arm-none-eabi/9.3.1/thumb/v7-m/nofp/crtbegin.o
 *(.bss*)
 .bss.cfgidx.7857
                0x0000000020000198        0x1 ./Middlewares/ST/STM32_USB_Device_Library/Core/Src/usbd_ctlreq.o
 *fill*         0x0000000020000199        0x3 
 .bss.mem.7927  0x000000002000019c      0x220 ./USB_DEVICE/Target/usbd_conf.o
 *(COMMON)
 COMMON         0x00000000200003bc       0x48 ./Core/Src/main.o
                0x00000000200003bc                buffer
                0x00000000200003c0                huart2
 COMMON         0x0000000020000404        0x4 ./Drivers/STM32F1xx_HAL_Driver/Src/stm32f1xx_hal.o
                0x0000000020000404                uwTick
 COMMON         0x0000000020000408      0x2c4 ./USB_DEVICE/App/usb_device.o
                0x0000000020000408                hUsbDeviceFS
 COMMON         0x00000000200006cc      0x7d0 ./USB_DEVICE/App/usbd_cdc_if.o
                0x00000000200006cc                UserRxBufferFS
                0x0000000020000ab4                UserTxBufferFS
 COMMON         0x0000000020000e9c      0x200 ./USB_DEVICE/App/usbd_desc.o
                0x0000000020000e9c                USBD_StrDesc
 COMMON         0x000000002000109c      0x2ec ./USB_DEVICE/Target/usbd_conf.o
                0x000000002000109c                hpcd_USB_FS
                0x0000000020001388                . = ALIGN (0x4)
                0x0000000020001388                _ebss = .
                0x0000000020001388                __bss_end__ = _ebss

._user_heap_stack
                0x0000000020001388      0x600 load address 0x00000000080077f8
                0x0000000020001388                . = ALIGN (0x8)
                [!provide]                        PROVIDE (end = .)
                0x0000000020001388                PROVIDE (_end = .)
                0x0000000020001588                . = (. + _Min_Heap_Size)
 *fill*         0x0000000020001388      0x200 
                0x0000000020001988                . = (. + _Min_Stack_Size)
 *fill*         0x0000000020001588      0x400 
                0x0000000020001988                . = ALIGN (0x8)

/DISCARD/
 libc.a(*)
 libm.a(*)
 libgcc.a(*)

.ARM.attributes
                0x0000000000000000       0x29
 *(.ARM.attributes)
 .ARM.attributes
                0x0000000000000000       0x1d /opt/st/stm32cubeide_1.8.0/plugins/com.st.stm32cube.ide.mcu.externaltools.gnu-tools-for-stm32.9-2020-q2-update.linux64_2.0.0.202105311346/tools/bin/../lib/gcc/arm-none-eabi/9.3.1/thumb/v7-m/nofp/crti.o
 .ARM.attributes
                0x000000000000001d       0x2d /opt/st/stm32cubeide_1.8.0/plugins/com.st.stm32cube.ide.mcu.externaltools.gnu-tools-for-stm32.9-2020-q2-update.linux64_2.0.0.202105311346/tools/bin/../lib/gcc/arm-none-eabi/9.3.1/thumb/v7-m/nofp/crtbegin.o
 .ARM.attributes
                0x000000000000004a       0x2d ./Core/Src/main.o
 .ARM.attributes
                0x0000000000000077       0x2d ./Core/Src/stm32f1xx_hal_msp.o
 .ARM.attributes
                0x00000000000000a4       0x2d ./Core/Src/stm32f1xx_it.o
 .ARM.attributes
                0x00000000000000d1       0x2d ./Core/Src/system_stm32f1xx.o
 .ARM.attributes
                0x00000000000000fe       0x21 ./Core/Startup/startup_stm32f103c8tx.o
 .ARM.attributes
                0x000000000000011f       0x2d ./Drivers/STM32F1xx_HAL_Driver/Src/stm32f1xx_hal.o
 .ARM.attributes
                0x000000000000014c       0x2d ./Drivers/STM32F1xx_HAL_Driver/Src/stm32f1xx_hal_cortex.o
 .ARM.attributes
                0x0000000000000179       0x2d ./Drivers/STM32F1xx_HAL_Driver/Src/stm32f1xx_hal_gpio.o
 .ARM.attributes
                0x00000000000001a6       0x2d ./Drivers/STM32F1xx_HAL_Driver/Src/stm32f1xx_hal_pcd.o
 .ARM.attributes
                0x00000000000001d3       0x2d ./Drivers/STM32F1xx_HAL_Driver/Src/stm32f1xx_hal_pcd_ex.o
 .ARM.attributes
                0x0000000000000200       0x2d ./Drivers/STM32F1xx_HAL_Driver/Src/stm32f1xx_hal_rcc.o
 .ARM.attributes
                0x000000000000022d       0x2d ./Drivers/STM32F1xx_HAL_Driver/Src/stm32f1xx_hal_rcc_ex.o
 .ARM.attributes
                0x000000000000025a       0x2d ./Drivers/STM32F1xx_HAL_Driver/Src/stm32f1xx_hal_uart.o
 .ARM.attributes
                0x0000000000000287       0x2d ./Drivers/STM32F1xx_HAL_Driver/Src/stm32f1xx_ll_usb.o
 .ARM.attributes
                0x00000000000002b4       0x2d ./Middlewares/ST/STM32_USB_Device_Library/Class/CDC/Src/usbd_cdc.o
 .ARM.attributes
                0x00000000000002e1       0x2d ./Middlewares/ST/STM32_USB_Device_Library/Core/Src/usbd_core.o
 .ARM.attributes
                0x000000000000030e       0x2d ./Middlewares/ST/STM32_USB_Device_Library/Core/Src/usbd_ctlreq.o
 .ARM.attributes
                0x000000000000033b       0x2d ./Middlewares/ST/STM32_USB_Device_Library/Core/Src/usbd_ioreq.o
 .ARM.attributes
                0x0000000000000368       0x2d ./USB_DEVICE/App/usb_device.o
 .ARM.attributes
                0x0000000000000395       0x2d ./USB_DEVICE/App/usbd_cdc_if.o
 .ARM.attributes
                0x00000000000003c2       0x2d ./USB_DEVICE/App/usbd_desc.o
 .ARM.attributes
                0x00000000000003ef       0x2d ./USB_DEVICE/Target/usbd_conf.o
 .ARM.attributes
                0x000000000000041c       0x2d /opt/st/stm32cubeide_1.8.0/plugins/com.st.stm32cube.ide.mcu.externaltools.gnu-tools-for-stm32.9-2020-q2-update.linux64_2.0.0.202105311346/tools/bin/../lib/gcc/arm-none-eabi/9.3.1/../../../../arm-none-eabi/lib/thumb/v7-m/nofp/libc_nano.a(lib_a-init.o)
 .ARM.attributes
                0x0000000000000449       0x2d /opt/st/stm32cubeide_1.8.0/plugins/com.st.stm32cube.ide.mcu.externaltools.gnu-tools-for-stm32.9-2020-q2-update.linux64_2.0.0.202105311346/tools/bin/../lib/gcc/arm-none-eabi/9.3.1/../../../../arm-none-eabi/lib/thumb/v7-m/nofp/libc_nano.a(lib_a-memcpy-stub.o)
 .ARM.attributes
                0x0000000000000476       0x2d /opt/st/stm32cubeide_1.8.0/plugins/com.st.stm32cube.ide.mcu.externaltools.gnu-tools-for-stm32.9-2020-q2-update.linux64_2.0.0.202105311346/tools/bin/../lib/gcc/arm-none-eabi/9.3.1/../../../../arm-none-eabi/lib/thumb/v7-m/nofp/libc_nano.a(lib_a-memset.o)
 .ARM.attributes
                0x00000000000004a3       0x1d /opt/st/stm32cubeide_1.8.0/plugins/com.st.stm32cube.ide.mcu.externaltools.gnu-tools-for-stm32.9-2020-q2-update.linux64_2.0.0.202105311346/tools/bin/../lib/gcc/arm-none-eabi/9.3.1/thumb/v7-m/nofp/crtn.o
OUTPUT(PyQT5-bluepill-test.elf elf32-littlearm)
LOAD linker stubs
LOAD /opt/st/stm32cubeide_1.8.0/plugins/com.st.stm32cube.ide.mcu.externaltools.gnu-tools-for-stm32.9-2020-q2-update.linux64_2.0.0.202105311346/tools/bin/../lib/gcc/arm-none-eabi/9.3.1/../../../../arm-none-eabi/lib/thumb/v7-m/nofp/libc.a
LOAD /opt/st/stm32cubeide_1.8.0/plugins/com.st.stm32cube.ide.mcu.externaltools.gnu-tools-for-stm32.9-2020-q2-update.linux64_2.0.0.202105311346/tools/bin/../lib/gcc/arm-none-eabi/9.3.1/../../../../arm-none-eabi/lib/thumb/v7-m/nofp/libm.a
LOAD /opt/st/stm32cubeide_1.8.0/plugins/com.st.stm32cube.ide.mcu.externaltools.gnu-tools-for-stm32.9-2020-q2-update.linux64_2.0.0.202105311346/tools/bin/../lib/gcc/arm-none-eabi/9.3.1/thumb/v7-m/nofp/libgcc.a

.debug_info     0x0000000000000000    0x13750
 .debug_info    0x0000000000000000     0x1335 ./Core/Src/main.o
 .debug_info    0x0000000000001335      0x8d7 ./Core/Src/stm32f1xx_hal_msp.o
 .debug_info    0x0000000000001c0c      0x713 ./Core/Src/stm32f1xx_it.o
 .debug_info    0x000000000000231f      0x2be ./Core/Src/system_stm32f1xx.o
 .debug_info    0x00000000000025dd       0x22 ./Core/Startup/startup_stm32f103c8tx.o
 .debug_info    0x00000000000025ff      0x76a ./Drivers/STM32F1xx_HAL_Driver/Src/stm32f1xx_hal.o
 .debug_info    0x0000000000002d69      0xbdc ./Drivers/STM32F1xx_HAL_Driver/Src/stm32f1xx_hal_cortex.o
 .debug_info    0x0000000000003945      0x701 ./Drivers/STM32F1xx_HAL_Driver/Src/stm32f1xx_hal_gpio.o
 .debug_info    0x0000000000004046     0x1509 ./Drivers/STM32F1xx_HAL_Driver/Src/stm32f1xx_hal_pcd.o
 .debug_info    0x000000000000554f      0x7fc ./Drivers/STM32F1xx_HAL_Driver/Src/stm32f1xx_hal_pcd_ex.o
 .debug_info    0x0000000000005d4b      0x88e ./Drivers/STM32F1xx_HAL_Driver/Src/stm32f1xx_hal_rcc.o
 .debug_info    0x00000000000065d9      0x480 ./Drivers/STM32F1xx_HAL_Driver/Src/stm32f1xx_hal_rcc_ex.o
 .debug_info    0x0000000000006a59     0x161a ./Drivers/STM32F1xx_HAL_Driver/Src/stm32f1xx_hal_uart.o
 .debug_info    0x0000000000008073     0x19e6 ./Drivers/STM32F1xx_HAL_Driver/Src/stm32f1xx_ll_usb.o
 .debug_info    0x0000000000009a59     0x193a ./Middlewares/ST/STM32_USB_Device_Library/Class/CDC/Src/usbd_cdc.o
 .debug_info    0x000000000000b393     0x12ef ./Middlewares/ST/STM32_USB_Device_Library/Core/Src/usbd_core.o
 .debug_info    0x000000000000c682     0x125c ./Middlewares/ST/STM32_USB_Device_Library/Core/Src/usbd_ctlreq.o
 .debug_info    0x000000000000d8de     0x102e ./Middlewares/ST/STM32_USB_Device_Library/Core/Src/usbd_ioreq.o
 .debug_info    0x000000000000e90c      0xf6b ./USB_DEVICE/App/usb_device.o
 .debug_info    0x000000000000f877     0x116c ./USB_DEVICE/App/usbd_cdc_if.o
 .debug_info    0x00000000000109e3      0xde8 ./USB_DEVICE/App/usbd_desc.o
 .debug_info    0x00000000000117cb     0x1f85 ./USB_DEVICE/Target/usbd_conf.o

.debug_abbrev   0x0000000000000000     0x2feb
 .debug_abbrev  0x0000000000000000      0x28e ./Core/Src/main.o
 .debug_abbrev  0x000000000000028e      0x1ac ./Core/Src/stm32f1xx_hal_msp.o
 .debug_abbrev  0x000000000000043a      0x173 ./Core/Src/stm32f1xx_it.o
 .debug_abbrev  0x00000000000005ad      0x14e ./Core/Src/system_stm32f1xx.o
 .debug_abbrev  0x00000000000006fb       0x12 ./Core/Startup/startup_stm32f103c8tx.o
 .debug_abbrev  0x000000000000070d      0x1ed ./Drivers/STM32F1xx_HAL_Driver/Src/stm32f1xx_hal.o
 .debug_abbrev  0x00000000000008fa      0x313 ./Drivers/STM32F1xx_HAL_Driver/Src/stm32f1xx_hal_cortex.o
 .debug_abbrev  0x0000000000000c0d      0x1e8 ./Drivers/STM32F1xx_HAL_Driver/Src/stm32f1xx_hal_gpio.o
 .debug_abbrev  0x0000000000000df5      0x29e ./Drivers/STM32F1xx_HAL_Driver/Src/stm32f1xx_hal_pcd.o
 .debug_abbrev  0x0000000000001093      0x1ac ./Drivers/STM32F1xx_HAL_Driver/Src/stm32f1xx_hal_pcd_ex.o
 .debug_abbrev  0x000000000000123f      0x273 ./Drivers/STM32F1xx_HAL_Driver/Src/stm32f1xx_hal_rcc.o
 .debug_abbrev  0x00000000000014b2      0x193 ./Drivers/STM32F1xx_HAL_Driver/Src/stm32f1xx_hal_rcc_ex.o
 .debug_abbrev  0x0000000000001645      0x28b ./Drivers/STM32F1xx_HAL_Driver/Src/stm32f1xx_hal_uart.o
 .debug_abbrev  0x00000000000018d0      0x1fa ./Drivers/STM32F1xx_HAL_Driver/Src/stm32f1xx_ll_usb.o
 .debug_abbrev  0x0000000000001aca      0x2f6 ./Middlewares/ST/STM32_USB_Device_Library/Class/CDC/Src/usbd_cdc.o
 .debug_abbrev  0x0000000000001dc0      0x2a8 ./Middlewares/ST/STM32_USB_Device_Library/Core/Src/usbd_core.o
 .debug_abbrev  0x0000000000002068      0x2de ./Middlewares/ST/STM32_USB_Device_Library/Core/Src/usbd_ctlreq.o
 .debug_abbrev  0x0000000000002346      0x20a ./Middlewares/ST/STM32_USB_Device_Library/Core/Src/usbd_ioreq.o
 .debug_abbrev  0x0000000000002550      0x1e4 ./USB_DEVICE/App/usb_device.o
 .debug_abbrev  0x0000000000002734      0x2d0 ./USB_DEVICE/App/usbd_cdc_if.o
 .debug_abbrev  0x0000000000002a04      0x2ca ./USB_DEVICE/App/usbd_desc.o
 .debug_abbrev  0x0000000000002cce      0x31d ./USB_DEVICE/Target/usbd_conf.o

.debug_aranges  0x0000000000000000      0xc78
 .debug_aranges
                0x0000000000000000       0x40 ./Core/Src/main.o
 .debug_aranges
                0x0000000000000040       0x30 ./Core/Src/stm32f1xx_hal_msp.o
 .debug_aranges
                0x0000000000000070       0x68 ./Core/Src/stm32f1xx_it.o
 .debug_aranges
                0x00000000000000d8       0x28 ./Core/Src/system_stm32f1xx.o
 .debug_aranges
                0x0000000000000100       0x28 ./Core/Startup/startup_stm32f103c8tx.o
 .debug_aranges
                0x0000000000000128       0xe0 ./Drivers/STM32F1xx_HAL_Driver/Src/stm32f1xx_hal.o
 .debug_aranges
                0x0000000000000208      0x100 ./Drivers/STM32F1xx_HAL_Driver/Src/stm32f1xx_hal_cortex.o
 .debug_aranges
                0x0000000000000308       0x58 ./Drivers/STM32F1xx_HAL_Driver/Src/stm32f1xx_hal_gpio.o
 .debug_aranges
                0x0000000000000360      0x138 ./Drivers/STM32F1xx_HAL_Driver/Src/stm32f1xx_hal_pcd.o
 .debug_aranges
                0x0000000000000498       0x38 ./Drivers/STM32F1xx_HAL_Driver/Src/stm32f1xx_hal_pcd_ex.o
 .debug_aranges
                0x00000000000004d0       0x90 ./Drivers/STM32F1xx_HAL_Driver/Src/stm32f1xx_hal_rcc.o
 .debug_aranges
                0x0000000000000560       0x30 ./Drivers/STM32F1xx_HAL_Driver/Src/stm32f1xx_hal_rcc_ex.o
 .debug_aranges
                0x0000000000000590      0x200 ./Drivers/STM32F1xx_HAL_Driver/Src/stm32f1xx_hal_uart.o
 .debug_aranges
                0x0000000000000790       0xf0 ./Drivers/STM32F1xx_HAL_Driver/Src/stm32f1xx_ll_usb.o
 .debug_aranges
                0x0000000000000880       0x90 ./Middlewares/ST/STM32_USB_Device_Library/Class/CDC/Src/usbd_cdc.o
 .debug_aranges
                0x0000000000000910       0xb8 ./Middlewares/ST/STM32_USB_Device_Library/Core/Src/usbd_core.o
 .debug_aranges
                0x00000000000009c8       0x88 ./Middlewares/ST/STM32_USB_Device_Library/Core/Src/usbd_ctlreq.o
 .debug_aranges
                0x0000000000000a50       0x50 ./Middlewares/ST/STM32_USB_Device_Library/Core/Src/usbd_ioreq.o
 .debug_aranges
                0x0000000000000aa0       0x20 ./USB_DEVICE/App/usb_device.o
 .debug_aranges
                0x0000000000000ac0       0x40 ./USB_DEVICE/App/usbd_cdc_if.o
 .debug_aranges
                0x0000000000000b00       0x60 ./USB_DEVICE/App/usbd_desc.o
 .debug_aranges
                0x0000000000000b60      0x118 ./USB_DEVICE/Target/usbd_conf.o

.debug_ranges   0x0000000000000000      0xb50
 .debug_ranges  0x0000000000000000       0x30 ./Core/Src/main.o
 .debug_ranges  0x0000000000000030       0x20 ./Core/Src/stm32f1xx_hal_msp.o
 .debug_ranges  0x0000000000000050       0x58 ./Core/Src/stm32f1xx_it.o
 .debug_ranges  0x00000000000000a8       0x18 ./Core/Src/system_stm32f1xx.o
 .debug_ranges  0x00000000000000c0       0x20 ./Core/Startup/startup_stm32f103c8tx.o
 .debug_ranges  0x00000000000000e0       0xd0 ./Drivers/STM32F1xx_HAL_Driver/Src/stm32f1xx_hal.o
 .debug_ranges  0x00000000000001b0       0xf0 ./Drivers/STM32F1xx_HAL_Driver/Src/stm32f1xx_hal_cortex.o
 .debug_ranges  0x00000000000002a0       0x48 ./Drivers/STM32F1xx_HAL_Driver/Src/stm32f1xx_hal_gpio.o
 .debug_ranges  0x00000000000002e8      0x128 ./Drivers/STM32F1xx_HAL_Driver/Src/stm32f1xx_hal_pcd.o
 .debug_ranges  0x0000000000000410       0x28 ./Drivers/STM32F1xx_HAL_Driver/Src/stm32f1xx_hal_pcd_ex.o
 .debug_ranges  0x0000000000000438       0x80 ./Drivers/STM32F1xx_HAL_Driver/Src/stm32f1xx_hal_rcc.o
 .debug_ranges  0x00000000000004b8       0x20 ./Drivers/STM32F1xx_HAL_Driver/Src/stm32f1xx_hal_rcc_ex.o
 .debug_ranges  0x00000000000004d8      0x220 ./Drivers/STM32F1xx_HAL_Driver/Src/stm32f1xx_hal_uart.o
 .debug_ranges  0x00000000000006f8       0xe0 ./Drivers/STM32F1xx_HAL_Driver/Src/stm32f1xx_ll_usb.o
 .debug_ranges  0x00000000000007d8       0x80 ./Middlewares/ST/STM32_USB_Device_Library/Class/CDC/Src/usbd_cdc.o
 .debug_ranges  0x0000000000000858       0xa8 ./Middlewares/ST/STM32_USB_Device_Library/Core/Src/usbd_core.o
 .debug_ranges  0x0000000000000900       0x78 ./Middlewares/ST/STM32_USB_Device_Library/Core/Src/usbd_ctlreq.o
 .debug_ranges  0x0000000000000978       0x40 ./Middlewares/ST/STM32_USB_Device_Library/Core/Src/usbd_ioreq.o
 .debug_ranges  0x00000000000009b8       0x10 ./USB_DEVICE/App/usb_device.o
 .debug_ranges  0x00000000000009c8       0x30 ./USB_DEVICE/App/usbd_cdc_if.o
 .debug_ranges  0x00000000000009f8       0x50 ./USB_DEVICE/App/usbd_desc.o
 .debug_ranges  0x0000000000000a48      0x108 ./USB_DEVICE/Target/usbd_conf.o

.debug_macro    0x0000000000000000    0x19b4d
 .debug_macro   0x0000000000000000      0x3a7 ./Core/Src/main.o
 .debug_macro   0x00000000000003a7      0xa9c ./Core/Src/main.o
 .debug_macro   0x0000000000000e43      0x21b ./Core/Src/main.o
 .debug_macro   0x000000000000105e       0x2e ./Core/Src/main.o
 .debug_macro   0x000000000000108c       0x22 ./Core/Src/main.o
 .debug_macro   0x00000000000010ae       0x22 ./Core/Src/main.o
 .debug_macro   0x00000000000010d0       0x8e ./Core/Src/main.o
 .debug_macro   0x000000000000115e       0x51 ./Core/Src/main.o
 .debug_macro   0x00000000000011af      0x103 ./Core/Src/main.o
 .debug_macro   0x00000000000012b2       0x6a ./Core/Src/main.o
 .debug_macro   0x000000000000131c      0x1df ./Core/Src/main.o
 .debug_macro   0x00000000000014fb       0x1c ./Core/Src/main.o
 .debug_macro   0x0000000000001517       0x22 ./Core/Src/main.o
 .debug_macro   0x0000000000001539       0xc3 ./Core/Src/main.o
 .debug_macro   0x00000000000015fc      0xd23 ./Core/Src/main.o
 .debug_macro   0x000000000000231f     0xe09e ./Core/Src/main.o
 .debug_macro   0x00000000000103bd       0x6d ./Core/Src/main.o
 .debug_macro   0x000000000001042a     0x3468 ./Core/Src/main.o
 .debug_macro   0x0000000000013892      0x174 ./Core/Src/main.o
 .debug_macro   0x0000000000013a06       0x5c ./Core/Src/main.o
 .debug_macro   0x0000000000013a62      0x5be ./Core/Src/main.o
 .debug_macro   0x0000000000014020      0x289 ./Core/Src/main.o
 .debug_macro   0x00000000000142a9      0x1cb ./Core/Src/main.o
 .debug_macro   0x0000000000014474      0x114 ./Core/Src/main.o
 .debug_macro   0x0000000000014588      0x1b2 ./Core/Src/main.o
 .debug_macro   0x000000000001473a       0x27 ./Core/Src/main.o
 .debug_macro   0x0000000000014761      0x136 ./Core/Src/main.o
 .debug_macro   0x0000000000014897      0x1bc ./Core/Src/main.o
 .debug_macro   0x0000000000014a53       0x34 ./Core/Src/main.o
 .debug_macro   0x0000000000014a87       0x3c ./Core/Src/main.o
 .debug_macro   0x0000000000014ac3       0x57 ./Core/Src/main.o
 .debug_macro   0x0000000000014b1a       0x88 ./Core/Src/main.o
 .debug_macro   0x0000000000014ba2      0x241 ./Core/Src/main.o
 .debug_macro   0x0000000000014de3      0x141 ./Core/Src/main.o
 .debug_macro   0x0000000000014f24      0x279 ./Core/Src/main.o
 .debug_macro   0x000000000001519d       0x65 ./Core/Src/main.o
 .debug_macro   0x0000000000015202      0x249 ./Core/Src/main.o
 .debug_macro   0x000000000001544b       0x83 ./Core/Src/main.o
 .debug_macro   0x00000000000154ce       0x52 ./Core/Src/main.o
 .debug_macro   0x0000000000015520       0x18 ./Core/Src/main.o
 .debug_macro   0x0000000000015538       0x3c ./Core/Src/main.o
 .debug_macro   0x0000000000015574       0x34 ./Core/Src/main.o
 .debug_macro   0x00000000000155a8       0x16 ./Core/Src/main.o
 .debug_macro   0x00000000000155be       0x35 ./Core/Src/main.o
 .debug_macro   0x00000000000155f3      0x333 ./Core/Src/main.o
 .debug_macro   0x0000000000015926       0x10 ./Core/Src/main.o
 .debug_macro   0x0000000000015936       0x16 ./Core/Src/main.o
 .debug_macro   0x000000000001594c       0x43 ./Core/Src/main.o
 .debug_macro   0x000000000001598f       0x34 ./Core/Src/main.o
 .debug_macro   0x00000000000159c3       0x10 ./Core/Src/main.o
 .debug_macro   0x00000000000159d3       0x58 ./Core/Src/main.o
 .debug_macro   0x0000000000015a2b       0x71 ./Core/Src/main.o
 .debug_macro   0x0000000000015a9c       0x1c ./Core/Src/main.o
 .debug_macro   0x0000000000015ab8      0x12a ./Core/Src/main.o
 .debug_macro   0x0000000000015be2       0x10 ./Core/Src/main.o
 .debug_macro   0x0000000000015bf2       0x1c ./Core/Src/main.o
 .debug_macro   0x0000000000015c0e       0x52 ./Core/Src/main.o
 .debug_macro   0x0000000000015c60       0x22 ./Core/Src/main.o
 .debug_macro   0x0000000000015c82       0x10 ./Core/Src/main.o
 .debug_macro   0x0000000000015c92       0x40 ./Core/Src/main.o
 .debug_macro   0x0000000000015cd2       0xd5 ./Core/Src/main.o
 .debug_macro   0x0000000000015da7       0x1c ./Core/Src/main.o
 .debug_macro   0x0000000000015dc3       0x3d ./Core/Src/main.o
 .debug_macro   0x0000000000015e00       0x16 ./Core/Src/main.o
 .debug_macro   0x0000000000015e16      0x145 ./Core/Src/main.o
 .debug_macro   0x0000000000015f5b       0x16 ./Core/Src/main.o
 .debug_macro   0x0000000000015f71       0x16 ./Core/Src/main.o
 .debug_macro   0x0000000000015f87       0x29 ./Core/Src/main.o
 .debug_macro   0x0000000000015fb0       0x16 ./Core/Src/main.o
 .debug_macro   0x0000000000015fc6       0x20 ./Core/Src/main.o
 .debug_macro   0x0000000000015fe6       0x5f ./Core/Src/main.o
 .debug_macro   0x0000000000016045      0x1c8 ./Core/Src/main.o
 .debug_macro   0x000000000001620d      0x1bc ./Core/Src/stm32f1xx_hal_msp.o
 .debug_macro   0x00000000000163c9      0x1c6 ./Core/Src/stm32f1xx_it.o
 .debug_macro   0x000000000001658f      0x1b2 ./Core/Src/system_stm32f1xx.o
 .debug_macro   0x0000000000016741      0x1d6 ./Drivers/STM32F1xx_HAL_Driver/Src/stm32f1xx_hal.o
 .debug_macro   0x0000000000016917      0x1b2 ./Drivers/STM32F1xx_HAL_Driver/Src/stm32f1xx_hal_cortex.o
 .debug_macro   0x0000000000016ac9      0x21d ./Drivers/STM32F1xx_HAL_Driver/Src/stm32f1xx_hal_gpio.o
 .debug_macro   0x0000000000016ce6      0x1be ./Drivers/STM32F1xx_HAL_Driver/Src/stm32f1xx_hal_pcd.o
 .debug_macro   0x0000000000016ea4      0x1b2 ./Drivers/STM32F1xx_HAL_Driver/Src/stm32f1xx_hal_pcd_ex.o
 .debug_macro   0x0000000000017056      0x1c4 ./Drivers/STM32F1xx_HAL_Driver/Src/stm32f1xx_hal_rcc.o
 .debug_macro   0x000000000001721a      0x1b2 ./Drivers/STM32F1xx_HAL_Driver/Src/stm32f1xx_hal_rcc_ex.o
 .debug_macro   0x00000000000173cc      0x1b3 ./Drivers/STM32F1xx_HAL_Driver/Src/stm32f1xx_hal_uart.o
 .debug_macro   0x000000000001757f      0x1b2 ./Drivers/STM32F1xx_HAL_Driver/Src/stm32f1xx_ll_usb.o
 .debug_macro   0x0000000000017731      0x3d2 ./Middlewares/ST/STM32_USB_Device_Library/Class/CDC/Src/usbd_cdc.o
 .debug_macro   0x0000000000017b03       0x97 ./Middlewares/ST/STM32_USB_Device_Library/Class/CDC/Src/usbd_cdc.o
 .debug_macro   0x0000000000017b9a       0xfd ./Middlewares/ST/STM32_USB_Device_Library/Class/CDC/Src/usbd_cdc.o
 .debug_macro   0x0000000000017c97       0xbd ./Middlewares/ST/STM32_USB_Device_Library/Class/CDC/Src/usbd_cdc.o
 .debug_macro   0x0000000000017d54       0x56 ./Middlewares/ST/STM32_USB_Device_Library/Class/CDC/Src/usbd_cdc.o
 .debug_macro   0x0000000000017daa       0x8f ./Middlewares/ST/STM32_USB_Device_Library/Class/CDC/Src/usbd_cdc.o
 .debug_macro   0x0000000000017e39      0x3b9 ./Middlewares/ST/STM32_USB_Device_Library/Core/Src/usbd_core.o
 .debug_macro   0x00000000000181f2      0x1ce ./Middlewares/ST/STM32_USB_Device_Library/Core/Src/usbd_core.o
 .debug_macro   0x00000000000183c0      0x3c3 ./Middlewares/ST/STM32_USB_Device_Library/Core/Src/usbd_ctlreq.o
 .debug_macro   0x0000000000018783      0x3bf ./Middlewares/ST/STM32_USB_Device_Library/Core/Src/usbd_ioreq.o
 .debug_macro   0x0000000000018b42      0x3f8 ./USB_DEVICE/App/usb_device.o
 .debug_macro   0x0000000000018f3a       0x22 ./USB_DEVICE/App/usb_device.o
 .debug_macro   0x0000000000018f5c       0x16 ./USB_DEVICE/App/usb_device.o
 .debug_macro   0x0000000000018f72      0x3dd ./USB_DEVICE/App/usbd_cdc_if.o
 .debug_macro   0x000000000001934f       0x10 ./USB_DEVICE/App/usbd_cdc_if.o
 .debug_macro   0x000000000001935f      0x3f6 ./USB_DEVICE/App/usbd_desc.o
 .debug_macro   0x0000000000019755       0x1c ./USB_DEVICE/App/usbd_desc.o
 .debug_macro   0x0000000000019771      0x3dc ./USB_DEVICE/Target/usbd_conf.o

.debug_line     0x0000000000000000     0xf749
 .debug_line    0x0000000000000000      0xa42 ./Core/Src/main.o
 .debug_line    0x0000000000000a42      0x6c2 ./Core/Src/stm32f1xx_hal_msp.o
 .debug_line    0x0000000000001104      0x749 ./Core/Src/stm32f1xx_it.o
 .debug_line    0x000000000000184d      0x6ed ./Core/Src/system_stm32f1xx.o
 .debug_line    0x0000000000001f3a       0x87 ./Core/Startup/startup_stm32f103c8tx.o
 .debug_line    0x0000000000001fc1      0x91a ./Drivers/STM32F1xx_HAL_Driver/Src/stm32f1xx_hal.o
 .debug_line    0x00000000000028db      0xb02 ./Drivers/STM32F1xx_HAL_Driver/Src/stm32f1xx_hal_cortex.o
 .debug_line    0x00000000000033dd      0x9b1 ./Drivers/STM32F1xx_HAL_Driver/Src/stm32f1xx_hal_gpio.o
 .debug_line    0x0000000000003d8e     0x1308 ./Drivers/STM32F1xx_HAL_Driver/Src/stm32f1xx_hal_pcd.o
 .debug_line    0x0000000000005096      0x6e8 ./Drivers/STM32F1xx_HAL_Driver/Src/stm32f1xx_hal_pcd_ex.o
 .debug_line    0x000000000000577e      0xd28 ./Drivers/STM32F1xx_HAL_Driver/Src/stm32f1xx_hal_rcc.o
 .debug_line    0x00000000000064a6      0x866 ./Drivers/STM32F1xx_HAL_Driver/Src/stm32f1xx_hal_rcc_ex.o
 .debug_line    0x0000000000006d0c     0x19f5 ./Drivers/STM32F1xx_HAL_Driver/Src/stm32f1xx_hal_uart.o
 .debug_line    0x0000000000008701     0x1022 ./Drivers/STM32F1xx_HAL_Driver/Src/stm32f1xx_ll_usb.o
 .debug_line    0x0000000000009723      0xcf3 ./Middlewares/ST/STM32_USB_Device_Library/Class/CDC/Src/usbd_cdc.o
 .debug_line    0x000000000000a416      0xd73 ./Middlewares/ST/STM32_USB_Device_Library/Core/Src/usbd_core.o
 .debug_line    0x000000000000b189      0xf92 ./Middlewares/ST/STM32_USB_Device_Library/Core/Src/usbd_ctlreq.o
 .debug_line    0x000000000000c11b      0xa09 ./Middlewares/ST/STM32_USB_Device_Library/Core/Src/usbd_ioreq.o
 .debug_line    0x000000000000cb24      0x9c9 ./USB_DEVICE/App/usb_device.o
 .debug_line    0x000000000000d4ed      0xa1c ./USB_DEVICE/App/usbd_cdc_if.o
 .debug_line    0x000000000000df09      0xa92 ./USB_DEVICE/App/usbd_desc.o
 .debug_line    0x000000000000e99b      0xdae ./USB_DEVICE/Target/usbd_conf.o

.debug_str      0x0000000000000000    0x87189
 .debug_str     0x0000000000000000    0x83e9d ./Core/Src/main.o
                                      0x84302 (size before relaxing)
 .debug_str     0x0000000000083e9d       0x84 ./Core/Src/stm32f1xx_hal_msp.o
                                      0x7f572 (size before relaxing)
 .debug_str     0x0000000000083f21      0x3ae ./Core/Src/stm32f1xx_it.o
                                      0x7f4e8 (size before relaxing)
 .debug_str     0x00000000000842cf       0x52 ./Core/Src/system_stm32f1xx.o
                                      0x7f132 (size before relaxing)
 .debug_str     0x0000000000084321       0x36 ./Core/Startup/startup_stm32f103c8tx.o
                                         0x7b (size before relaxing)
 .debug_str     0x0000000000084357      0x55e ./Drivers/STM32F1xx_HAL_Driver/Src/stm32f1xx_hal.o
                                      0x7f7c3 (size before relaxing)
 .debug_str     0x00000000000848b5      0x2d8 ./Drivers/STM32F1xx_HAL_Driver/Src/stm32f1xx_hal_cortex.o
                                      0x7f7cb (size before relaxing)
 .debug_str     0x0000000000084b8d      0x324 ./Drivers/STM32F1xx_HAL_Driver/Src/stm32f1xx_hal_gpio.o
                                      0x7f4f6 (size before relaxing)
 .debug_str     0x0000000000084eb1      0x3e5 ./Drivers/STM32F1xx_HAL_Driver/Src/stm32f1xx_hal_pcd.o
                                      0x7f885 (size before relaxing)
 .debug_str     0x0000000000085296      0x18d ./Drivers/STM32F1xx_HAL_Driver/Src/stm32f1xx_hal_pcd_ex.o
                                      0x7f5d2 (size before relaxing)
 .debug_str     0x0000000000085423      0x24f ./Drivers/STM32F1xx_HAL_Driver/Src/stm32f1xx_hal_rcc.o
                                      0x7f52f (size before relaxing)
 .debug_str     0x0000000000085672       0xb9 ./Drivers/STM32F1xx_HAL_Driver/Src/stm32f1xx_hal_rcc_ex.o
                                      0x7f2bc (size before relaxing)
 .debug_str     0x000000000008572b      0x5f8 ./Drivers/STM32F1xx_HAL_Driver/Src/stm32f1xx_hal_uart.o
                                      0x7fb21 (size before relaxing)
 .debug_str     0x0000000000085d23      0x2a1 ./Drivers/STM32F1xx_HAL_Driver/Src/stm32f1xx_ll_usb.o
                                      0x7f605 (size before relaxing)
 .debug_str     0x0000000000085fc4      0x8c9 ./Middlewares/ST/STM32_USB_Device_Library/Class/CDC/Src/usbd_cdc.o
                                      0x8493b (size before relaxing)
 .debug_str     0x000000000008688d      0x1b5 ./Middlewares/ST/STM32_USB_Device_Library/Core/Src/usbd_core.o
                                      0x84236 (size before relaxing)
 .debug_str     0x0000000000086a42      0x134 ./Middlewares/ST/STM32_USB_Device_Library/Core/Src/usbd_ctlreq.o
                                      0x841bc (size before relaxing)
 .debug_str     0x0000000000086b76       0xc9 ./Middlewares/ST/STM32_USB_Device_Library/Core/Src/usbd_ioreq.o
                                      0x84144 (size before relaxing)
 .debug_str     0x0000000000086c3f      0x118 ./USB_DEVICE/App/usb_device.o
                                      0x844ab (size before relaxing)
 .debug_str     0x0000000000086d57       0x86 ./USB_DEVICE/App/usbd_cdc_if.o
                                      0x844ea (size before relaxing)
 .debug_str     0x0000000000086ddd      0x258 ./USB_DEVICE/App/usbd_desc.o
                                      0x840af (size before relaxing)
 .debug_str     0x0000000000087035      0x154 ./USB_DEVICE/Target/usbd_conf.o
                                      0x84d61 (size before relaxing)

.comment        0x0000000000000000       0x53
 .comment       0x0000000000000000       0x53 ./Core/Src/main.o
                                         0x54 (size before relaxing)
 .comment       0x0000000000000053       0x54 ./Core/Src/stm32f1xx_hal_msp.o
 .comment       0x0000000000000053       0x54 ./Core/Src/stm32f1xx_it.o
 .comment       0x0000000000000053       0x54 ./Core/Src/system_stm32f1xx.o
 .comment       0x0000000000000053       0x54 ./Drivers/STM32F1xx_HAL_Driver/Src/stm32f1xx_hal.o
 .comment       0x0000000000000053       0x54 ./Drivers/STM32F1xx_HAL_Driver/Src/stm32f1xx_hal_cortex.o
 .comment       0x0000000000000053       0x54 ./Drivers/STM32F1xx_HAL_Driver/Src/stm32f1xx_hal_gpio.o
 .comment       0x0000000000000053       0x54 ./Drivers/STM32F1xx_HAL_Driver/Src/stm32f1xx_hal_pcd.o
 .comment       0x0000000000000053       0x54 ./Drivers/STM32F1xx_HAL_Driver/Src/stm32f1xx_hal_pcd_ex.o
 .comment       0x0000000000000053       0x54 ./Drivers/STM32F1xx_HAL_Driver/Src/stm32f1xx_hal_rcc.o
 .comment       0x0000000000000053       0x54 ./Drivers/STM32F1xx_HAL_Driver/Src/stm32f1xx_hal_rcc_ex.o
 .comment       0x0000000000000053       0x54 ./Drivers/STM32F1xx_HAL_Driver/Src/stm32f1xx_hal_uart.o
 .comment       0x0000000000000053       0x54 ./Drivers/STM32F1xx_HAL_Driver/Src/stm32f1xx_ll_usb.o
 .comment       0x0000000000000053       0x54 ./Middlewares/ST/STM32_USB_Device_Library/Class/CDC/Src/usbd_cdc.o
 .comment       0x0000000000000053       0x54 ./Middlewares/ST/STM32_USB_Device_Library/Core/Src/usbd_core.o
 .comment       0x0000000000000053       0x54 ./Middlewares/ST/STM32_USB_Device_Library/Core/Src/usbd_ctlreq.o
 .comment       0x0000000000000053       0x54 ./Middlewares/ST/STM32_USB_Device_Library/Core/Src/usbd_ioreq.o
 .comment       0x0000000000000053       0x54 ./USB_DEVICE/App/usb_device.o
 .comment       0x0000000000000053       0x54 ./USB_DEVICE/App/usbd_cdc_if.o
 .comment       0x0000000000000053       0x54 ./USB_DEVICE/App/usbd_desc.o
 .comment       0x0000000000000053       0x54 ./USB_DEVICE/Target/usbd_conf.o

.debug_frame    0x0000000000000000     0x3144
 .debug_frame   0x0000000000000000       0xac ./Core/Src/main.o
 .debug_frame   0x00000000000000ac       0x80 ./Core/Src/stm32f1xx_hal_msp.o
 .debug_frame   0x000000000000012c      0x120 ./Core/Src/stm32f1xx_it.o
 .debug_frame   0x000000000000024c       0x58 ./Core/Src/system_stm32f1xx.o
 .debug_frame   0x00000000000002a4      0x334 ./Drivers/STM32F1xx_HAL_Driver/Src/stm32f1xx_hal.o
 .debug_frame   0x00000000000005d8      0x428 ./Drivers/STM32F1xx_HAL_Driver/Src/stm32f1xx_hal_cortex.o
 .debug_frame   0x0000000000000a00      0x14c ./Drivers/STM32F1xx_HAL_Driver/Src/stm32f1xx_hal_gpio.o
 .debug_frame   0x0000000000000b4c      0x578 ./Drivers/STM32F1xx_HAL_Driver/Src/stm32f1xx_hal_pcd.o
 .debug_frame   0x00000000000010c4       0xb0 ./Drivers/STM32F1xx_HAL_Driver/Src/stm32f1xx_hal_pcd_ex.o
 .debug_frame   0x0000000000001174      0x21c ./Drivers/STM32F1xx_HAL_Driver/Src/stm32f1xx_hal_rcc.o
 .debug_frame   0x0000000000001390       0x84 ./Drivers/STM32F1xx_HAL_Driver/Src/stm32f1xx_hal_rcc_ex.o
 .debug_frame   0x0000000000001414      0x914 ./Drivers/STM32F1xx_HAL_Driver/Src/stm32f1xx_hal_uart.o
 .debug_frame   0x0000000000001d28      0x450 ./Drivers/STM32F1xx_HAL_Driver/Src/stm32f1xx_ll_usb.o
 .debug_frame   0x0000000000002178      0x248 ./Middlewares/ST/STM32_USB_Device_Library/Class/CDC/Src/usbd_cdc.o
 .debug_frame   0x00000000000023c0      0x300 ./Middlewares/ST/STM32_USB_Device_Library/Core/Src/usbd_core.o
 .debug_frame   0x00000000000026c0      0x218 ./Middlewares/ST/STM32_USB_Device_Library/Core/Src/usbd_ctlreq.o
 .debug_frame   0x00000000000028d8      0x10c ./Middlewares/ST/STM32_USB_Device_Library/Core/Src/usbd_ioreq.o
 .debug_frame   0x00000000000029e4       0x2c ./USB_DEVICE/App/usb_device.o
 .debug_frame   0x0000000000002a10       0xbc ./USB_DEVICE/App/usbd_cdc_if.o
 .debug_frame   0x0000000000002acc      0x160 ./USB_DEVICE/App/usbd_desc.o
 .debug_frame   0x0000000000002c2c      0x4a4 ./USB_DEVICE/Target/usbd_conf.o
 .debug_frame   0x00000000000030d0       0x2c /opt/st/stm32cubeide_1.8.0/plugins/com.st.stm32cube.ide.mcu.externaltools.gnu-tools-for-stm32.9-2020-q2-update.linux64_2.0.0.202105311346/tools/bin/../lib/gcc/arm-none-eabi/9.3.1/../../../../arm-none-eabi/lib/thumb/v7-m/nofp/libc_nano.a(lib_a-init.o)
 .debug_frame   0x00000000000030fc       0x28 /opt/st/stm32cubeide_1.8.0/plugins/com.st.stm32cube.ide.mcu.externaltools.gnu-tools-for-stm32.9-2020-q2-update.linux64_2.0.0.202105311346/tools/bin/../lib/gcc/arm-none-eabi/9.3.1/../../../../arm-none-eabi/lib/thumb/v7-m/nofp/libc_nano.a(lib_a-memcpy-stub.o)
 .debug_frame   0x0000000000003124       0x20 /opt/st/stm32cubeide_1.8.0/plugins/com.st.stm32cube.ide.mcu.externaltools.gnu-tools-for-stm32.9-2020-q2-update.linux64_2.0.0.202105311346/tools/bin/../lib/gcc/arm-none-eabi/9.3.1/../../../../arm-none-eabi/lib/thumb/v7-m/nofp/libc_nano.a(lib_a-memset.o)
