../Core/Src/EEG_simulation.c:13:6:init_dac_handler	24	static
../Core/Src/EEG_simulation.c:21:6:reset_dacs_config	24	static
../Core/Src/EEG_simulation.c:35:6:init_LDAC_in_dacs	24	static
../Core/Src/EEG_simulation.c:47:6:init_LDAC	24	static
../Core/Src/EEG_simulation.c:56:10:parse_config	16	static
../Core/Src/EEG_simulation.c:61:6:parse_tag_and_channel_from_config	24	static
../Core/Src/EEG_simulation.c:69:19:send_data_to_dac_channel	32	static
../Core/Src/EEG_simulation.c:107:9:get_dac_channel_addr_mask	16	static
../Core/Src/EEG_simulation.c:112:19:send_configuration_to_dacs	32	static
../Core/Src/EEG_simulation.c:129:6:trigger_LDAC	8	static
../Core/Src/EEG_simulation.c:142:6:config_sample_rate_delay	16	static
../Core/Src/EEG_simulation.c:149:19:_send_word_to_dac	24	static
../Core/Src/EEG_simulation.c:164:6:EEG_simulation_error_Handler	4	static,ignoring_inline_asm
