../Core/Src/EEG_simulation.c:13:6:init_dac_handler	24	static
../Core/Src/EEG_simulation.c:21:6:reset_dacs_config	24	static
../Core/Src/EEG_simulation.c:35:6:init_LDAC_in_dacs	24	static
../Core/Src/EEG_simulation.c:47:6:init_LDAC	24	static
../Core/Src/EEG_simulation.c:56:6:parse_receiving_buffer	24	static
../Core/Src/EEG_simulation.c:62:6:parse_tag_and_channel_from_config	24	static
../Core/Src/EEG_simulation.c:70:19:send_data_to_dac_channel	32	static
../Core/Src/EEG_simulation.c:110:9:get_dac_channel_addr_mask	16	static
../Core/Src/EEG_simulation.c:115:19:send_configuration_to_dacs	32	static
../Core/Src/EEG_simulation.c:132:6:trigger_LDAC	8	static
../Core/Src/EEG_simulation.c:143:6:config_sample_rate_delay	16	static
../Core/Src/EEG_simulation.c:150:19:_send_word_to_dac	24	static
../Core/Src/EEG_simulation.c:166:6:test_send_data_value_to_all_dacs	32	static
../Core/Src/EEG_simulation.c:180:6:test_send_pulse	48	static
../Core/Src/EEG_simulation.c:211:6:test_send_saw	48	static
../Core/Src/EEG_simulation.c:235:6:EEG_simulation_error_Handler	4	static,ignoring_inline_asm
../Core/Src/EEG_simulation.c:244:6:init_data_queue	16	static
../Core/Src/EEG_simulation.c:250:6:enqueue_data	16	static
../Core/Src/EEG_simulation.c:258:6:dequeue_data	24	static
../Core/Src/EEG_simulation.c:265:5:is_queue_full	16	static
../Core/Src/EEG_simulation.c:269:5:is_queue_empty	16	static
