../Core/Src/EEG_simulation.c:14:6:init_dac_handler	24	static
../Core/Src/EEG_simulation.c:22:6:reset_dacs_config	24	static
../Core/Src/EEG_simulation.c:36:6:init_LDAC_in_dacs	24	static
../Core/Src/EEG_simulation.c:48:6:init_LDAC	24	static
../Core/Src/EEG_simulation.c:57:6:parse_receiving_buffer	24	static
../Core/Src/EEG_simulation.c:63:6:parse_tag_and_channel_from_config	24	static
../Core/Src/EEG_simulation.c:71:19:send_data_to_dac_channel	32	static
../Core/Src/EEG_simulation.c:111:9:get_dac_channel_addr_mask	16	static
../Core/Src/EEG_simulation.c:116:19:send_configuration_to_dacs	32	static
../Core/Src/EEG_simulation.c:140:6:trigger_LDAC	8	static
../Core/Src/EEG_simulation.c:157:6:config_sample_rate_delay	16	static
../Core/Src/EEG_simulation.c:162:6:config_simulation_channel_count	16	static
../Core/Src/EEG_simulation.c:166:19:_send_word_to_dac	24	static
../Core/Src/EEG_simulation.c:182:6:test_send_data_value_to_all_dacs	32	static
../Core/Src/EEG_simulation.c:196:6:test_send_pulse	48	static
../Core/Src/EEG_simulation.c:227:6:test_send_saw	48	static
../Core/Src/EEG_simulation.c:251:6:EEG_simulation_error_Handler	4	static,ignoring_inline_asm
../Core/Src/EEG_simulation.c:260:6:init_data_queue	16	static
../Core/Src/EEG_simulation.c:266:6:enqueue_data	16	static
../Core/Src/EEG_simulation.c:273:6:dequeue_data	24	static
../Core/Src/EEG_simulation.c:284:5:is_queue_full	16	static
../Core/Src/EEG_simulation.c:288:5:is_queue_empty	16	static
