../Core/Src/EEG_simulation.c:10:6:init_dac_handler	24	static
../Core/Src/EEG_simulation.c:18:6:reset_dacs_config	24	static
../Core/Src/EEG_simulation.c:31:6:init_LDAC_in_dacs	24	static
../Core/Src/EEG_simulation.c:43:6:init_LDAC	24	static
../Core/Src/EEG_simulation.c:52:10:parse_config	16	static
../Core/Src/EEG_simulation.c:57:6:parse_tag_and_channel_from_config	24	static
../Core/Src/EEG_simulation.c:65:19:send_data_to_dac_channel	32	static
../Core/Src/EEG_simulation.c:94:9:get_dac_channel_addr_mask	16	static
../Core/Src/EEG_simulation.c:99:19:send_configuration_to_dacs	32	static
../Core/Src/EEG_simulation.c:114:6:trigger_LDAC	8	static
../Core/Src/EEG_simulation.c:125:19:_send_word_to_dac	24	static
../Core/Src/EEG_simulation.c:140:6:EEG_simulation_error_Handler	4	static,ignoring_inline_asm
