../Core/Src/EEG_simulation.c:22:6:parse_receiving_buffer	24	static
../Core/Src/EEG_simulation.c:35:6:parse_tag_and_channel_from_config	24	static
../Core/Src/EEG_simulation.c:41:19:send_data_to_dac_channel	32	static
../Core/Src/EEG_simulation.c:82:19:_send_word_to_dac	24	static
../Core/Src/EEG_simulation.c:97:6:trigger_LDAC	8	static
../Core/Src/EEG_simulation.c:111:19:send_configuration_to_dacs	24	static
../Core/Src/EEG_simulation.c:126:19:send_data_to_multiple_dac_channels	40	static
../Core/Src/EEG_simulation.c:145:6:send_pulse_to_dac_channels	32	static
../Core/Src/EEG_simulation.c:168:6:send_triangular_wave_to_dac_channels	40	static
../Core/Src/EEG_simulation.c:201:6:init_dac_handler	24	static
../Core/Src/EEG_simulation.c:212:6:init_LDAC_settings	24	static
../Core/Src/EEG_simulation.c:221:6:init_LDAC_in_dacs	24	static
../Core/Src/EEG_simulation.c:238:6:reset_dacs_config	24	static
../Core/Src/EEG_simulation.c:252:9:get_dac_channel_addr_mask	16	static
../Core/Src/EEG_simulation.c:258:6:EEG_simulation_error_Handler	4	static,ignoring_inline_asm
