../Core/Src/EEG_simulation.c:12:6:init_dac_handler	24	static
../Core/Src/EEG_simulation.c:20:6:reset_dacs_config	24	static
../Core/Src/EEG_simulation.c:34:6:init_LDAC_in_dacs	24	static
../Core/Src/EEG_simulation.c:46:6:init_LDAC	24	static
../Core/Src/EEG_simulation.c:55:10:parse_config	16	static
../Core/Src/EEG_simulation.c:60:6:parse_tag_and_channel_from_config	24	static
../Core/Src/EEG_simulation.c:68:19:send_data_to_dac_channel	32	static
../Core/Src/EEG_simulation.c:106:9:get_dac_channel_addr_mask	16	static
../Core/Src/EEG_simulation.c:111:19:send_configuration_to_dacs	32	static
../Core/Src/EEG_simulation.c:126:6:trigger_LDAC	8	static
../Core/Src/EEG_simulation.c:139:6:config_sample_rate_delay	16	static
../Core/Src/EEG_simulation.c:150:19:_send_word_to_dac	24	static
../Core/Src/EEG_simulation.c:165:6:EEG_simulation_error_Handler	4	static,ignoring_inline_asm
