../Core/Src/EEG_simulation.c:16:6:init_dac_handler	24	static
../Core/Src/EEG_simulation.c:24:6:reset_dacs_config	24	static
../Core/Src/EEG_simulation.c:38:6:init_LDAC_in_dacs	24	static
../Core/Src/EEG_simulation.c:50:6:init_LDAC	24	static
../Core/Src/EEG_simulation.c:59:6:parse_receiving_buffer	24	static
../Core/Src/EEG_simulation.c:65:6:parse_tag_and_channel_from_config	24	static
../Core/Src/EEG_simulation.c:73:19:send_data_to_dac_channel	32	static
../Core/Src/EEG_simulation.c:113:9:get_dac_channel_addr_mask	16	static
../Core/Src/EEG_simulation.c:118:19:send_configuration_to_dacs	32	static
../Core/Src/EEG_simulation.c:148:6:trigger_LDAC	8	static
../Core/Src/EEG_simulation.c:165:6:config_sample_rate_delay	16	static
../Core/Src/EEG_simulation.c:170:6:config_simulation_channel_count	16	static
../Core/Src/EEG_simulation.c:174:19:_send_word_to_dac	24	static
../Core/Src/EEG_simulation.c:190:6:test_send_data_value_to_all_dacs	32	static
../Core/Src/EEG_simulation.c:204:6:test_send_pulse	48	static
../Core/Src/EEG_simulation.c:235:6:test_send_saw	48	static
../Core/Src/EEG_simulation.c:259:6:EEG_simulation_error_Handler	4	static,ignoring_inline_asm
../Core/Src/EEG_simulation.c:268:6:init_data_queue	16	static
../Core/Src/EEG_simulation.c:274:6:enqueue_data	16	static
../Core/Src/EEG_simulation.c:281:6:dequeue_data	24	static
../Core/Src/EEG_simulation.c:292:5:is_queue_full	16	static
../Core/Src/EEG_simulation.c:296:5:is_queue_empty	16	static
../Core/Src/EEG_simulation.c:300:6:flush_discard_channels	16	static
