../Core/Src/EEG_simulation.c:15:6:init_dac_handler	24	static
../Core/Src/EEG_simulation.c:23:6:reset_dacs_config	24	static
../Core/Src/EEG_simulation.c:37:6:init_LDAC_in_dacs	24	static
../Core/Src/EEG_simulation.c:49:6:init_LDAC	24	static
../Core/Src/EEG_simulation.c:58:6:parse_receiving_buffer	24	static
../Core/Src/EEG_simulation.c:64:6:parse_tag_and_channel_from_config	24	static
../Core/Src/EEG_simulation.c:72:19:send_data_to_dac_channel	32	static
../Core/Src/EEG_simulation.c:112:9:get_dac_channel_addr_mask	16	static
../Core/Src/EEG_simulation.c:117:19:send_configuration_to_dacs	32	static
../Core/Src/EEG_simulation.c:145:6:trigger_LDAC	8	static
../Core/Src/EEG_simulation.c:162:6:config_sample_rate_delay	16	static
../Core/Src/EEG_simulation.c:167:6:config_simulation_channel_count	16	static
../Core/Src/EEG_simulation.c:171:19:_send_word_to_dac	24	static
../Core/Src/EEG_simulation.c:187:6:test_send_data_value_to_all_dacs	32	static
../Core/Src/EEG_simulation.c:201:6:test_send_pulse	48	static
../Core/Src/EEG_simulation.c:232:6:test_send_saw	48	static
../Core/Src/EEG_simulation.c:256:6:EEG_simulation_error_Handler	4	static,ignoring_inline_asm
../Core/Src/EEG_simulation.c:265:6:init_data_queue	16	static
../Core/Src/EEG_simulation.c:271:6:enqueue_data	16	static
../Core/Src/EEG_simulation.c:278:6:dequeue_data	24	static
../Core/Src/EEG_simulation.c:289:5:is_queue_full	16	static
../Core/Src/EEG_simulation.c:293:5:is_queue_empty	16	static
../Core/Src/EEG_simulation.c:297:6:flush_discard_channels	16	static
