../Core/Src/main.c:115:5:main	88	static
../Core/Src/main.c:239:6:SystemClock_Config	88	static
../Core/Src/main.c:285:13:MX_SPI1_Init	8	static
../Core/Src/main.c:323:13:MX_SPI3_Init	8	static
../Core/Src/main.c:361:13:MX_SPI4_Init	8	static
../Core/Src/main.c:399:13:MX_SPI5_Init	8	static
../Core/Src/main.c:437:13:MX_USART1_Init	8	static
../Core/Src/main.c:471:13:MX_GPIO_Init	48	static
../Core/Src/main.c:517:6:StartSendDataToDACs	32	static
../Core/Src/main.c:562:6:StartTask02	16	static
../Core/Src/main.c:582:6:HAL_TIM_PeriodElapsedCallback	16	static
../Core/Src/main.c:599:6:Error_Handler	4	static,ignoring_inline_asm
