../Core/Src/main.c:106:5:main	88	static
../Core/Src/main.c:222:6:SystemClock_Config	88	static
../Core/Src/main.c:268:13:MX_SPI1_Init	8	static
../Core/Src/main.c:306:13:MX_SPI3_Init	8	static
../Core/Src/main.c:344:13:MX_SPI4_Init	8	static
../Core/Src/main.c:382:13:MX_SPI5_Init	8	static
../Core/Src/main.c:420:13:MX_USART1_Init	8	static
../Core/Src/main.c:454:13:MX_GPIO_Init	48	static
../Core/Src/main.c:500:6:StartSendDataToDACs	32	static
../Core/Src/main.c:539:6:HAL_TIM_PeriodElapsedCallback	16	static
../Core/Src/main.c:556:6:Error_Handler	4	static,ignoring_inline_asm
